Component: Arm Compiler for Embedded 6.21 Tool: armlink [5ec1fa00]

==============================================================================

Section Cross References

    startup_stm32f427xx.o(RESET) refers to startup_stm32f427xx.o(STACK) for __initial_sp
    startup_stm32f427xx.o(RESET) refers to startup_stm32f427xx.o(.text) for Reset_Handler
    startup_stm32f427xx.o(RESET) refers to stm32f4xx_it.o(.text.NMI_Handler) for NMI_Handler
    startup_stm32f427xx.o(RESET) refers to stm32f4xx_it.o(.text.HardFault_Handler) for HardFault_Handler
    startup_stm32f427xx.o(RESET) refers to stm32f4xx_it.o(.text.MemManage_Handler) for MemManage_Handler
    startup_stm32f427xx.o(RESET) refers to stm32f4xx_it.o(.text.BusFault_Handler) for BusFault_Handler
    startup_stm32f427xx.o(RESET) refers to stm32f4xx_it.o(.text.UsageFault_Handler) for UsageFault_Handler
    startup_stm32f427xx.o(RESET) refers to port.o(.text.SVC_Handler) for SVC_Handler
    startup_stm32f427xx.o(RESET) refers to stm32f4xx_it.o(.text.DebugMon_Handler) for DebugMon_Handler
    startup_stm32f427xx.o(RESET) refers to port.o(.text.PendSV_Handler) for PendSV_Handler
    startup_stm32f427xx.o(RESET) refers to stm32f4xx_it.o(.text.SysTick_Handler) for SysTick_Handler
    startup_stm32f427xx.o(RESET) refers to stm32f4xx_it.o(.text.EXTI2_IRQHandler) for EXTI2_IRQHandler
    startup_stm32f427xx.o(RESET) refers to stm32f4xx_it.o(.text.CAN1_RX0_IRQHandler) for CAN1_RX0_IRQHandler
    startup_stm32f427xx.o(RESET) refers to stm32f4xx_it.o(.text.CAN1_RX1_IRQHandler) for CAN1_RX1_IRQHandler
    startup_stm32f427xx.o(RESET) refers to stm32f4xx_it.o(.text.TIM8_UP_TIM13_IRQHandler) for TIM8_UP_TIM13_IRQHandler
    startup_stm32f427xx.o(RESET) refers to stm32f4xx_it.o(.text.USART6_IRQHandler) for USART6_IRQHandler
    startup_stm32f427xx.o(.text) refers to system_stm32f4xx.o(.text.SystemInit) for SystemInit
    startup_stm32f427xx.o(.text) refers to entry.o(.ARM.Collect$$$$00000000) for __main
    main.o(.text.fputc) refers to usart.o(.bss.huart6) for huart6
    main.o(.text.fputc) refers to stm32f4xx_hal_uart.o(.text.HAL_UART_Transmit) for HAL_UART_Transmit
    main.o(.ARM.exidx.text.fputc) refers to main.o(.text.fputc) for [Anonymous Symbol]
    main.o(.ARM.exidx.text.HAL_UART_RxCpltCallback) refers to main.o(.text.HAL_UART_RxCpltCallback) for [Anonymous Symbol]
    main.o(.text.main) refers to stm32f4xx_hal.o(.text.HAL_Init) for HAL_Init
    main.o(.text.main) refers to main.o(.text.SystemClock_Config) for SystemClock_Config
    main.o(.text.main) refers to gpio.o(.text.MX_GPIO_Init) for MX_GPIO_Init
    main.o(.text.main) refers to can.o(.text.MX_CAN1_Init) for MX_CAN1_Init
    main.o(.text.main) refers to usart.o(.text.MX_USART6_UART_Init) for MX_USART6_UART_Init
    main.o(.text.main) refers to bsp_can.o(.text.CAN_Filter_Init) for CAN_Filter_Init
    main.o(.text.main) refers to dm4310.o(.text.DM4310_Init) for DM4310_Init
    main.o(.text.main) refers to gm6020.o(.text.GM6020_Init) for GM6020_Init
    main.o(.text.main) refers to robottask.o(.text.FreeRTOS_Start) for FreeRTOS_Start
    main.o(.ARM.exidx.text.main) refers to main.o(.text.main) for [Anonymous Symbol]
    main.o(.text.SystemClock_Config) refers to stm32f4xx_hal_rcc.o(.text.HAL_RCC_OscConfig) for HAL_RCC_OscConfig
    main.o(.text.SystemClock_Config) refers to stm32f4xx_hal_pwr_ex.o(.text.HAL_PWREx_EnableOverDrive) for HAL_PWREx_EnableOverDrive
    main.o(.text.SystemClock_Config) refers to stm32f4xx_hal_rcc.o(.text.HAL_RCC_ClockConfig) for HAL_RCC_ClockConfig
    main.o(.ARM.exidx.text.SystemClock_Config) refers to main.o(.text.SystemClock_Config) for [Anonymous Symbol]
    main.o(.ARM.exidx.text.Error_Handler) refers to main.o(.text.Error_Handler) for [Anonymous Symbol]
    main.o(.text.HAL_TIM_PeriodElapsedCallback) refers to stm32f4xx_hal.o(.text.HAL_IncTick) for HAL_IncTick
    main.o(.ARM.exidx.text.HAL_TIM_PeriodElapsedCallback) refers to main.o(.text.HAL_TIM_PeriodElapsedCallback) for [Anonymous Symbol]
    gpio.o(.text.MX_GPIO_Init) refers to stm32f4xx_hal_gpio.o(.text.HAL_GPIO_WritePin) for HAL_GPIO_WritePin
    gpio.o(.text.MX_GPIO_Init) refers to stm32f4xx_hal_gpio.o(.text.HAL_GPIO_Init) for HAL_GPIO_Init
    gpio.o(.text.MX_GPIO_Init) refers to stm32f4xx_hal_cortex.o(.text.HAL_NVIC_SetPriority) for HAL_NVIC_SetPriority
    gpio.o(.text.MX_GPIO_Init) refers to stm32f4xx_hal_cortex.o(.text.HAL_NVIC_EnableIRQ) for HAL_NVIC_EnableIRQ
    gpio.o(.ARM.exidx.text.MX_GPIO_Init) refers to gpio.o(.text.MX_GPIO_Init) for [Anonymous Symbol]
    can.o(.text.MX_CAN1_Init) refers to can.o(.bss.hcan1) for hcan1
    can.o(.text.MX_CAN1_Init) refers to stm32f4xx_hal_can.o(.text.HAL_CAN_Init) for HAL_CAN_Init
    can.o(.text.MX_CAN1_Init) refers to main.o(.text.Error_Handler) for Error_Handler
    can.o(.ARM.exidx.text.MX_CAN1_Init) refers to can.o(.text.MX_CAN1_Init) for [Anonymous Symbol]
    can.o(.text.HAL_CAN_MspInit) refers to stm32f4xx_hal_gpio.o(.text.HAL_GPIO_Init) for HAL_GPIO_Init
[...]
    stm32f4xx_hal_msp.c                      0x00000000   Number         0  stm32f4xx_hal_msp.o ABSOLUTE
    stm32f4xx_hal_pwr.c                      0x00000000   Number         0  stm32f4xx_hal_pwr.o ABSOLUTE
    stm32f4xx_hal_pwr_ex.c                   0x00000000   Number         0  stm32f4xx_hal_pwr_ex.o ABSOLUTE
    stm32f4xx_hal_rcc.c                      0x00000000   Number         0  stm32f4xx_hal_rcc.o ABSOLUTE
    stm32f4xx_hal_rcc_ex.c                   0x00000000   Number         0  stm32f4xx_hal_rcc_ex.o ABSOLUTE
    stm32f4xx_hal_tim.c                      0x00000000   Number         0  stm32f4xx_hal_tim.o ABSOLUTE
    stm32f4xx_hal_tim_ex.c                   0x00000000   Number         0  stm32f4xx_hal_tim_ex.o ABSOLUTE
    stm32f4xx_hal_timebase_tim.c             0x00000000   Number         0  stm32f4xx_hal_timebase_tim.o ABSOLUTE
    stm32f4xx_hal_uart.c                     0x00000000   Number         0  stm32f4xx_hal_uart.o ABSOLUTE
    stm32f4xx_it.c                           0x00000000   Number         0  stm32f4xx_it.o ABSOLUTE
    stream_buffer.c                          0x00000000   Number         0  stream_buffer.o ABSOLUTE
    system_stm32f4xx.c                       0x00000000   Number         0  system_stm32f4xx.o ABSOLUTE
    tasks.c                                  0x00000000   Number         0  tasks.o ABSOLUTE
    timers.c                                 0x00000000   Number         0  timers.o ABSOLUTE
    usart.c                                  0x00000000   Number         0  usart.o ABSOLUTE
    RESET                                    0x08000000   Section      428  startup_stm32f427xx.o(RESET)
    .ARM.Collect$$$$00000000                 0x080001ac   Section        0  entry.o(.ARM.Collect$$$$00000000)
    .ARM.Collect$$$$00000001                 0x080001ac   Section        4  entry2.o(.ARM.Collect$$$$00000001)
    .ARM.Collect$$$$00000004                 0x080001b0   Section        4  entry5.o(.ARM.Collect$$$$00000004)
    .ARM.Collect$$$$00000008                 0x080001b4   Section        0  entry7b.o(.ARM.Collect$$$$00000008)
    .ARM.Collect$$$$0000000A                 0x080001b4   Section        0  entry8b.o(.ARM.Collect$$$$0000000A)
    .ARM.Collect$$$$0000000B                 0x080001b4   Section        8  entry9a.o(.ARM.Collect$$$$0000000B)
    __lit__00000000                          0x080001bc   Data           4  entry2.o(.ARM.Collect$$$$00002712)
    .ARM.Collect$$$$0000000D                 0x080001bc   Section        0  entry10a.o(.ARM.Collect$$$$0000000D)
    .ARM.Collect$$$$0000000F                 0x080001bc   Section        0  entry11a.o(.ARM.Collect$$$$0000000F)
    .ARM.Collect$$$$00002712                 0x080001bc   Section        4  entry2.o(.ARM.Collect$$$$00002712)
    $v0                                      0x080001c0   Number         0  startup_stm32f427xx.o(.text)
    .text                                    0x080001c0   Section       36  startup_stm32f427xx.o(.text)
    .text                                    0x080001e4   Section        0  uldiv.o(.text)
    .text                                    0x08000246   Section        0  memseta.o(.text)
    .text                                    0x0800026a   Section        0  uidiv.o(.text)
    .text                                    0x08000296   Section        0  llshl.o(.text)
    .text                                    0x080002b4   Section        0  llushr.o(.text)
    .text                                    0x080002d4   Section       48  init.o(.text)
    [Anonymous Symbol]                       0x08000304   Section        0  stm32f4xx_it.o(.text.BusFault_Handler)
    [Anonymous Symbol]                       0x08000308   Section        0  stm32f4xx_it.o(.text.CAN1_RX0_IRQHandler)
    [Anonymous Symbol]                       0x08000314   Section        0  stm32f4xx_it.o(.text.CAN1_RX1_IRQHandler)
    [Anonymous Symbol]                       0x08000320   Section        0  bsp_can.o(.text.CAN_Filter_Init)
    DM4310_Control_Task                      0x08000379   Thumb Code    46  robottask.o(.text.DM4310_Control_Task)
    [Anonymous Symbol]                       0x08000378   Section        0  robottask.o(.text.DM4310_Control_Task)
    [Anonymous Symbol]                       0x080003a8   Section        0  dm4310.o(.text.DM4310_DeInit)
    [Anonymous Symbol]                       0x08000438   Section        0  dm4310.o(.text.DM4310_Init)
    [Anonymous Symbol]                       0x080004c8   Section        0  dm4310.o(.text.DM4310_Set_Torque)
    [Anonymous Symbol]                       0x08000524   Section        0  stm32f4xx_it.o(.text.DebugMon_Handler)
    [Anonymous Symbol]                       0x08000528   Section        0  stm32f4xx_it.o(.text.EXTI2_IRQHandler)
    [Anonymous Symbol]                       0x08000530   Section        0  main.o(.text.Error_Handler)
    [Anonymous Symbol]                       0x08000538   Section        0  robottask.o(.text.FreeRTOS_Start)
    [Anonymous Symbol]                       0x08000574   Section        0  gm6020.o(.text.GM6020_Init)
    GM6020_Position_Task                     0x08000599   Thumb Code   140  robottask.o(.text.GM6020_Position_Task)
    [Anonymous Symbol]                       0x08000598   Section        0  robottask.o(.text.GM6020_Position_Task)
    [Anonymous Symbol]                       0x0800062c   Section        0  stm32f4xx_hal_can.o(.text.HAL_CAN_ActivateNotification)
    [Anonymous Symbol]                       0x08000654   Section        0  stm32f4xx_hal_can.o(.text.HAL_CAN_AddTxMessage)
    [Anonymous Symbol]                       0x080006ec   Section        0  stm32f4xx_hal_can.o(.text.HAL_CAN_ConfigFilter)
    [Anonymous Symbol]                       0x080007cc   Section        0  stm32f4xx_hal_can.o(.text.HAL_CAN_ErrorCallback)
    [Anonymous Symbol]                       0x080007d0   Section        0  stm32f4xx_hal_can.o(.text.HAL_CAN_GetRxMessage)
    [Anonymous Symbol]                       0x080008ec   Section        0  stm32f4xx_hal_can.o(.text.HAL_CAN_IRQHandler)
    [Anonymous Symbol]                       0x08000b30   Section        0  stm32f4xx_hal_can.o(.text.HAL_CAN_Init)
    [Anonymous Symbol]                       0x08000c24   Section        0  can.o(.text.HAL_CAN_MspInit)
    [Anonymous Symbol]                       0x08000cac   Section        0  stm32f4xx_hal_can.o(.text.HAL_CAN_RxFifo0FullCallback)
    [Anonymous Symbol]                       0x08000cb0   Section        0  dm4310.o(.text.HAL_CAN_RxFifo0MsgPendingCallback)
    [Anonymous Symbol]                       0x08000da0   Section        0  stm32f4xx_hal_can.o(.text.HAL_CAN_RxFifo1FullCallback)
    [Anonymous Symbol]                       0x08000da4   Section        0  gm6020.o(.text.HAL_CAN_RxFifo1MsgPendingCallback)
    [Anonymous Symbol]                       0x08000df0   Section        0  stm32f4xx_hal_can.o(.text.HAL_CAN_SleepCallback)
    [Anonymous Symbol]                       0x08000df4   Section        0  stm32f4xx_hal_can.o(.text.HAL_CAN_Start)
    [Anonymous Symbol]                       0x08000e50   Section        0  stm32f4xx_hal_can.o(.text.HAL_CAN_TxMailbox0AbortCallback)
    [Anonymous Symbol]                       0x08000e54   Section        0  stm32f4xx_hal_can.o(.text.HAL_CAN_TxMailbox0CompleteCallback)
    [Anonymous Symbol]                       0x08000e58   Section        0  stm32f4xx_hal_can.o(.text.HAL_CAN_TxMailbox1AbortCallback)
    [Anonymous Symbol]                       0x08000e5c   Section        0  stm32f4xx_hal_can.o(.text.HAL_CAN_TxMailbox1CompleteCallback)
    [Anonymous Symbol]                       0x08000e60   Section        0  stm32f4xx_hal_can.o(.text.HAL_CAN_TxMailbox2AbortCallback)
    [Anonymous Symbol]                       0x08000e64   Section        0  stm32f4xx_hal_can.o(.text.HAL_CAN_TxMailbox2CompleteCallback)
    [Anonymous Symbol]                       0x08000e68   Section        0  stm32f4xx_hal_can.o(.text.HAL_CAN_WakeUpFromRxMsgCallback)
    [Anonymous Symbol]                       0x08000e6c   Section        0  stm32f4xx_hal_dma.o(.text.HAL_DMA_Abort)
    [Anonymous Symbol]                       0x08000eec   Section        0  stm32f4xx_hal_dma.o(.text.HAL_DMA_Abort_IT)
    [Anonymous Symbol]                       0x08000f10   Section        0  stm32f4xx_hal.o(.text.HAL_Delay)
    [Anonymous Symbol]                       0x08000f38   Section        0  key.o(.text.HAL_GPIO_EXTI_Callback)
    [Anonymous Symbol]                       0x08000f8c   Section        0  stm32f4xx_hal_gpio.o(.text.HAL_GPIO_EXTI_IRQHandler)
    [Anonymous Symbol]                       0x08000fa4   Section        0  stm32f4xx_hal_gpio.o(.text.HAL_GPIO_Init)
    [Anonymous Symbol]                       0x08001144   Section        0  stm32f4xx_hal_gpio.o(.text.HAL_GPIO_WritePin)
    [Anonymous Symbol]                       0x08001150   Section        0  stm32f4xx_hal.o(.text.HAL_GetTick)
    [Anonymous Symbol]                       0x0800115c   Section        0  stm32f4xx_hal.o(.text.HAL_IncTick)
    [Anonymous Symbol]                       0x08001178   Section        0  stm32f4xx_hal.o(.text.HAL_Init)
    [Anonymous Symbol]                       0x080011b0   Section        0  stm32f4xx_hal_timebase_tim.o(.text.HAL_InitTick)
    [Anonymous Symbol]                       0x08001258   Section        0  stm32f4xx_hal_msp.o(.text.HAL_MspInit)
    [Anonymous Symbol]                       0x0800129c   Section        0  stm32f4xx_hal_cortex.o(.text.HAL_NVIC_EnableIRQ)
    [Anonymous Symbol]                       0x080012c0   Section        0  stm32f4xx_hal_cortex.o(.text.HAL_NVIC_SetPriority)
    [Anonymous Symbol]                       0x08001318   Section        0  stm32f4xx_hal_cortex.o(.text.HAL_NVIC_SetPriorityGrouping)
    [Anonymous Symbol]                       0x08001338   Section        0  stm32f4xx_hal_pwr_ex.o(.text.HAL_PWREx_EnableOverDrive)
    [Anonymous Symbol]                       0x080013b4   Section        0  stm32f4xx_hal_rcc.o(.text.HAL_RCC_ClockConfig)
    [Anonymous Symbol]                       0x08001514   Section        0  stm32f4xx_hal_rcc.o(.text.HAL_RCC_GetClockConfig)
    [Anonymous Symbol]                       0x08001554   Section        0  stm32f4xx_hal_rcc.o(.text.HAL_RCC_GetPCLK1Freq)
    [Anonymous Symbol]                       0x0800157c   Section        0  stm32f4xx_hal_rcc.o(.text.HAL_RCC_GetPCLK2Freq)
    [Anonymous Symbol]                       0x080015a4   Section        0  stm32f4xx_hal_rcc.o(.text.HAL_RCC_GetSysClockFreq)
    [Anonymous Symbol]                       0x0800160c   Section        0  stm32f4xx_hal_rcc.o(.text.HAL_RCC_OscConfig)
    [Anonymous Symbol]                       0x08001980   Section        0  stm32f4xx_hal_tim_ex.o(.text.HAL_TIMEx_BreakCallback)
    [Anonymous Symbol]                       0x08001984   Section        0  stm32f4xx_hal_tim_ex.o(.text.HAL_TIMEx_CommutCallback)
    [Anonymous Symbol]                       0x08001988   Section        0  stm32f4xx_hal_tim.o(.text.HAL_TIM_Base_Init)
    [Anonymous Symbol]                       0x080019e4   Section        0  stm32f4xx_hal_tim.o(.text.HAL_TIM_Base_MspInit)
    [Anonymous Symbol]                       0x080019e8   Section        0  stm32f4xx_hal_tim.o(.text.HAL_TIM_Base_Start_IT)
    [Anonymous Symbol]                       0x08001a90   Section        0  stm32f4xx_hal_tim.o(.text.HAL_TIM_IC_CaptureCallback)
    [Anonymous Symbol]                       0x08001a94   Section        0  stm32f4xx_hal_tim.o(.text.HAL_TIM_IRQHandler)
    [Anonymous Symbol]                       0x08001be0   Section        0  stm32f4xx_hal_tim.o(.text.HAL_TIM_OC_DelayElapsedCallback)
    [Anonymous Symbol]                       0x08001be4   Section        0  stm32f4xx_hal_tim.o(.text.HAL_TIM_PWM_PulseFinishedCallback)
    [Anonymous Symbol]                       0x08001be8   Section        0  main.o(.text.HAL_TIM_PeriodElapsedCallback)
    [Anonymous Symbol]                       0x08001bfc   Section        0  stm32f4xx_hal_tim.o(.text.HAL_TIM_TriggerCallback)
    [Anonymous Symbol]                       0x08001c00   Section        0  stm32f4xx_hal_uart.o(.text.HAL_UARTEx_RxEventCallback)
    [Anonymous Symbol]                       0x08001c04   Section        0  stm32f4xx_hal_uart.o(.text.HAL_UART_ErrorCallback)
    [Anonymous Symbol]                       0x08001c08   Section        0  stm32f4xx_hal_uart.o(.text.HAL_UART_IRQHandler)
    [Anonymous Symbol]                       0x08002180   Section        0  stm32f4xx_hal_uart.o(.text.HAL_UART_Init)
    [Anonymous Symbol]                       0x080021e0   Section        0  usart.o(.text.HAL_UART_MspInit)
    [Anonymous Symbol]                       0x0800225c   Section        0  main.o(.text.HAL_UART_RxCpltCallback)
    [Anonymous Symbol]                       0x08002260   Section        0  stm32f4xx_hal_uart.o(.text.HAL_UART_Transmit)
    [Anonymous Symbol]                       0x08002344   Section        0  stm32f4xx_hal_uart.o(.text.HAL_UART_TxCpltCallback)
    [Anonymous Symbol]                       0x08002348   Section        0  stm32f4xx_it.o(.text.HardFault_Handler)
    [Anonymous Symbol]                       0x0800234c   Section        0  can.o(.text.MX_CAN1_Init)
    [Anonymous Symbol]                       0x08002388   Section        0  gpio.o(.text.MX_GPIO_Init)
    [Anonymous Symbol]                       0x08002468   Section        0  usart.o(.text.MX_USART6_UART_Init)
    [Anonymous Symbol]                       0x080024a4   Section        0  stm32f4xx_it.o(.text.MemManage_Handler)
    [Anonymous Symbol]                       0x080024a8   Section        0  stm32f4xx_it.o(.text.NMI_Handler)
    [Anonymous Symbol]                       0x080024ac   Section        0  pid.o(.text.PID_Calculate)
    [Anonymous Symbol]                       0x08002620   Section        0  pid.o(.text.PID_Init)
    [Anonymous Symbol]                       0x08002650   Section        0  port.o(.text.PendSV_Handler)
    pxCurrentTCBConst                        0x080026b0   Number         0  port.o(.text.PendSV_Handler)
    [Anonymous Symbol]                       0x080026c0   Section        0  port.o(.text.SVC_Handler)
    pxCurrentTCBConst2                       0x080026e0   Number         0  port.o(.text.SVC_Handler)
    [Anonymous Symbol]                       0x080026e4   Section        0  stm32f4xx_it.o(.text.SysTick_Handler)
    [Anonymous Symbol]                       0x080026f8   Section        0  main.o(.text.SystemClock_Config)
    [Anonymous Symbol]                       0x080027b0   Section        0  system_stm32f4xx.o(.text.SystemInit)
    [Anonymous Symbol]                       0x080027c4   Section        0  stm32f4xx_it.o(.text.TIM8_UP_TIM13_IRQHandler)
    [Anonymous Symbol]                       0x080027d0   Section        0  stm32f4xx_hal_tim.o(.text.TIM_Base_SetConfig)
    Track_Stack_Task                         0x080028fd   Thumb Code    68  robottask.o(.text.Track_Stack_Task)
    [Anonymous Symbol]                       0x080028fc   Section        0  robottask.o(.text.Track_Stack_Task)
    UART_DMAAbortOnError                     0x08002989   Thumb Code    10  stm32f4xx_hal_uart.o(.text.UART_DMAAbortOnError)
    [Anonymous Symbol]                       0x08002988   Section        0  stm32f4xx_hal_uart.o(.text.UART_DMAAbortOnError)
    UART_Receive_IT                          0x08002995   Thumb Code   250  stm32f4xx_hal_uart.o(.text.UART_Receive_IT)
    [Anonymous Symbol]                       0x08002994   Section        0  stm32f4xx_hal_uart.o(.text.UART_Receive_IT)
    UART_SetConfig                           0x08002a91   Thumb Code   232  stm32f4xx_hal_uart.o(.text.UART_SetConfig)
    [Anonymous Symbol]                       0x08002a90   Section        0  stm32f4xx_hal_uart.o(.text.UART_SetConfig)
    [Anonymous Symbol]                       0x08002b78   Section        0  stm32f4xx_it.o(.text.USART6_IRQHandler)
    [Anonymous Symbol]                       0x08002b84   Section        0  stm32f4xx_it.o(.text.UsageFault_Handler)
    [Anonymous Symbol]                       0x08002b88   Section        0  main.o(.text.fputc)
    [Anonymous Symbol]                       0x08002ba8   Section        0  gm6020.o(.text.gm6020_set_current)
    [Anonymous Symbol]                       0x08002bf0   Section        0  main.o(.text.main)
    prvIdleTask                              0x08002c19   Thumb Code   118  tasks.o(.text.prvIdleTask)
    [Anonymous Symbol]                       0x08002c18   Section        0  tasks.o(.text.prvIdleTask)
    prvPortStartFirstTask                    0x08002c91   Thumb Code    34  port.o(.text.prvPortStartFirstTask)
    [Anonymous Symbol]                       0x08002c90   Section        0  port.o(.text.prvPortStartFirstTask)
    prvTaskExitError                         0x08002cb9   Thumb Code    46  port.o(.text.prvTaskExitError)
    [Anonymous Symbol]                       0x08002cb8   Section        0  port.o(.text.prvTaskExitError)
    [Anonymous Symbol]                       0x08002ce8   Section        0  heap_4.o(.text.pvPortMalloc)
    [Anonymous Symbol]                       0x08002e5c   Section        0  port.o(.text.pxPortInitialiseStack)
    [Anonymous Symbol]                       0x08002e80   Section        0  robottask.o(.text.startTask)
    [Anonymous Symbol]                       0x08002f28   Section        0  list.o(.text.uxListRemove)
    [Anonymous Symbol]                       0x08002f4c   Section        0  tasks.o(.text.uxTaskGetStackHighWaterMark)
    [Anonymous Symbol]                       0x08002f98   Section        0  list.o(.text.vListInitialise)
    [Anonymous Symbol]                       0x08002fb0   Section        0  list.o(.text.vListInitialiseItem)
    [Anonymous Symbol]                       0x08002fb8   Section        0  list.o(.text.vListInsert)
    [Anonymous Symbol]                       0x08003018   Section        0  list.o(.text.vListInsertEnd)
    vPortEnableVFP                           0x08003035   Thumb Code    14  port.o(.text.vPortEnableVFP)
    [Anonymous Symbol]                       0x08003034   Section        0  port.o(.text.vPortEnableVFP)
    [Anonymous Symbol]                       0x08003048   Section        0  port.o(.text.vPortEnterCritical)
    [Anonymous Symbol]                       0x08003068   Section        0  port.o(.text.vPortExitCritical)
    [Anonymous Symbol]                       0x08003084   Section        0  heap_4.o(.text.vPortFree)
    [Anonymous Symbol]                       0x08003134   Section        0  port.o(.text.vPortSetupTimerInterrupt)
    [Anonymous Symbol]                       0x08003154   Section        0  tasks.o(.text.vTaskDelay)
    [Anonymous Symbol]                       0x0800320c   Section        0  tasks.o(.text.vTaskDelete)
    [Anonymous Symbol]                       0x08003310   Section        0  tasks.o(.text.vTaskStartScheduler)
    [Anonymous Symbol]                       0x0800338c   Section        0  tasks.o(.text.vTaskSuspendAll)
    [Anonymous Symbol]                       0x0800339c   Section        0  tasks.o(.text.vTaskSwitchContext)
    [Anonymous Symbol]                       0x0800340c   Section        0  port.o(.text.xPortStartScheduler)
    [Anonymous Symbol]                       0x0800347c   Section        0  port.o(.text.xPortSysTickHandler)
    [Anonymous Symbol]                       0x080034ac   Section        0  tasks.o(.text.xTaskCreate)
    [Anonymous Symbol]                       0x08003868   Section        0  tasks.o(.text.xTaskGetSchedulerState)
    [Anonymous Symbol]                       0x08003890   Section        0  tasks.o(.text.xTaskIncrementTick)
    [Anonymous Symbol]                       0x08003a24   Section        0  tasks.o(.text.xTaskResumeAll)
    i.__0printf$6                            0x08003b90   Section        0  printf6.o(i.__0printf$6)
    i.__scatterload_copy                     0x08003bb0   Section       14  handlers.o(i.__scatterload_copy)
    i.__scatterload_null                     0x08003bbe   Section        2  handlers.o(i.__scatterload_null)
    i.__scatterload_zeroinit                 0x08003bc0   Section       14  handlers.o(i.__scatterload_zeroinit)
    _printf_core                             0x08003bd1   Thumb Code   748  printf6.o(i._printf_core)
    i._printf_core                           0x08003bd0   Section        0  printf6.o(i._printf_core)
    _printf_post_padding                     0x08003ec1   Thumb Code    36  printf6.o(i._printf_post_padding)
    i._printf_post_padding                   0x08003ec0   Section        0  printf6.o(i._printf_post_padding)
    _printf_pre_padding                      0x08003ee5   Thumb Code    46  printf6.o(i._printf_pre_padding)
    i._printf_pre_padding                    0x08003ee4   Section        0  printf6.o(i._printf_pre_padding)
    uxTopUsedPriority                        0x08003f2c   Data           4  tasks.o(.rodata.uxTopUsedPriority)
    [Anonymous Symbol]                       0x08003f2c   Section        0  tasks.o(.rodata.uxTopUsedPriority)
    .data                                    0x20000000   Section        4  stdout.o(.data)
    uxCriticalNesting                        0x20000090   Data           4  port.o(.data.uxCriticalNesting)
    [Anonymous Symbol]                       0x20000090   Section        0  port.o(.data.uxCriticalNesting)
    PID_Calculate.last_derivative            0x200000c8   Data           4  pid.o(.bss.PID_Calculate.last_derivative)
    [Anonymous Symbol]                       0x200000c8   Section        0  pid.o(.bss.PID_Calculate.last_derivative)
    pxDelayedTaskList                        0x200001b8   Data           4  tasks.o(.bss.pxDelayedTaskList)
    [Anonymous Symbol]                       0x200001b8   Section        0  tasks.o(.bss.pxDelayedTaskList)
    pxEnd                                    0x200001bc   Data           4  heap_4.o(.bss.pxEnd)
    [Anonymous Symbol]                       0x200001bc   Section        0  heap_4.o(.bss.pxEnd)
    pxOverflowDelayedTaskList                0x200001c0   Data           4  tasks.o(.bss.pxOverflowDelayedTaskList)
    [Anonymous Symbol]                       0x200001c0   Section        0  tasks.o(.bss.pxOverflowDelayedTaskList)
    pxReadyTasksLists                        0x200001c4   Data         640  tasks.o(.bss.pxReadyTasksLists)
    [Anonymous Symbol]                       0x200001c4   Section        0  tasks.o(.bss.pxReadyTasksLists)
    ucHeap                                   0x20000458   Data       17408  heap_4.o(.bss.ucHeap)
    [Anonymous Symbol]                       0x20000458   Section        0  heap_4.o(.bss.ucHeap)
    uxCurrentNumberOfTasks                   0x2000485c   Data           4  tasks.o(.bss.uxCurrentNumberOfTasks)
    [Anonymous Symbol]                       0x2000485c   Section        0  tasks.o(.bss.uxCurrentNumberOfTasks)
    uxDeletedTasksWaitingCleanUp             0x20004860   Data           4  tasks.o(.bss.uxDeletedTasksWaitingCleanUp)
    [Anonymous Symbol]                       0x20004860   Section        0  tasks.o(.bss.uxDeletedTasksWaitingCleanUp)
    uxSchedulerSuspended                     0x20004864   Data           4  tasks.o(.bss.uxSchedulerSuspended)
    [Anonymous Symbol]                       0x20004864   Section        0  tasks.o(.bss.uxSchedulerSuspended)
    uxTaskNumber                             0x20004868   Data           4  tasks.o(.bss.uxTaskNumber)
    [Anonymous Symbol]                       0x20004868   Section        0  tasks.o(.bss.uxTaskNumber)
    uxTopReadyPriority                       0x2000486c   Data           4  tasks.o(.bss.uxTopReadyPriority)
    [Anonymous Symbol]                       0x2000486c   Section        0  tasks.o(.bss.uxTopReadyPriority)
    xDelayedTaskList1                        0x20004870   Data          20  tasks.o(.bss.xDelayedTaskList1)
    [Anonymous Symbol]                       0x20004870   Section        0  tasks.o(.bss.xDelayedTaskList1)
    xDelayedTaskList2                        0x20004884   Data          20  tasks.o(.bss.xDelayedTaskList2)
    [Anonymous Symbol]                       0x20004884   Section        0  tasks.o(.bss.xDelayedTaskList2)
    xFreeBytesRemaining                      0x20004898   Data           4  heap_4.o(.bss.xFreeBytesRemaining)
    [Anonymous Symbol]                       0x20004898   Section        0  heap_4.o(.bss.xFreeBytesRemaining)
    xIdleTaskHandles                         0x2000489c   Data           4  tasks.o(.bss.xIdleTaskHandles)
    [Anonymous Symbol]                       0x2000489c   Section        0  tasks.o(.bss.xIdleTaskHandles)
    xMinimumEverFreeBytesRemaining           0x200048a0   Data           4  heap_4.o(.bss.xMinimumEverFreeBytesRemaining)
    [Anonymous Symbol]                       0x200048a0   Section        0  heap_4.o(.bss.xMinimumEverFreeBytesRemaining)
    xNextTaskUnblockTime                     0x200048a4   Data           4  tasks.o(.bss.xNextTaskUnblockTime)
    [Anonymous Symbol]                       0x200048a4   Section        0  tasks.o(.bss.xNextTaskUnblockTime)
    xNumOfOverflows                          0x200048a8   Data           4  tasks.o(.bss.xNumOfOverflows)
    [Anonymous Symbol]                       0x200048a8   Section        0  tasks.o(.bss.xNumOfOverflows)
    xNumberOfSuccessfulAllocations           0x200048ac   Data           4  heap_4.o(.bss.xNumberOfSuccessfulAllocations)
    [Anonymous Symbol]                       0x200048ac   Section        0  heap_4.o(.bss.xNumberOfSuccessfulAllocations)
    xNumberOfSuccessfulFrees                 0x200048b0   Data           4  heap_4.o(.bss.xNumberOfSuccessfulFrees)
    [Anonymous Symbol]                       0x200048b0   Section        0  heap_4.o(.bss.xNumberOfSuccessfulFrees)
    xPendedTicks                             0x200048b4   Data           4  tasks.o(.bss.xPendedTicks)
    [Anonymous Symbol]                       0x200048b4   Section        0  tasks.o(.bss.xPendedTicks)
    xPendingReadyList                        0x200048b8   Data          20  tasks.o(.bss.xPendingReadyList)
    [Anonymous Symbol]                       0x200048b8   Section        0  tasks.o(.bss.xPendingReadyList)
    xSchedulerRunning                        0x200048cc   Data           4  tasks.o(.bss.xSchedulerRunning)
    [Anonymous Symbol]                       0x200048cc   Section        0  tasks.o(.bss.xSchedulerRunning)
    xStart                                   0x200048d0   Data           8  heap_4.o(.bss.xStart)
    [Anonymous Symbol]                       0x200048d0   Section        0  heap_4.o(.bss.xStart)
    xSuspendedTaskList                       0x200048d8   Data          20  tasks.o(.bss.xSuspendedTaskList)
    [Anonymous Symbol]                       0x200048d8   Section        0  tasks.o(.bss.xSuspendedTaskList)
    xTasksWaitingTermination                 0x200048ec   Data          20  tasks.o(.bss.xTasksWaitingTermination)
    [Anonymous Symbol]                       0x200048ec   Section        0  tasks.o(.bss.xTasksWaitingTermination)
    xTickCount                               0x20004900   Data           4  tasks.o(.bss.xTickCount)
    [Anonymous Symbol]                       0x20004900   Section        0  tasks.o(.bss.xTickCount)
    xYieldPendings                           0x20004904   Data           4  tasks.o(.bss.xYieldPendings)
    [Anonymous Symbol]                       0x20004904   Section        0  tasks.o(.bss.xYieldPendings)
    STACK                                    0x20004908   Section     1024  startup_stm32f427xx.o(STACK)

    Global Symbols

    Symbol Name                              Value     Ov Type        Size  Object(Section)

    BuildAttributes$$THM_ISAv4$E$P$D$K$B$S$7EM$VFPi3$EXTD16$VFPS$VFMA$PE$A:L22UL41UL21$X:L11$S22US41US21$IEEE1$IW$~IW$USESV6$~STKCKD$USESV7$~SHL$OTIME$ROPI$EBA8$MICROLIB$REQ8$PRES8$EABIv2 0x00000000   Number         0  anon$$obj.o ABSOLUTE
    _printf_a                                0x00000000   Number         0  printfstubs.o ABSOLUTE
    _printf_c                                0x00000000   Number         0  printfstubs.o ABSOLUTE
    _printf_charcount                        0x00000000   Number         0  printfstubs.o ABSOLUTE
    _printf_d                                0x00000000   Number         0  printfstubs.o ABSOLUTE
    _printf_e                                0x00000000   Number         0  printfstubs.o ABSOLUTE
    _printf_f                                0x00000000   Number         0  printfstubs.o ABSOLUTE
    _printf_flags                            0x00000000   Number         0  printfstubs.o ABSOLUTE
    _printf_fp_dec                           0x00000000   Number         0  printfstubs.o ABSOLUTE
    _printf_fp_hex                           0x00000000   Number         0  printfstubs.o ABSOLUTE
    _printf_g                                0x00000000   Number         0  printfstubs.o ABSOLUTE
    _printf_i                                0x00000000   Number         0  printfstubs.o ABSOLUTE
    _printf_int_dec                          0x00000000   Number         0  printfstubs.o ABSOLUTE
    _printf_l                                0x00000000   Number         0  printfstubs.o ABSOLUTE
    _printf_lc                               0x00000000   Number         0  printfstubs.o ABSOLUTE
    _printf_ll                               0x00000000   Number         0  printfstubs.o ABSOLUTE
    _printf_lld                              0x00000000   Number         0  printfstubs.o ABSOLUTE
    _printf_lli                              0x00000000   Number         0  printfstubs.o ABSOLUTE
    _printf_llo                              0x00000000   Number         0  printfstubs.o ABSOLUTE
    _printf_llu                              0x00000000   Number         0  printfstubs.o ABSOLUTE
    _printf_llx                              0x00000000   Number         0  printfstubs.o ABSOLUTE
    _printf_longlong_dec                     0x00000000   Number         0  printfstubs.o ABSOLUTE
    _printf_longlong_hex                     0x00000000   Number         0  printfstubs.o ABSOLUTE
    _printf_longlong_oct                     0x00000000   Number         0  printfstubs.o ABSOLUTE
    _printf_ls                               0x00000000   Number         0  printfstubs.o ABSOLUTE
    _printf_mbtowc                           0x00000000   Number         0  printfstubs.o ABSOLUTE
    _printf_n                                0x00000000   Number         0  printfstubs.o ABSOLUTE
    _printf_o                                0x00000000   Number         0  printfstubs.o ABSOLUTE
    _printf_p                                0x00000000   Number         0  printfstubs.o ABSOLUTE
    _printf_percent                          0x00000000   Number         0  printfstubs.o ABSOLUTE
    _printf_pre_padding                      0x00000000   Number         0  printfstubs.o ABSOLUTE
    _printf_return_value                     0x00000000   Number         0  printfstubs.o ABSOLUTE
    _printf_s                                0x00000000   Number         0  printfstubs.o ABSOLUTE
    _printf_sizespec                         0x00000000   Number         0  printfstubs.o ABSOLUTE
    _printf_str                              0x00000000   Number         0  printfstubs.o ABSOLUTE
    _printf_truncate_signed                  0x00000000   Number         0  printfstubs.o ABSOLUTE
    _printf_truncate_unsigned                0x00000000   Number         0  printfstubs.o ABSOLUTE
    _printf_u                                0x00000000   Number         0  printfstubs.o ABSOLUTE
    _printf_wc                               0x00000000   Number         0  printfstubs.o ABSOLUTE
    _printf_wctomb                           0x00000000   Number         0  printfstubs.o ABSOLUTE
    _printf_widthprec                        0x00000000   Number         0  printfstubs.o ABSOLUTE
    _printf_x                                0x00000000   Number         0  printfstubs.o ABSOLUTE
    __cpp_initialize__aeabi_                  - Undefined Weak Reference
    __cxa_finalize                            - Undefined Weak Reference
    __decompress                              - Undefined Weak Reference
    _clock_init                               - Undefined Weak Reference
    _microlib_exit                            - Undefined Weak Reference
    __Vectors_Size                           0x000001ac   Number         0  startup_stm32f427xx.o ABSOLUTE
    __Vectors                                0x08000000   Data           4  startup_stm32f427xx.o(RESET)
    __Vectors_End                            0x080001ac   Data           0  startup_stm32f427xx.o(RESET)
    __main                                   0x080001ad   Thumb Code     0  entry.o(.ARM.Collect$$$$00000000)
    _main_stk                                0x080001ad   Thumb Code     0  entry2.o(.ARM.Collect$$$$00000001)
    _main_scatterload                        0x080001b1   Thumb Code     0  entry5.o(.ARM.Collect$$$$00000004)
    __main_after_scatterload                 0x080001b5   Thumb Code     0  entry5.o(.ARM.Collect$$$$00000004)
    _main_clock                              0x080001b5   Thumb Code     0  entry7b.o(.ARM.Collect$$$$00000008)
    _main_cpp_init                           0x080001b5   Thumb Code     0  entry8b.o(.ARM.Collect$$$$0000000A)
    _main_init                               0x080001b5   Thumb Code     0  entry9a.o(.ARM.Collect$$$$0000000B)
    __rt_final_cpp                           0x080001bd   Thumb Code     0  entry10a.o(.ARM.Collect$$$$0000000D)
    __rt_final_exit                          0x080001bd   Thumb Code     0  entry11a.o(.ARM.Collect$$$$0000000F)
    Reset_Handler                            0x080001c1   Thumb Code     8  startup_stm32f427xx.o(.text)
    ADC_IRQHandler                           0x080001db   Thumb Code     0  startup_stm32f427xx.o(.text)
    CAN1_SCE_IRQHandler                      0x080001db   Thumb Code     0  startup_stm32f427xx.o(.text)
    CAN1_TX_IRQHandler                       0x080001db   Thumb Code     0  startup_stm32f427xx.o(.text)
    CAN2_RX0_IRQHandler                      0x080001db   Thumb Code     0  startup_stm32f427xx.o(.text)
    CAN2_RX1_IRQHandler                      0x080001db   Thumb Code     0  startup_stm32f427xx.o(.text)
    CAN2_SCE_IRQHandler                      0x080001db   Thumb Code     0  startup_stm32f427xx.o(.text)
    CAN2_TX_IRQHandler                       0x080001db   Thumb Code     0  startup_stm32f427xx.o(.text)
    DCMI_IRQHandler                          0x080001db   Thumb Code     0  startup_stm32f427xx.o(.text)
    DMA1_Stream0_IRQHandler                  0x080001db   Thumb Code     0  startup_stm32f427xx.o(.text)
    DMA1_Stream1_IRQHandler                  0x080001db   Thumb Code     0  startup_stm32f427xx.o(.text)
    DMA1_Stream2_IRQHandler                  0x080001db   Thumb Code     0  startup_stm32f427xx.o(.text)
    DMA1_Stream3_IRQHandler                  0x080001db   Thumb Code     0  startup_stm32f427xx.o(.text)
    DMA1_Stream4_IRQHandler                  0x080001db   Thumb Code     0  startup_stm32f427xx.o(.text)
    DMA1_Stream5_IRQHandler                  0x080001db   Thumb Code     0  startup_stm32f427xx.o(.text)
    DMA1_Stream6_IRQHandler                  0x080001db   Thumb Code     0  startup_stm32f427xx.o(.text)
    DMA1_Stream7_IRQHandler                  0x080001db   Thumb Code     0  startup_stm32f427xx.o(.text)
    DMA2D_IRQHandler                         0x080001db   Thumb Code     0  startup_stm32f427xx.o(.text)
    DMA2_Stream0_IRQHandler                  0x080001db   Thumb Code     0  startup_stm32f427xx.o(.text)
    DMA2_Stream1_IRQHandler                  0x080001db   Thumb Code     0  startup_stm32f427xx.o(.text)
    DMA2_Stream2_IRQHandler                  0x080001db   Thumb Code     0  startup_stm32f427xx.o(.text)
    DMA2_Stream3_IRQHandler                  0x080001db   Thumb Code     0  startup_stm32f427xx.o(.text)
    DMA2_Stream4_IRQHandler                  0x080001db   Thumb Code     0  startup_stm32f427xx.o(.text)
    DMA2_Stream5_IRQHandler                  0x080001db   Thumb Code     0  startup_stm32f427xx.o(.text)
    DMA2_Stream6_IRQHandler                  0x080001db   Thumb Code     0  startup_stm32f427xx.o(.text)
    DMA2_Stream7_IRQHandler                  0x080001db   Thumb Code     0  startup_stm32f427xx.o(.text)
    ETH_IRQHandler                           0x080001db   Thumb Code     0  startup_stm32f427xx.o(.text)
    ETH_WKUP_IRQHandler                      0x080001db   Thumb Code     0  startup_stm32f427xx.o(.text)
    EXTI0_IRQHandler                         0x080001db   Thumb Code     0  startup_stm32f427xx.o(.text)
    EXTI15_10_IRQHandler                     0x080001db   Thumb Code     0  startup_stm32f427xx.o(.text)
    EXTI1_IRQHandler                         0x080001db   Thumb Code     0  startup_stm32f427xx.o(.text)
    EXTI3_IRQHandler                         0x080001db   Thumb Code     0  startup_stm32f427xx.o(.text)
    EXTI4_IRQHandler                         0x080001db   Thumb Code     0  startup_stm32f427xx.o(.text)
    EXTI9_5_IRQHandler                       0x080001db   Thumb Code     0  startup_stm32f427xx.o(.text)
    FLASH_IRQHandler                         0x080001db   Thumb Code     0  startup_stm32f427xx.o(.text)
    FMC_IRQHandler                           0x080001db   Thumb Code     0  startup_stm32f427xx.o(.text)
    FPU_IRQHandler                           0x080001db   Thumb Code     0  startup_stm32f427xx.o(.text)
    HASH_RNG_IRQHandler                      0x080001db   Thumb Code     0  startup_stm32f427xx.o(.text)
    I2C1_ER_IRQHandler                       0x080001db   Thumb Code     0  startup_stm32f427xx.o(.text)
    I2C1_EV_IRQHandler                       0x080001db   Thumb Code     0  startup_stm32f427xx.o(.text)
    I2C2_ER_IRQHandler                       0x080001db   Thumb Code     0  startup_stm32f427xx.o(.text)
    I2C2_EV_IRQHandler                       0x080001db   Thumb Code     0  startup_stm32f427xx.o(.text)
    I2C3_ER_IRQHandler                       0x080001db   Thumb Code     0  startup_stm32f427xx.o(.text)
    I2C3_EV_IRQHandler                       0x080001db   Thumb Code     0  startup_stm32f427xx.o(.text)
    OTG_FS_IRQHandler                        0x080001db   Thumb Code     0  startup_stm32f427xx.o(.text)
    OTG_FS_WKUP_IRQHandler                   0x080001db   Thumb Code     0  startup_stm32f427xx.o(.text)
    OTG_HS_EP1_IN_IRQHandler                 0x080001db   Thumb Code     0  startup_stm32f427xx.o(.text)
    OTG_HS_EP1_OUT_IRQHandler                0x080001db   Thumb Code     0  startup_stm32f427xx.o(.text)
    OTG_HS_IRQHandler                        0x080001db   Thumb Code     0  startup_stm32f427xx.o(.text)
    OTG_HS_WKUP_IRQHandler                   0x080001db   Thumb Code     0  startup_stm32f427xx.o(.text)
    PVD_IRQHandler                           0x080001db   Thumb Code     0  startup_stm32f427xx.o(.text)
    RCC_IRQHandler                           0x080001db   Thumb Code     0  startup_stm32f427xx.o(.text)
    RTC_Alarm_IRQHandler                     0x080001db   Thumb Code     0  startup_stm32f427xx.o(.text)
    RTC_WKUP_IRQHandler                      0x080001db   Thumb Code     0  startup_stm32f427xx.o(.text)
    SAI1_IRQHandler                          0x080001db   Thumb Code     0  startup_stm32f427xx.o(.text)
    SDIO_IRQHandler                          0x080001db   Thumb Code     0  startup_stm32f427xx.o(.text)
    SPI1_IRQHandler                          0x080001db   Thumb Code     0  startup_stm32f427xx.o(.text)
    SPI2_IRQHandler                          0x080001db   Thumb Code     0  startup_stm32f427xx.o(.text)
    SPI3_IRQHandler                          0x080001db   Thumb Code     0  startup_stm32f427xx.o(.text)
    SPI4_IRQHandler                          0x080001db   Thumb Code     0  startup_stm32f427xx.o(.text)
    SPI5_IRQHandler                          0x080001db   Thumb Code     0  startup_stm32f427xx.o(.text)
    SPI6_IRQHandler                          0x080001db   Thumb Code     0  startup_stm32f427xx.o(.text)
    TAMP_STAMP_IRQHandler                    0x080001db   Thumb Code     0  startup_stm32f427xx.o(.text)
    TIM1_BRK_TIM9_IRQHandler                 0x080001db   Thumb Code     0  startup_stm32f427xx.o(.text)
    TIM1_CC_IRQHandler                       0x080001db   Thumb Code     0  startup_stm32f427xx.o(.text)
    TIM1_TRG_COM_TIM11_IRQHandler            0x080001db   Thumb Code     0  startup_stm32f427xx.o(.text)
    TIM1_UP_TIM10_IRQHandler                 0x080001db   Thumb Code     0  startup_stm32f427xx.o(.text)
    TIM2_IRQHandler                          0x080001db   Thumb Code     0  startup_stm32f427xx.o(.text)
    TIM3_IRQHandler                          0x080001db   Thumb Code     0  startup_stm32f427xx.o(.text)
    TIM4_IRQHandler                          0x080001db   Thumb Code     0  startup_stm32f427xx.o(.text)
    TIM5_IRQHandler                          0x080001db   Thumb Code     0  startup_stm32f427xx.o(.text)
    TIM6_DAC_IRQHandler                      0x080001db   Thumb Code     0  startup_stm32f427xx.o(.text)
    TIM7_IRQHandler                          0x080001db   Thumb Code     0  startup_stm32f427xx.o(.text)
    TIM8_BRK_TIM12_IRQHandler                0x080001db   Thumb Code     0  startup_stm32f427xx.o(.text)
    TIM8_CC_IRQHandler                       0x080001db   Thumb Code     0  startup_stm32f427xx.o(.text)
    TIM8_TRG_COM_TIM14_IRQHandler            0x080001db   Thumb Code     0  startup_stm32f427xx.o(.text)
    UART4_IRQHandler                         0x080001db   Thumb Code     0  startup_stm32f427xx.o(.text)
    UART5_IRQHandler                         0x080001db   Thumb Code     0  startup_stm32f427xx.o(.text)
    UART7_IRQHandler                         0x080001db   Thumb Code     0  startup_stm32f427xx.o(.text)
    UART8_IRQHandler                         0x080001db   Thumb Code     0  startup_stm32f427xx.o(.text)
    USART1_IRQHandler                        0x080001db   Thumb Code     0  startup_stm32f427xx.o(.text)
    USART2_IRQHandler                        0x080001db   Thumb Code     0  startup_stm32f427xx.o(.text)
    USART3_IRQHandler                        0x080001db   Thumb Code     0  startup_stm32f427xx.o(.text)
    WWDG_IRQHandler                          0x080001db   Thumb Code     0  startup_stm32f427xx.o(.text)
    __aeabi_uldivmod                         0x080001e5   Thumb Code    98  uldiv.o(.text)
    __aeabi_memset                           0x08000247   Thumb Code    14  memseta.o(.text)
    __aeabi_memset4                          0x08000247   Thumb Code     0  memseta.o(.text)
    __aeabi_memset8                          0x08000247   Thumb Code     0  memseta.o(.text)
    __aeabi_memclr                           0x08000255   Thumb Code     4  memseta.o(.text)
    __aeabi_memclr4                          0x08000255   Thumb Code     0  memseta.o(.text)
    __aeabi_memclr8                          0x08000255   Thumb Code     0  memseta.o(.text)
    _memset$wrapper                          0x08000259   Thumb Code    18  memseta.o(.text)
    __aeabi_uidiv                            0x0800026b   Thumb Code     0  uidiv.o(.text)
    __aeabi_uidivmod                         0x0800026b   Thumb Code    44  uidiv.o(.text)
    __aeabi_llsl                             0x08000297   Thumb Code    30  llshl.o(.text)
    _ll_shift_l                              0x08000297   Thumb Code     0  llshl.o(.text)
    __aeabi_llsr                             0x080002b5   Thumb Code    32  llushr.o(.text)
    _ll_ushift_r                             0x080002b5   Thumb Code     0  llushr.o(.text)
    __scatterload                            0x080002d5   Thumb Code    38  init.o(.text)
    __scatterload_rt2                        0x080002d5   Thumb Code     0  init.o(.text)
    BusFault_Handler                         0x08000305   Thumb Code     2  stm32f4xx_it.o(.text.BusFault_Handler)
    CAN1_RX0_IRQHandler                      0x08000309   Thumb Code    12  stm32f4xx_it.o(.text.CAN1_RX0_IRQHandler)
    CAN1_RX1_IRQHandler                      0x08000315   Thumb Code    12  stm32f4xx_it.o(.text.CAN1_RX1_IRQHandler)
    CAN_Filter_Init                          0x08000321   Thumb Code    86  bsp_can.o(.text.CAN_Filter_Init)
    DM4310_DeInit                            0x080003a9   Thumb Code   142  dm4310.o(.text.DM4310_DeInit)
    DM4310_Init                              0x08000439   Thumb Code   142  dm4310.o(.text.DM4310_Init)
    DM4310_Set_Torque                        0x080004c9   Thumb Code    88  dm4310.o(.text.DM4310_Set_Torque)
    DebugMon_Handler                         0x08000525   Thumb Code     2  stm32f4xx_it.o(.text.DebugMon_Handler)
    EXTI2_IRQHandler                         0x08000529   Thumb Code     6  stm32f4xx_it.o(.text.EXTI2_IRQHandler)
    Error_Handler                            0x08000531   Thumb Code     6  main.o(.text.Error_Handler)
    FreeRTOS_Start                           0x08000539   Thumb Code    48  robottask.o(.text.FreeRTOS_Start)
    GM6020_Init                              0x08000575   Thumb Code    34  gm6020.o(.text.GM6020_Init)
    HAL_CAN_ActivateNotification             0x0800062d   Thumb Code    38  stm32f4xx_hal_can.o(.text.HAL_CAN_ActivateNotification)
    HAL_CAN_AddTxMessage                     0x08000655   Thumb Code   150  stm32f4xx_hal_can.o(.text.HAL_CAN_AddTxMessage)
    HAL_CAN_ConfigFilter                     0x080006ed   Thumb Code   222  stm32f4xx_hal_can.o(.text.HAL_CAN_ConfigFilter)
    HAL_CAN_ErrorCallback                    0x080007cd   Thumb Code     2  stm32f4xx_hal_can.o(.text.HAL_CAN_ErrorCallback)
    HAL_CAN_GetRxMessage                     0x080007d1   Thumb Code   282  stm32f4xx_hal_can.o(.text.HAL_CAN_GetRxMessage)
    HAL_CAN_IRQHandler                       0x080008ed   Thumb Code   578  stm32f4xx_hal_can.o(.text.HAL_CAN_IRQHandler)
    HAL_CAN_Init                             0x08000b31   Thumb Code   244  stm32f4xx_hal_can.o(.text.HAL_CAN_Init)
    HAL_CAN_MspInit                          0x08000c25   Thumb Code   136  can.o(.text.HAL_CAN_MspInit)
    HAL_CAN_RxFifo0FullCallback              0x08000cad   Thumb Code     2  stm32f4xx_hal_can.o(.text.HAL_CAN_RxFifo0FullCallback)
    HAL_CAN_RxFifo0MsgPendingCallback        0x08000cb1   Thumb Code   180  dm4310.o(.text.HAL_CAN_RxFifo0MsgPendingCallback)
    HAL_CAN_RxFifo1FullCallback              0x08000da1   Thumb Code     2  stm32f4xx_hal_can.o(.text.HAL_CAN_RxFifo1FullCallback)
    HAL_CAN_RxFifo1MsgPendingCallback        0x08000da5   Thumb Code    76  gm6020.o(.text.HAL_CAN_RxFifo1MsgPendingCallback)
    HAL_CAN_SleepCallback                    0x08000df1   Thumb Code     2  stm32f4xx_hal_can.o(.text.HAL_CAN_SleepCallback)
    HAL_CAN_Start                            0x08000df5   Thumb Code    90  stm32f4xx_hal_can.o(.text.HAL_CAN_Start)
    HAL_CAN_TxMailbox0AbortCallback          0x08000e51   Thumb Code     2  stm32f4xx_hal_can.o(.text.HAL_CAN_TxMailbox0AbortCallback)
    HAL_CAN_TxMailbox0CompleteCallback       0x08000e55   Thumb Code     2  stm32f4xx_hal_can.o(.text.HAL_CAN_TxMailbox0CompleteCallback)
    HAL_CAN_TxMailbox1AbortCallback          0x08000e59   Thumb Code     2  stm32f4xx_hal_can.o(.text.HAL_CAN_TxMailbox1AbortCallback)
    HAL_CAN_TxMailbox1CompleteCallback       0x08000e5d   Thumb Code     2  stm32f4xx_hal_can.o(.text.HAL_CAN_TxMailbox1CompleteCallback)
    HAL_CAN_TxMailbox2AbortCallback          0x08000e61   Thumb Code     2  stm32f4xx_hal_can.o(.text.HAL_CAN_TxMailbox2AbortCallback)
    HAL_CAN_TxMailbox2CompleteCallback       0x08000e65   Thumb Code     2  stm32f4xx_hal_can.o(.text.HAL_CAN_TxMailbox2CompleteCallback)
    HAL_CAN_WakeUpFromRxMsgCallback          0x08000e69   Thumb Code     2  stm32f4xx_hal_can.o(.text.HAL_CAN_WakeUpFromRxMsgCallback)
    HAL_DMA_Abort                            0x08000e6d   Thumb Code   128  stm32f4xx_hal_dma.o(.text.HAL_DMA_Abort)
    HAL_DMA_Abort_IT                         0x08000eed   Thumb Code    36  stm32f4xx_hal_dma.o(.text.HAL_DMA_Abort_IT)
    HAL_Delay                                0x08000f11   Thumb Code    40  stm32f4xx_hal.o(.text.HAL_Delay)
    HAL_GPIO_EXTI_Callback                   0x08000f39   Thumb Code    72  key.o(.text.HAL_GPIO_EXTI_Callback)
    HAL_GPIO_EXTI_IRQHandler                 0x08000f8d   Thumb Code    22  stm32f4xx_hal_gpio.o(.text.HAL_GPIO_EXTI_IRQHandler)
    HAL_GPIO_Init                            0x08000fa5   Thumb Code   414  stm32f4xx_hal_gpio.o(.text.HAL_GPIO_Init)
    HAL_GPIO_WritePin                        0x08001145   Thumb Code    10  stm32f4xx_hal_gpio.o(.text.HAL_GPIO_WritePin)
    HAL_GetTick                              0x08001151   Thumb Code    12  stm32f4xx_hal.o(.text.HAL_GetTick)
    HAL_IncTick                              0x0800115d   Thumb Code    26  stm32f4xx_hal.o(.text.HAL_IncTick)
    HAL_Init                                 0x08001179   Thumb Code    54  stm32f4xx_hal.o(.text.HAL_Init)
    HAL_InitTick                             0x080011b1   Thumb Code   168  stm32f4xx_hal_timebase_tim.o(.text.HAL_InitTick)
    HAL_MspInit                              0x08001259   Thumb Code    66  stm32f4xx_hal_msp.o(.text.HAL_MspInit)
    HAL_NVIC_EnableIRQ                       0x0800129d   Thumb Code    34  stm32f4xx_hal_cortex.o(.text.HAL_NVIC_EnableIRQ)
    HAL_NVIC_SetPriority                     0x080012c1   Thumb Code    86  stm32f4xx_hal_cortex.o(.text.HAL_NVIC_SetPriority)
    HAL_NVIC_SetPriorityGrouping             0x08001319   Thumb Code    32  stm32f4xx_hal_cortex.o(.text.HAL_NVIC_SetPriorityGrouping)
    HAL_PWREx_EnableOverDrive                0x08001339   Thumb Code   122  stm32f4xx_hal_pwr_ex.o(.text.HAL_PWREx_EnableOverDrive)
    HAL_RCC_ClockConfig                      0x080013b5   Thumb Code   352  stm32f4xx_hal_rcc.o(.text.HAL_RCC_ClockConfig)
    HAL_RCC_GetClockConfig                   0x08001515   Thumb Code    62  stm32f4xx_hal_rcc.o(.text.HAL_RCC_GetClockConfig)
    HAL_RCC_GetPCLK1Freq                     0x08001555   Thumb Code    38  stm32f4xx_hal_rcc.o(.text.HAL_RCC_GetPCLK1Freq)
    HAL_RCC_GetPCLK2Freq                     0x0800157d   Thumb Code    38  stm32f4xx_hal_rcc.o(.text.HAL_RCC_GetPCLK2Freq)
    HAL_RCC_GetSysClockFreq                  0x080015a5   Thumb Code   104  stm32f4xx_hal_rcc.o(.text.HAL_RCC_GetSysClockFreq)
    HAL_RCC_OscConfig                        0x0800160d   Thumb Code   884  stm32f4xx_hal_rcc.o(.text.HAL_RCC_OscConfig)
    HAL_TIMEx_BreakCallback                  0x08001981   Thumb Code     2  stm32f4xx_hal_tim_ex.o(.text.HAL_TIMEx_BreakCallback)
    HAL_TIMEx_CommutCallback                 0x08001985   Thumb Code     2  stm32f4xx_hal_tim_ex.o(.text.HAL_TIMEx_CommutCallback)
    HAL_TIM_Base_Init                        0x08001989   Thumb Code    90  stm32f4xx_hal_tim.o(.text.HAL_TIM_Base_Init)
    HAL_TIM_Base_MspInit                     0x080019e5   Thumb Code     2  stm32f4xx_hal_tim.o(.text.HAL_TIM_Base_MspInit)
    HAL_TIM_Base_Start_IT                    0x080019e9   Thumb Code   168  stm32f4xx_hal_tim.o(.text.HAL_TIM_Base_Start_IT)
    HAL_TIM_IC_CaptureCallback               0x08001a91   Thumb Code     2  stm32f4xx_hal_tim.o(.text.HAL_TIM_IC_CaptureCallback)
    HAL_TIM_IRQHandler                       0x08001a95   Thumb Code   330  stm32f4xx_hal_tim.o(.text.HAL_TIM_IRQHandler)
    HAL_TIM_OC_DelayElapsedCallback          0x08001be1   Thumb Code     2  stm32f4xx_hal_tim.o(.text.HAL_TIM_OC_DelayElapsedCallback)
    HAL_TIM_PWM_PulseFinishedCallback        0x08001be5   Thumb Code     2  stm32f4xx_hal_tim.o(.text.HAL_TIM_PWM_PulseFinishedCallback)
    HAL_TIM_PeriodElapsedCallback            0x08001be9   Thumb Code    20  main.o(.text.HAL_TIM_PeriodElapsedCallback)
    HAL_TIM_TriggerCallback                  0x08001bfd   Thumb Code     2  stm32f4xx_hal_tim.o(.text.HAL_TIM_TriggerCallback)
    HAL_UARTEx_RxEventCallback               0x08001c01   Thumb Code     2  stm32f4xx_hal_uart.o(.text.HAL_UARTEx_RxEventCallback)
    HAL_UART_ErrorCallback                   0x08001c05   Thumb Code     2  stm32f4xx_hal_uart.o(.text.HAL_UART_ErrorCallback)
    HAL_UART_IRQHandler                      0x08001c09   Thumb Code  1400  stm32f4xx_hal_uart.o(.text.HAL_UART_IRQHandler)
    HAL_UART_Init                            0x08002181   Thumb Code    96  stm32f4xx_hal_uart.o(.text.HAL_UART_Init)
    HAL_UART_MspInit                         0x080021e1   Thumb Code   124  usart.o(.text.HAL_UART_MspInit)
    HAL_UART_RxCpltCallback                  0x0800225d   Thumb Code     2  main.o(.text.HAL_UART_RxCpltCallback)
    HAL_UART_Transmit                        0x08002261   Thumb Code   228  stm32f4xx_hal_uart.o(.text.HAL_UART_Transmit)
    HAL_UART_TxCpltCallback                  0x08002345   Thumb Code     2  stm32f4xx_hal_uart.o(.text.HAL_UART_TxCpltCallback)
    HardFault_Handler                        0x08002349   Thumb Code     2  stm32f4xx_it.o(.text.HardFault_Handler)
    MX_CAN1_Init                             0x0800234d   Thumb Code    58  can.o(.text.MX_CAN1_Init)
    MX_GPIO_Init                             0x08002389   Thumb Code   224  gpio.o(.text.MX_GPIO_Init)
    MX_USART6_UART_Init                      0x08002469   Thumb Code    60  usart.o(.text.MX_USART6_UART_Init)
    MemManage_Handler                        0x080024a5   Thumb Code     2  stm32f4xx_it.o(.text.MemManage_Handler)
    NMI_Handler                              0x080024a9   Thumb Code     2  stm32f4xx_it.o(.text.NMI_Handler)
    PID_Calculate                            0x080024ad   Thumb Code   364  pid.o(.text.PID_Calculate)
    PID_Init                                 0x08002621   Thumb Code    44  pid.o(.text.PID_Init)
    PendSV_Handler                           0x08002651   Thumb Code   100  port.o(.text.PendSV_Handler)
    SVC_Handler                              0x080026c1   Thumb Code    36  port.o(.text.SVC_Handler)
    SysTick_Handler                          0x080026e5   Thumb Code    20  stm32f4xx_it.o(.text.SysTick_Handler)
    SystemClock_Config                       0x080026f9   Thumb Code   182  main.o(.text.SystemClock_Config)
    SystemInit                               0x080027b1   Thumb Code    18  system_stm32f4xx.o(.text.SystemInit)
    TIM8_UP_TIM13_IRQHandler                 0x080027c5   Thumb Code    12  stm32f4xx_it.o(.text.TIM8_UP_TIM13_IRQHandler)
    TIM_Base_SetConfig                       0x080027d1   Thumb Code   300  stm32f4xx_hal_tim.o(.text.TIM_Base_SetConfig)
    USART6_IRQHandler                        0x08002b79   Thumb Code    12  stm32f4xx_it.o(.text.USART6_IRQHandler)
    UsageFault_Handler                       0x08002b85   Thumb Code     2  stm32f4xx_it.o(.text.UsageFault_Handler)
    fputc                                    0x08002b89   Thumb Code    32  main.o(.text.fputc)
    gm6020_set_current                       0x08002ba9   Thumb Code    70  gm6020.o(.text.gm6020_set_current)
    main                                     0x08002bf1   Thumb Code    38  main.o(.text.main)
    pvPortMalloc                             0x08002ce9   Thumb Code   370  heap_4.o(.text.pvPortMalloc)
    pxPortInitialiseStack                    0x08002e5d   Thumb Code    36  port.o(.text.pxPortInitialiseStack)
    startTask                                0x08002e81   Thumb Code   116  robottask.o(.text.startTask)
    uxListRemove                             0x08002f29   Thumb Code    34  list.o(.text.uxListRemove)
    uxTaskGetStackHighWaterMark              0x08002f4d   Thumb Code    76  tasks.o(.text.uxTaskGetStackHighWaterMark)
    vListInitialise                          0x08002f99   Thumb Code    22  list.o(.text.vListInitialise)
    vListInitialiseItem                      0x08002fb1   Thumb Code     6  list.o(.text.vListInitialiseItem)
    vListInsert                              0x08002fb9   Thumb Code    96  list.o(.text.vListInsert)
    vListInsertEnd                           0x08003019   Thumb Code    26  list.o(.text.vListInsertEnd)
    vPortEnterCritical                       0x08003049   Thumb Code    32  port.o(.text.vPortEnterCritical)
    vPortExitCritical                        0x08003069   Thumb Code    26  port.o(.text.vPortExitCritical)
    vPortFree                                0x08003085   Thumb Code   176  heap_4.o(.text.vPortFree)
    vPortSetupTimerInterrupt                 0x08003135   Thumb Code    30  port.o(.text.vPortSetupTimerInterrupt)
    vTaskDelay                               0x08003155   Thumb Code   182  tasks.o(.text.vTaskDelay)
    vTaskDelete                              0x0800320d   Thumb Code   260  tasks.o(.text.vTaskDelete)
    vTaskStartScheduler                      0x08003311   Thumb Code   124  tasks.o(.text.vTaskStartScheduler)
    vTaskSuspendAll                          0x0800338d   Thumb Code    16  tasks.o(.text.vTaskSuspendAll)
    vTaskSwitchContext                       0x0800339d   Thumb Code   110  tasks.o(.text.vTaskSwitchContext)
    xPortStartScheduler                      0x0800340d   Thumb Code   112  port.o(.text.xPortStartScheduler)
    xPortSysTickHandler                      0x0800347d   Thumb Code    46  port.o(.text.xPortSysTickHandler)
    xTaskCreate                              0x080034ad   Thumb Code   956  tasks.o(.text.xTaskCreate)
    xTaskGetSchedulerState                   0x08003869   Thumb Code    38  tasks.o(.text.xTaskGetSchedulerState)
    xTaskIncrementTick                       0x08003891   Thumb Code   402  tasks.o(.text.xTaskIncrementTick)
    xTaskResumeAll                           0x08003a25   Thumb Code   364  tasks.o(.text.xTaskResumeAll)
    __0printf$6                              0x08003b91   Thumb Code    22  printf6.o(i.__0printf$6)
    __1printf$6                              0x08003b91   Thumb Code     0  printf6.o(i.__0printf$6)
    __2printf                                0x08003b91   Thumb Code     0  printf6.o(i.__0printf$6)
    __scatterload_copy                       0x08003bb1   Thumb Code    14  handlers.o(i.__scatterload_copy)
    __scatterload_null                       0x08003bbf   Thumb Code     2  handlers.o(i.__scatterload_null)
    __scatterload_zeroinit                   0x08003bc1   Thumb Code    14  handlers.o(i.__scatterload_zeroinit)
    AHBPrescTable                            0x08003f12   Data          16  system_stm32f4xx.o(.rodata.AHBPrescTable)
    APBPrescTable                            0x08003f22   Data           8  system_stm32f4xx.o(.rodata.APBPrescTable)
    Region$$Table$$Base                      0x08003f30   Number         0  anon$$obj.o(Region$$Table)
    Region$$Table$$Limit                     0x08003f50   Number         0  anon$$obj.o(Region$$Table)
    __stdout                                 0x20000000   Data           4  stdout.o(.data)
    SystemCoreClock                          0x20000004   Data           4  system_stm32f4xx.o(.data.SystemCoreClock)
    gm6020_position_pid                      0x20000008   Data          64  gm6020.o(.data.gm6020_position_pid)
    gm6020_speed_pid                         0x20000048   Data          64  gm6020.o(.data.gm6020_speed_pid)
    uwTickFreq                               0x20000088   Data           1  stm32f4xx_hal.o(.data.uwTickFreq)
    uwTickPrio                               0x2000008c   Data           4  stm32f4xx_hal.o(.data.uwTickPrio)
    DM4310TaskHandle                         0x20000098   Data           4  robottask.o(.bss.DM4310TaskHandle)
    GM6020TaskHandle                         0x2000009c   Data           4  robottask.o(.bss.GM6020TaskHandle)
    Joint_Torque_Set                         0x200000a0   Data          16  dm4310.o(.bss.Joint_Torque_Set)
    Left_Back_Joint_State                    0x200000b0   Data          12  dm4310.o(.bss.Left_Back_Joint_State)
    Left_Front_Joint_State                   0x200000bc   Data          12  dm4310.o(.bss.Left_Front_Joint_State)
    Right_Back_Joint_State                   0x200000cc   Data          12  dm4310.o(.bss.Right_Back_Joint_State)
    Right_Front_Joint_State                  0x200000d8   Data          12  dm4310.o(.bss.Right_Front_Joint_State)
    current_set                              0x200000e4   Data           4  robottask.o(.bss.current_set)
    gm6020_behavior                          0x200000e8   Data          12  gm6020.o(.bss.gm6020_behavior)
    gm6020_data                              0x200000f4   Data           8  gm6020.o(.bss.gm6020_data)
    hcan1                                    0x200000fc   Data          40  can.o(.bss.hcan1)
    htim8                                    0x20000124   Data          72  stm32f4xx_hal_timebase_tim.o(.bss.htim8)
    huart6                                   0x2000016c   Data          72  usart.o(.bss.huart6)
    pxCurrentTCB                             0x200001b4   Data           4  tasks.o(.bss.pxCurrentTCB)
    startTaskHandle                          0x20000444   Data           4  robottask.o(.bss.startTaskHandle)
    tx0_data                                 0x20000448   Data           8  dm4310.o(.bss.tx0_data)
    tx1_data                                 0x20000450   Data           8  gm6020.o(.bss.tx1_data)
    uwTick                                   0x20004858   Data           4  stm32f4xx_hal.o(.bss.uwTick)
    __initial_sp                             0x20004d08   Data           0  startup_stm32f427xx.o(STACK)



==============================================================================

Memory Map of the image

  Image Entry point : 0x080001ad

  Load Region LR_IROM1 (Base: 0x08000000, Size: 0x00003fe8, Max: 0x00200000, ABSOLUTE)

    Execution Region ER_IROM1 (Exec base: 0x08000000, Load base: 0x08000000, Size: 0x00003f50, Max: 0x00200000, ABSOLUTE)

    Exec Addr    Load Addr    Size         Type   Attr      Idx    E Section Name        Object

    0x08000000   0x08000000   0x000001ac   Data   RO            3    RESET               startup_stm32f427xx.o
    0x080001ac   0x080001ac   0x00000000   Code   RO         1532  * .ARM.Collect$$$$00000000  mc_w.l(entry.o)
    0x080001ac   0x080001ac   0x00000004   Code   RO         1808    .ARM.Collect$$$$00000001  mc_w.l(entry2.o)
    0x080001b0   0x080001b0   0x00000004   Code   RO         1811    .ARM.Collect$$$$00000004  mc_w.l(entry5.o)
    0x080001b4   0x080001b4   0x00000000   Code   RO         1813    .ARM.Collect$$$$00000008  mc_w.l(entry7b.o)
    0x080001b4   0x080001b4   0x00000000   Code   RO         1815    .ARM.Collect$$$$0000000A  mc_w.l(entry8b.o)
    0x080001b4   0x080001b4   0x00000008   Code   RO         1816    .ARM.Collect$$$$0000000B  mc_w.l(entry9a.o)
    0x080001bc   0x080001bc   0x00000000   Code   RO         1818    .ARM.Collect$$$$0000000D  mc_w.l(entry10a.o)
    0x080001bc   0x080001bc   0x00000000   Code   RO         1820    .ARM.Collect$$$$0000000F  mc_w.l(entry11a.o)
    0x080001bc   0x080001bc   0x00000004   Code   RO         1809    .ARM.Collect$$$$00002712  mc_w.l(entry2.o)
    0x080001c0   0x080001c0   0x00000024   Code   RO            4    .text               startup_stm32f427xx.o
    0x080001e4   0x080001e4   0x00000062   Code   RO         1535    .text               mc_w.l(uldiv.o)
    0x08000246   0x08000246   0x00000024   Code   RO         1539    .text               mc_w.l(memseta.o)
    0x0800026a   0x0800026a   0x0000002c   Code   RO         1832    .text               mc_w.l(uidiv.o)
    0x08000296   0x08000296   0x0000001e   Code   RO         1834    .text               mc_w.l(llshl.o)
    0x080002b4   0x080002b4   0x00000020   Code   RO         1836    .text               mc_w.l(llushr.o)
    0x080002d4   0x080002d4   0x00000030   Code   RO         1849    .text               mc_w.l(init.o)
    0x08000304   0x08000304   0x00000002   Code   RO           78    .text.BusFault_Handler  stm32f4xx_it.o
    0x08000306   0x08000306   0x00000002   PAD
    0x08000308   0x08000308   0x0000000c   Code   RO           88    .text.CAN1_RX0_IRQHandler  stm32f4xx_it.o
    0x08000314   0x08000314   0x0000000c   Code   RO           90    .text.CAN1_RX1_IRQHandler  stm32f4xx_it.o
    0x08000320   0x08000320   0x00000056   Code   RO         1092    .text.CAN_Filter_Init  bsp_can.o
    0x08000376   0x08000376   0x00000002   PAD
    0x08000378   0x08000378   0x0000002e   Code   RO         1473    .text.DM4310_Control_Task  robottask.o
    0x080003a6   0x080003a6   0x00000002   PAD
    0x080003a8   0x080003a8   0x0000008e   Code   RO         1503    .text.DM4310_DeInit  dm4310.o
    0x08000436   0x08000436   0x00000002   PAD
    0x08000438   0x08000438   0x0000008e   Code   RO         1499    .text.DM4310_Init   dm4310.o
    0x080004c6   0x080004c6   0x00000002   PAD
    0x080004c8   0x080004c8   0x0000005c   Code   RO         1505    .text.DM4310_Set_Torque  dm4310.o
    0x08000524   0x08000524   0x00000002   Code   RO           82    .text.DebugMon_Handler  stm32f4xx_it.o
    0x08000526   0x08000526   0x00000002   PAD
    0x08000528   0x08000528   0x00000006   Code   RO           86    .text.EXTI2_IRQHandler  stm32f4xx_it.o
    0x0800052e   0x0800052e   0x00000002   PAD
    0x08000530   0x08000530   0x00000006   Code   RO           19    .text.Error_Handler  main.o
    0x08000536   0x08000536   0x00000002   PAD
    0x08000538   0x08000538   0x0000003c   Code   RO         1467    .text.FreeRTOS_Start  robottask.o
    0x08000574   0x08000574   0x00000022   Code   RO         1073    .text.GM6020_Init   gm6020.o
    0x08000596   0x08000596   0x00000002   PAD
    0x08000598   0x08000598   0x00000094   Code   RO         1471    .text.GM6020_Position_Task  robottask.o
    0x0800062c   0x0800062c   0x00000026   Code   RO          480    .text.HAL_CAN_ActivateNotification  stm32f4xx_hal_can.o
    0x08000652   0x08000652   0x00000002   PAD
    0x08000654   0x08000654   0x00000096   Code   RO          466    .text.HAL_CAN_AddTxMessage  stm32f4xx_hal_can.o
    0x080006ea   0x080006ea   0x00000002   PAD
    0x080006ec   0x080006ec   0x000000de   Code   RO          456    .text.HAL_CAN_ConfigFilter  stm32f4xx_hal_can.o
    0x080007ca   0x080007ca   0x00000002   PAD
    0x080007cc   0x080007cc   0x00000002   Code   RO          510    .text.HAL_CAN_ErrorCallback  stm32f4xx_hal_can.o
    0x080007ce   0x080007ce   0x00000002   PAD
    0x080007d0   0x080007d0   0x0000011a   Code   RO          476    .text.HAL_CAN_GetRxMessage  stm32f4xx_hal_can.o
    0x080008ea   0x080008ea   0x00000002   PAD
    0x080008ec   0x080008ec   0x00000242   Code   RO          484    .text.HAL_CAN_IRQHandler  stm32f4xx_hal_can.o
    0x08000b2e   0x08000b2e   0x00000002   PAD
    0x08000b30   0x08000b30   0x000000f4   Code   RO          446    .text.HAL_CAN_Init  stm32f4xx_hal_can.o
    0x08000c24   0x08000c24   0x00000088   Code   RO           44    .text.HAL_CAN_MspInit  can.o
    0x08000cac   0x08000cac   0x00000002   Code   RO          498    .text.HAL_CAN_RxFifo0FullCallback  stm32f4xx_hal_can.o
    0x08000cae   0x08000cae   0x00000002   PAD
    0x08000cb0   0x08000cb0   0x000000f0   Code   RO         1513    .text.HAL_CAN_RxFifo0MsgPendingCallback  dm4310.o
    0x08000da0   0x08000da0   0x00000002   Code   RO          502    .text.HAL_CAN_RxFifo1FullCallback  stm32f4xx_hal_can.o
    0x08000da2   0x08000da2   0x00000002   PAD
    0x08000da4   0x08000da4   0x0000004c   Code   RO         1077    .text.HAL_CAN_RxFifo1MsgPendingCallback  gm6020.o
    0x08000df0   0x08000df0   0x00000002   Code   RO          506    .text.HAL_CAN_SleepCallback  stm32f4xx_hal_can.o
    0x08000df2   0x08000df2   0x00000002   PAD
    0x08000df4   0x08000df4   0x0000005a   Code   RO          458    .text.HAL_CAN_Start  stm32f4xx_hal_can.o
    0x08000e4e   0x08000e4e   0x00000002   PAD
    0x08000e50   0x08000e50   0x00000002   Code   RO          488    .text.HAL_CAN_TxMailbox0AbortCallback  stm32f4xx_hal_can.o
    0x08000e52   0x08000e52   0x00000002   PAD
    0x08000e54   0x08000e54   0x00000002   Code   RO          486    .text.HAL_CAN_TxMailbox0CompleteCallback  stm32f4xx_hal_can.o
    0x08000e56   0x08000e56   0x00000002   PAD
    0x08000e58   0x08000e58   0x00000002   Code   RO          492    .text.HAL_CAN_TxMailbox1AbortCallback  stm32f4xx_hal_can.o
    0x08000e5a   0x08000e5a   0x00000002   PAD
    0x08000e5c   0x08000e5c   0x00000002   Code   RO          490    .text.HAL_CAN_TxMailbox1CompleteCallback  stm32f4xx_hal_can.o
    0x08000e5e   0x08000e5e   0x00000002   PAD
    0x08000e60   0x08000e60   0x00000002   Code   RO          496    .text.HAL_CAN_TxMailbox2AbortCallback  stm32f4xx_hal_can.o
    0x08000e62   0x08000e62   0x00000002   PAD
    0x08000e64   0x08000e64   0x00000002   Code   RO          494    .text.HAL_CAN_TxMailbox2CompleteCallback  stm32f4xx_hal_can.o
    0x08000e66   0x08000e66   0x00000002   PAD
    0x08000e68   0x08000e68   0x00000002   Code   RO          508    .text.HAL_CAN_WakeUpFromRxMsgCallback  stm32f4xx_hal_can.o
    0x08000e6a   0x08000e6a   0x00000002   PAD
    0x08000e6c   0x08000e6c   0x00000080   Code   RO          696    .text.HAL_DMA_Abort  stm32f4xx_hal_dma.o
    0x08000eec   0x08000eec   0x00000024   Code   RO          698    .text.HAL_DMA_Abort_IT  stm32f4xx_hal_dma.o
    0x08000f10   0x08000f10   0x00000028   Code   RO          861    .text.HAL_Delay     stm32f4xx_hal.o
    0x08000f38   0x08000f38   0x00000054   Code   RO         1490    .text.HAL_GPIO_EXTI_Callback  key.o
    0x08000f8c   0x08000f8c   0x00000016   Code   RO          662    .text.HAL_GPIO_EXTI_IRQHandler  stm32f4xx_hal_gpio.o
    0x08000fa2   0x08000fa2   0x00000002   PAD
    0x08000fa4   0x08000fa4   0x0000019e   Code   RO          650    .text.HAL_GPIO_Init  stm32f4xx_hal_gpio.o
    0x08001142   0x08001142   0x00000002   PAD
    0x08001144   0x08001144   0x0000000a   Code   RO          656    .text.HAL_GPIO_WritePin  stm32f4xx_hal_gpio.o
    0x0800114e   0x0800114e   0x00000002   PAD
    0x08001150   0x08001150   0x0000000c   Code   RO          853    .text.HAL_GetTick   stm32f4xx_hal.o
    0x0800115c   0x0800115c   0x0000001a   Code   RO          851    .text.HAL_IncTick   stm32f4xx_hal.o
    0x08001176   0x08001176   0x00000002   PAD
    0x08001178   0x08001178   0x00000036   Code   RO          841    .text.HAL_Init      stm32f4xx_hal.o
    0x080011ae   0x080011ae   0x00000002   PAD
    0x080011b0   0x080011b0   0x000000a8   Code   RO          112    .text.HAL_InitTick  stm32f4xx_hal_timebase_tim.o
    0x08001258   0x08001258   0x00000042   Code   RO          103    .text.HAL_MspInit   stm32f4xx_hal_msp.o
    0x0800129a   0x0800129a   0x00000002   PAD
    0x0800129c   0x0800129c   0x00000022   Code   RO          793    .text.HAL_NVIC_EnableIRQ  stm32f4xx_hal_cortex.o
    0x080012be   0x080012be   0x00000002   PAD
    0x080012c0   0x080012c0   0x00000056   Code   RO          791    .text.HAL_NVIC_SetPriority  stm32f4xx_hal_cortex.o
    0x08001316   0x08001316   0x00000002   PAD
    0x08001318   0x08001318   0x00000020   Code   RO          789    .text.HAL_NVIC_SetPriorityGrouping  stm32f4xx_hal_cortex.o
    0x08001338   0x08001338   0x0000007a   Code   RO          775    .text.HAL_PWREx_EnableOverDrive  stm32f4xx_hal_pwr_ex.o
    0x080013b2   0x080013b2   0x00000002   PAD
    0x080013b4   0x080013b4   0x00000160   Code   RO          530    .text.HAL_RCC_ClockConfig  stm32f4xx_hal_rcc.o
    0x08001514   0x08001514   0x0000003e   Code   RO          548    .text.HAL_RCC_GetClockConfig  stm32f4xx_hal_rcc.o
    0x08001552   0x08001552   0x00000002   PAD
    0x08001554   0x08001554   0x00000026   Code   RO          542    .text.HAL_RCC_GetPCLK1Freq  stm32f4xx_hal_rcc.o
    0x0800157a   0x0800157a   0x00000002   PAD
    0x0800157c   0x0800157c   0x00000026   Code   RO          544    .text.HAL_RCC_GetPCLK2Freq  stm32f4xx_hal_rcc.o
    0x080015a2   0x080015a2   0x00000002   PAD
    0x080015a4   0x080015a4   0x00000068   Code   RO          532    .text.HAL_RCC_GetSysClockFreq  stm32f4xx_hal_rcc.o
    0x0800160c   0x0800160c   0x00000374   Code   RO          528    .text.HAL_RCC_OscConfig  stm32f4xx_hal_rcc.o
    0x08001980   0x08001980   0x00000002   Code   RO          432    .text.HAL_TIMEx_BreakCallback  stm32f4xx_hal_tim_ex.o
    0x08001982   0x08001982   0x00000002   PAD
    0x08001984   0x08001984   0x00000002   Code   RO          428    .text.HAL_TIMEx_CommutCallback  stm32f4xx_hal_tim_ex.o
    0x08001986   0x08001986   0x00000002   PAD
    0x08001988   0x08001988   0x0000005a   Code   RO          127    .text.HAL_TIM_Base_Init  stm32f4xx_hal_tim.o
    0x080019e2   0x080019e2   0x00000002   PAD
    0x080019e4   0x080019e4   0x00000002   Code   RO          129    .text.HAL_TIM_Base_MspInit  stm32f4xx_hal_tim.o
    0x080019e6   0x080019e6   0x00000002   PAD
    0x080019e8   0x080019e8   0x000000a8   Code   RO          141    .text.HAL_TIM_Base_Start_IT  stm32f4xx_hal_tim.o
    0x08001a90   0x08001a90   0x00000002   Code   RO          263    .text.HAL_TIM_IC_CaptureCallback  stm32f4xx_hal_tim.o
    0x08001a92   0x08001a92   0x00000002   PAD
    0x08001a94   0x08001a94   0x0000014a   Code   RO          261    .text.HAL_TIM_IRQHandler  stm32f4xx_hal_tim.o
    0x08001bde   0x08001bde   0x00000002   PAD
    0x08001be0   0x08001be0   0x00000002   Code   RO          265    .text.HAL_TIM_OC_DelayElapsedCallback  stm32f4xx_hal_tim.o
    0x08001be2   0x08001be2   0x00000002   PAD
    0x08001be4   0x08001be4   0x00000002   Code   RO          267    .text.HAL_TIM_PWM_PulseFinishedCallback  stm32f4xx_hal_tim.o
    0x08001be6   0x08001be6   0x00000002   PAD
    0x08001be8   0x08001be8   0x00000014   Code   RO           21    .text.HAL_TIM_PeriodElapsedCallback  main.o
    0x08001bfc   0x08001bfc   0x00000002   Code   RO          271    .text.HAL_TIM_TriggerCallback  stm32f4xx_hal_tim.o
    0x08001bfe   0x08001bfe   0x00000002   PAD
    0x08001c00   0x08001c00   0x00000002   Code   RO         1022    .text.HAL_UARTEx_RxEventCallback  stm32f4xx_hal_uart.o
    0x08001c02   0x08001c02   0x00000002   PAD
    0x08001c04   0x08001c04   0x00000002   Code   RO         1020    .text.HAL_UART_ErrorCallback  stm32f4xx_hal_uart.o
    0x08001c06   0x08001c06   0x00000002   PAD
    0x08001c08   0x08001c08   0x00000578   Code   RO         1014    .text.HAL_UART_IRQHandler  stm32f4xx_hal_uart.o
    0x08002180   0x08002180   0x00000060   Code   RO          936    .text.HAL_UART_Init  stm32f4xx_hal_uart.o
    0x080021e0   0x080021e0   0x0000007c   Code   RO           59    .text.HAL_UART_MspInit  usart.o
    0x0800225c   0x0800225c   0x00000002   Code   RO           13    .text.HAL_UART_RxCpltCallback  main.o
    0x0800225e   0x0800225e   0x00000002   PAD
    0x08002260   0x08002260   0x000000e4   Code   RO          952    .text.HAL_UART_Transmit  stm32f4xx_hal_uart.o
    0x08002344   0x08002344   0x00000002   Code   RO         1024    .text.HAL_UART_TxCpltCallback  stm32f4xx_hal_uart.o
    0x08002346   0x08002346   0x00000002   PAD
    0x08002348   0x08002348   0x00000002   Code   RO           74    .text.HardFault_Handler  stm32f4xx_it.o
    0x0800234a   0x0800234a   0x00000002   PAD
    0x0800234c   0x0800234c   0x0000003a   Code   RO           42    .text.MX_CAN1_Init  can.o
    0x08002386   0x08002386   0x00000002   PAD
    0x08002388   0x08002388   0x000000e0   Code   RO           32    .text.MX_GPIO_Init  gpio.o
    0x08002468   0x08002468   0x0000003c   Code   RO           57    .text.MX_USART6_UART_Init  usart.o
    0x080024a4   0x080024a4   0x00000002   Code   RO           76    .text.MemManage_Handler  stm32f4xx_it.o
    0x080024a6   0x080024a6   0x00000002   PAD
    0x080024a8   0x080024a8   0x00000002   Code   RO           72    .text.NMI_Handler   stm32f4xx_it.o
    0x080024aa   0x080024aa   0x00000002   PAD
    0x080024ac   0x080024ac   0x00000174   Code   RO         1103    .text.PID_Calculate  pid.o
    0x08002620   0x08002620   0x0000002c   Code   RO         1101    .text.PID_Init      pid.o
    0x0800264c   0x0800264c   0x00000004   PAD
    0x08002650   0x08002650   0x00000064   Code   RO         1454    .text.PendSV_Handler  port.o
    0x080026b4   0x080026b4   0x0000000c   PAD
    0x080026c0   0x080026c0   0x00000024   Code   RO         1438    .text.SVC_Handler   port.o
    0x080026e4   0x080026e4   0x00000014   Code   RO           84    .text.SysTick_Handler  stm32f4xx_it.o
    0x080026f8   0x080026f8   0x000000b6   Code   RO           17    .text.SystemClock_Config  main.o
    0x080027ae   0x080027ae   0x00000002   PAD
    0x080027b0   0x080027b0   0x00000012   Code   RO         1058    .text.SystemInit    system_stm32f4xx.o
    0x080027c2   0x080027c2   0x00000002   PAD
    0x080027c4   0x080027c4   0x0000000c   Code   RO           92    .text.TIM8_UP_TIM13_IRQHandler  stm32f4xx_it.o
    0x080027d0   0x080027d0   0x0000012c   Code   RO          131    .text.TIM_Base_SetConfig  stm32f4xx_hal_tim.o
    0x080028fc   0x080028fc   0x0000008c   Code   RO         1475    .text.Track_Stack_Task  robottask.o
    0x08002988   0x08002988   0x0000000a   Code   RO         1018    .text.UART_DMAAbortOnError  stm32f4xx_hal_uart.o
    0x08002992   0x08002992   0x00000002   PAD
    0x08002994   0x08002994   0x000000fa   Code   RO         1016    .text.UART_Receive_IT  stm32f4xx_hal_uart.o
    0x08002a8e   0x08002a8e   0x00000002   PAD
    0x08002a90   0x08002a90   0x000000e8   Code   RO          940    .text.UART_SetConfig  stm32f4xx_hal_uart.o
    0x08002b78   0x08002b78   0x0000000c   Code   RO           94    .text.USART6_IRQHandler  stm32f4xx_it.o
    0x08002b84   0x08002b84   0x00000002   Code   RO           80    .text.UsageFault_Handler  stm32f4xx_it.o
    0x08002b86   0x08002b86   0x00000002   PAD
    0x08002b88   0x08002b88   0x00000020   Code   RO           11    .text.fputc         main.o
    0x08002ba8   0x08002ba8   0x00000046   Code   RO         1075    .text.gm6020_set_current  gm6020.o
    0x08002bee   0x08002bee   0x00000002   PAD
    0x08002bf0   0x08002bf0   0x00000026   Code   RO           15    .text.main          main.o
    0x08002c16   0x08002c16   0x00000002   PAD
    0x08002c18   0x08002c18   0x00000076   Code   RO         1369    .text.prvIdleTask   tasks.o
    0x08002c8e   0x08002c8e   0x00000002   PAD
    0x08002c90   0x08002c90   0x00000028   Code   RO         1446    .text.prvPortStartFirstTask  port.o
    0x08002cb8   0x08002cb8   0x0000002e   Code   RO         1436    .text.prvTaskExitError  port.o
    0x08002ce6   0x08002ce6   0x00000002   PAD
    0x08002ce8   0x08002ce8   0x00000172   Code   RO         1403    .text.pvPortMalloc  heap_4.o
    0x08002e5a   0x08002e5a   0x00000002   PAD
    0x08002e5c   0x08002e5c   0x00000024   Code   RO         1434    .text.pxPortInitialiseStack  port.o
    0x08002e80   0x08002e80   0x000000a8   Code   RO         1469    .text.startTask     robottask.o
    0x08002f28   0x08002f28   0x00000022   Code   RO         1159    .text.uxListRemove  list.o
    0x08002f4a   0x08002f4a   0x00000002   PAD
    0x08002f4c   0x08002f4c   0x0000004c   Code   RO         1341    .text.uxTaskGetStackHighWaterMark  tasks.o
    0x08002f98   0x08002f98   0x00000016   Code   RO         1151    .text.vListInitialise  list.o
    0x08002fae   0x08002fae   0x00000002   PAD
    0x08002fb0   0x08002fb0   0x00000006   Code   RO         1153    .text.vListInitialiseItem  list.o
    0x08002fb6   0x08002fb6   0x00000002   PAD
    0x08002fb8   0x08002fb8   0x00000060   Code   RO         1157    .text.vListInsert   list.o
    0x08003018   0x08003018   0x0000001a   Code   RO         1155    .text.vListInsertEnd  list.o
    0x08003032   0x08003032   0x00000002   PAD
    0x08003034   0x08003034   0x00000014   Code   RO         1444    .text.vPortEnableVFP  port.o
    0x08003048   0x08003048   0x00000020   Code   RO         1450    .text.vPortEnterCritical  port.o
    0x08003068   0x08003068   0x0000001a   Code   RO         1452    .text.vPortExitCritical  port.o
    0x08003082   0x08003082   0x00000002   PAD
    0x08003084   0x08003084   0x000000b0   Code   RO         1405    .text.vPortFree     heap_4.o
    0x08003134   0x08003134   0x0000001e   Code   RO         1442    .text.vPortSetupTimerInterrupt  port.o
    0x08003152   0x08003152   0x00000002   PAD
    0x08003154   0x08003154   0x000000b6   Code   RO         1283    .text.vTaskDelay    tasks.o
    0x0800320a   0x0800320a   0x00000002   PAD
    0x0800320c   0x0800320c   0x00000104   Code   RO         1273    .text.vTaskDelete   tasks.o
    0x08003310   0x08003310   0x0000007c   Code   RO         1301    .text.vTaskStartScheduler  tasks.o
    0x0800338c   0x0800338c   0x00000010   Code   RO         1277    .text.vTaskSuspendAll  tasks.o
    0x0800339c   0x0800339c   0x0000006e   Code   RO         1295    .text.vTaskSwitchContext  tasks.o
    0x0800340a   0x0800340a   0x00000002   PAD
    0x0800340c   0x0800340c   0x00000070   Code   RO         1440    .text.xPortStartScheduler  port.o
    0x0800347c   0x0800347c   0x0000002e   Code   RO         1456    .text.xPortSysTickHandler  port.o
    0x080034aa   0x080034aa   0x00000002   PAD
    0x080034ac   0x080034ac   0x000003bc   Code   RO         1271    .text.xTaskCreate   tasks.o
    0x08003868   0x08003868   0x00000026   Code   RO         1347    .text.xTaskGetSchedulerState  tasks.o
    0x0800388e   0x0800388e   0x00000002   PAD
    0x08003890   0x08003890   0x00000192   Code   RO         1305    .text.xTaskIncrementTick  tasks.o
    0x08003a22   0x08003a22   0x00000002   PAD
    0x08003a24   0x08003a24   0x0000016c   Code   RO         1281    .text.xTaskResumeAll  tasks.o
    0x08003b90   0x08003b90   0x00000020   Code   RO         1702    i.__0printf$6       mc_w.l(printf6.o)
    0x08003bb0   0x08003bb0   0x0000000e   Code   RO         1857    i.__scatterload_copy  mc_w.l(handlers.o)
    0x08003bbe   0x08003bbe   0x00000002   Code   RO         1858    i.__scatterload_null  mc_w.l(handlers.o)
    0x08003bc0   0x08003bc0   0x0000000e   Code   RO         1859    i.__scatterload_zeroinit  mc_w.l(handlers.o)
    0x08003bce   0x08003bce   0x00000002   PAD
    0x08003bd0   0x08003bd0   0x000002f0   Code   RO         1709    i._printf_core      mc_w.l(printf6.o)
    0x08003ec0   0x08003ec0   0x00000024   Code   RO         1710    i._printf_post_padding  mc_w.l(printf6.o)
    0x08003ee4   0x08003ee4   0x0000002e   Code   RO         1711    i._printf_pre_padding  mc_w.l(printf6.o)
    0x08003f12   0x08003f12   0x00000010   Data   RO         1063    .rodata.AHBPrescTable  system_stm32f4xx.o
    0x08003f22   0x08003f22   0x00000008   Data   RO         1064    .rodata.APBPrescTable  system_stm32f4xx.o
    0x08003f2a   0x08003f2a   0x00000002   PAD
    0x08003f2c   0x08003f2c   0x00000004   Data   RO         1388    .rodata.uxTopUsedPriority  tasks.o
    0x08003f30   0x08003f30   0x00000020   Data   RO         1856    Region$$Table       anon$$obj.o


    Execution Region RW_IRAM2 (Exec base: 0x10000000, Load base: 0x08003fe8, Size: 0x00000000, Max: 0x00010000, ABSOLUTE)

    **** No section assigned to this execution region ****


    Execution Region RW_IRAM1 (Exec base: 0x20000000, Load base: 0x08003f50, Size: 0x00004d08, Max: 0x00030000, ABSOLUTE)

    Exec Addr    Load Addr    Size         Type   Attr      Idx    E Section Name        Object

    0x20000000   0x08003f50   0x00000004   Data   RW         1822    .data               mc_w.l(stdout.o)
    0x20000004   0x08003f54   0x00000004   Data   RW         1062    .data.SystemCoreClock  system_stm32f4xx.o
    0x20000008   0x08003f58   0x00000040   Data   RW         1079    .data.gm6020_position_pid  gm6020.o
    0x20000048   0x08003f98   0x00000040   Data   RW         1080    .data.gm6020_speed_pid  gm6020.o
    0x20000088   0x08003fd8   0x00000001   Data   RW          900    .data.uwTickFreq    stm32f4xx_hal.o
    0x20000089   0x08003fd9   0x00000003   PAD
    0x2000008c   0x08003fdc   0x00000004   Data   RW          899    .data.uwTickPrio    stm32f4xx_hal.o
    0x20000090   0x08003fe0   0x00000004   Data   RW         1458    .data.uxCriticalNesting  port.o
    0x20000094   0x08003fe4   0x00000004   PAD
    0x20000098        -       0x00000004   Zero   RW         1481    .bss.DM4310TaskHandle  robottask.o
    0x2000009c        -       0x00000004   Zero   RW         1480    .bss.GM6020TaskHandle  robottask.o
    0x200000a0        -       0x00000010   Zero   RW         1515    .bss.Joint_Torque_Set  dm4310.o
    0x200000b0        -       0x0000000c   Zero   RW         1518    .bss.Left_Back_Joint_State  dm4310.o
    0x200000bc        -       0x0000000c   Zero   RW         1517    .bss.Left_Front_Joint_State  dm4310.o
    0x200000c8        -       0x00000004   Zero   RW         1111    .bss.PID_Calculate.last_derivative  pid.o
    0x200000cc        -       0x0000000c   Zero   RW         1520    .bss.Right_Back_Joint_State  dm4310.o
    0x200000d8        -       0x0000000c   Zero   RW         1519    .bss.Right_Front_Joint_State  dm4310.o
    0x200000e4        -       0x00000004   Zero   RW         1478    .bss.current_set    robottask.o
    0x200000e8        -       0x0000000c   Zero   RW         1081    .bss.gm6020_behavior  gm6020.o
    0x200000f4        -       0x00000008   Zero   RW         1083    .bss.gm6020_data    gm6020.o
    0x200000fc        -       0x00000028   Zero   RW           48    .bss.hcan1          can.o
    0x20000124        -       0x00000048   Zero   RW          118    .bss.htim8          stm32f4xx_hal_timebase_tim.o
    0x2000016c        -       0x00000048   Zero   RW           63    .bss.huart6         usart.o
    0x200001b4        -       0x00000004   Zero   RW         1371    .bss.pxCurrentTCB   tasks.o
    0x200001b8        -       0x00000004   Zero   RW         1380    .bss.pxDelayedTaskList  tasks.o
    0x200001bc        -       0x00000004   Zero   RW         1419    .bss.pxEnd          heap_4.o
    0x200001c0        -       0x00000004   Zero   RW         1381    .bss.pxOverflowDelayedTaskList  tasks.o
    0x200001c4        -       0x00000280   Zero   RW         1372    .bss.pxReadyTasksLists  tasks.o
    0x20000444        -       0x00000004   Zero   RW         1479    .bss.startTaskHandle  robottask.o
    0x20000448        -       0x00000008   Zero   RW         1516    .bss.tx0_data       dm4310.o
    0x20000450        -       0x00000008   Zero   RW         1082    .bss.tx1_data       gm6020.o
    0x20000458        -       0x00004400   Zero   RW         1425    .bss.ucHeap         heap_4.o
    0x20004858        -       0x00000004   Zero   RW          901    .bss.uwTick         stm32f4xx_hal.o
    0x2000485c        -       0x00000004   Zero   RW         1378    .bss.uxCurrentNumberOfTasks  tasks.o
    0x20004860        -       0x00000004   Zero   RW         1377    .bss.uxDeletedTasksWaitingCleanUp  tasks.o
    0x20004864        -       0x00000004   Zero   RW         1384    .bss.uxSchedulerSuspended  tasks.o
    0x20004868        -       0x00000004   Zero   RW         1374    .bss.uxTaskNumber   tasks.o
    0x2000486c        -       0x00000004   Zero   RW         1373    .bss.uxTopReadyPriority  tasks.o
    0x20004870        -       0x00000014   Zero   RW         1391    .bss.xDelayedTaskList1  tasks.o
    0x20004884        -       0x00000014   Zero   RW         1392    .bss.xDelayedTaskList2  tasks.o
    0x20004898        -       0x00000004   Zero   RW         1420    .bss.xFreeBytesRemaining  heap_4.o
    0x2000489c        -       0x00000004   Zero   RW         1387    .bss.xIdleTaskHandles  tasks.o
    0x200048a0        -       0x00000004   Zero   RW         1422    .bss.xMinimumEverFreeBytesRemaining  heap_4.o
    0x200048a4        -       0x00000004   Zero   RW         1386    .bss.xNextTaskUnblockTime  tasks.o
    0x200048a8        -       0x00000004   Zero   RW         1390    .bss.xNumOfOverflows  tasks.o
    0x200048ac        -       0x00000004   Zero   RW         1423    .bss.xNumberOfSuccessfulAllocations  heap_4.o
    0x200048b0        -       0x00000004   Zero   RW         1424    .bss.xNumberOfSuccessfulFrees  heap_4.o
    0x200048b4        -       0x00000004   Zero   RW         1389    .bss.xPendedTicks   tasks.o
    0x200048b8        -       0x00000014   Zero   RW         1382    .bss.xPendingReadyList  tasks.o
    0x200048cc        -       0x00000004   Zero   RW         1375    .bss.xSchedulerRunning  tasks.o
    0x200048d0        -       0x00000008   Zero   RW         1421    .bss.xStart         heap_4.o
    0x200048d8        -       0x00000014   Zero   RW         1383    .bss.xSuspendedTaskList  tasks.o
    0x200048ec        -       0x00000014   Zero   RW         1376    .bss.xTasksWaitingTermination  tasks.o
    0x20004900        -       0x00000004   Zero   RW         1379    .bss.xTickCount     tasks.o
    0x20004904        -       0x00000004   Zero   RW         1385    .bss.xYieldPendings  tasks.o
    0x20004908        -       0x00000400   Zero   RW            1    STACK               startup_stm32f427xx.o


==============================================================================

Image component sizes


      Code (inc. data)   RO Data    RW Data    ZI Data      Debug   Object Name

        86          0          0          0          0       1509   bsp_can.o
       194          0          0          0         40       6537   can.o
       616         64          0          0         72       9467   dm4310.o
       180          0          0        128         28       4521   gm6020.o
       224          0          0          0          0       4425   gpio.o
       546          0          0          0      17436       5313   heap_4.o
        84         12          0          0          0        604   key.o
       184          0          0          0          0       2197   list.o
       280          0          0          0          0       8006   main.o
       416          8          0          0          4       2214   pid.o
       524         16          0          4          0       2844   port.o
       562        144          0          0         16       2438   robottask.o
        36          8        428          0       1024        824   startup_stm32f427xx.o
       132          0          0          5          4       7645   stm32f4xx_hal.o
      1626          6          0          0          0      13630   stm32f4xx_hal_can.o
       152          0          0          0          0      10863   stm32f4xx_hal_cortex.o
       164          0          0          0          0      10391   stm32f4xx_hal_dma.o
       446          0          0          0          0       5356   stm32f4xx_hal_gpio.o
        66          0          0          0          0       3685   stm32f4xx_hal_msp.o
       122          0          0          0          0       4577   stm32f4xx_hal_pwr_ex.o
      1478          0          0          0          0       7399   stm32f4xx_hal_rcc.o
       898          0          0          0          0      55189   stm32f4xx_hal_tim.o
         4          0          0          0          0      20859   stm32f4xx_hal_tim_ex.o
       168          0          0          0         72       7305   stm32f4xx_hal_timebase_tim.o
      2222          0          0          0          0      29737   stm32f4xx_hal_uart.o
        86          0          0          0          0       7668   stm32f4xx_it.o
        18          0         24          4          0       2612   system_stm32f4xx.o
      2646          0          4          0        800      37970   tasks.o
       184          0          0          0         72       7303   usart.o

    ----------------------------------------------------------------------
     14512        270        490        144      19572     283088   Object Totals
         0          0         32          0          0          0   (incl. Generated)
       168         12          2          3          4          0   (incl. Padding)

    ----------------------------------------------------------------------

      Code (inc. data)   RO Data    RW Data    ZI Data      Debug   Library Member Name

         0          0          0          0          0          0   entry.o
         0          0          0          0          0          0   entry10a.o
         0          0          0          0          0          0   entry11a.o
         8          4          0          0          0          0   entry2.o
         4          0          0          0          0          0   entry5.o
         0          0          0          0          0          0   entry7b.o
         0          0          0          0          0          0   entry8b.o
         8          4          0          0          0          0   entry9a.o
        30          0          0          0          0          0   handlers.o
        48         10          0          0          0         68   init.o
        30          0          0          0          0         68   llshl.o
        32          0          0          0          0         68   llushr.o
        36          0          0          0          0        108   memseta.o
       866         14          0          0          0        352   printf6.o
         0          0          0          4          0          0   stdout.o
        44          0          0          0          0         80   uidiv.o
        98          0          0          0          0         92   uldiv.o

    ----------------------------------------------------------------------
      1206         32          0          4          0        836   Library Totals
         2          0          0          0          0          0   (incl. Padding)

    ----------------------------------------------------------------------

      Code (inc. data)   RO Data    RW Data    ZI Data      Debug   Library Name

      1204         32          0          4          0        836   mc_w.l

    ----------------------------------------------------------------------
      1206         32          0          4          0        836   Library Totals

    ----------------------------------------------------------------------

==============================================================================


      Code (inc. data)   RO Data    RW Data    ZI Data      Debug   

     15718        302        490        148      19572     283224   Grand Totals
     15718        302        490        148      19572     283224   ELF Image Totals
     15718        302        490        148          0          0   ROM Totals

==============================================================================

    Total RO  Size (Code + RO Data)                16208 (  15.83kB)
    Total RW  Size (RW Data + ZI Data)             19720 (  19.26kB)
    Total ROM Size (Code + RO Data + RW Data)      16356 (  15.97kB)

==============================================================================

