Component: Arm Compiler for Embedded 6.21 Tool: armlink [5ec1fa00]

==============================================================================

Section Cross References

    startup_stm32f427xx.o(STACK) refers (Special) to heapauxi.o(.text) for __use_two_region_memory
    startup_stm32f427xx.o(HEAP) refers (Special) to heapauxi.o(.text) for __use_two_region_memory
    startup_stm32f427xx.o(RESET) refers (Special) to heapauxi.o(.text) for __use_two_region_memory
    startup_stm32f427xx.o(RESET) refers to startup_stm32f427xx.o(STACK) for __initial_sp
    startup_stm32f427xx.o(RESET) refers to startup_stm32f427xx.o(.text) for Reset_Handler
    startup_stm32f427xx.o(RESET) refers to stm32f4xx_it.o(.text.NMI_Handler) for NMI_Handler
    startup_stm32f427xx.o(RESET) refers to stm32f4xx_it.o(.text.HardFault_Handler) for HardFault_Handler
    startup_stm32f427xx.o(RESET) refers to stm32f4xx_it.o(.text.MemManage_Handler) for MemManage_Handler
    startup_stm32f427xx.o(RESET) refers to stm32f4xx_it.o(.text.BusFault_Handler) for BusFault_Handler
    startup_stm32f427xx.o(RESET) refers to stm32f4xx_it.o(.text.UsageFault_Handler) for UsageFault_Handler
    startup_stm32f427xx.o(RESET) refers to port.o(.text.SVC_Handler) for SVC_Handler
    startup_stm32f427xx.o(RESET) refers to stm32f4xx_it.o(.text.DebugMon_Handler) for DebugMon_Handler
    startup_stm32f427xx.o(RESET) refers to port.o(.text.PendSV_Handler) for PendSV_Handler
    startup_stm32f427xx.o(RESET) refers to stm32f4xx_it.o(.text.SysTick_Handler) for SysTick_Handler
    startup_stm32f427xx.o(RESET) refers to stm32f4xx_it.o(.text.EXTI2_IRQHandler) for EXTI2_IRQHandler
    startup_stm32f427xx.o(RESET) refers to stm32f4xx_it.o(.text.CAN1_RX0_IRQHandler) for CAN1_RX0_IRQHandler
    startup_stm32f427xx.o(RESET) refers to stm32f4xx_it.o(.text.TIM8_UP_TIM13_IRQHandler) for TIM8_UP_TIM13_IRQHandler
    startup_stm32f427xx.o(.text) refers (Special) to heapauxi.o(.text) for __use_two_region_memory
    startup_stm32f427xx.o(.text) refers to system_stm32f4xx.o(.text.SystemInit) for SystemInit
    startup_stm32f427xx.o(.text) refers to __main.o(!!!main) for __main
    startup_stm32f427xx.o(.text) refers to startup_stm32f427xx.o(HEAP) for Heap_Mem
    startup_stm32f427xx.o(.text) refers to startup_stm32f427xx.o(STACK) for Stack_Mem
    main.o(.text.main) refers to stm32f4xx_hal.o(.text.HAL_Init) for HAL_Init
    main.o(.text.main) refers to main.o(.text.SystemClock_Config) for SystemClock_Config
    main.o(.text.main) refers to gpio.o(.text.MX_GPIO_Init) for MX_GPIO_Init
    main.o(.text.main) refers to can.o(.text.MX_CAN1_Init) for MX_CAN1_Init
    main.o(.text.main) refers to bsp_can.o(.text.CAN_Filter_Init) for CAN_Filter_Init
    main.o(.text.main) refers to robottask.o(.text.FreeRTOS_Start) for FreeRTOS_Start
    main.o(.ARM.exidx.text.main) refers to main.o(.text.main) for [Anonymous Symbol]
    main.o(.text.SystemClock_Config) refers to stm32f4xx_hal_rcc.o(.text.HAL_RCC_OscConfig) for HAL_RCC_OscConfig
    main.o(.text.SystemClock_Config) refers to stm32f4xx_hal_pwr_ex.o(.text.HAL_PWREx_EnableOverDrive) for HAL_PWREx_EnableOverDrive
    main.o(.text.SystemClock_Config) refers to stm32f4xx_hal_rcc.o(.text.HAL_RCC_ClockConfig) for HAL_RCC_ClockConfig
    main.o(.ARM.exidx.text.SystemClock_Config) refers to main.o(.text.SystemClock_Config) for [Anonymous Symbol]
    main.o(.ARM.exidx.text.Error_Handler) refers to main.o(.text.Error_Handler) for [Anonymous Symbol]
    main.o(.text.HAL_TIM_PeriodElapsedCallback) refers to stm32f4xx_hal.o(.text.HAL_IncTick) for HAL_IncTick
    main.o(.ARM.exidx.text.HAL_TIM_PeriodElapsedCallback) refers to main.o(.text.HAL_TIM_PeriodElapsedCallback) for [Anonymous Symbol]
    gpio.o(.text.MX_GPIO_Init) refers to stm32f4xx_hal_gpio.o(.text.HAL_GPIO_WritePin) for HAL_GPIO_WritePin
    gpio.o(.text.MX_GPIO_Init) refers to stm32f4xx_hal_gpio.o(.text.HAL_GPIO_Init) for HAL_GPIO_Init
    gpio.o(.text.MX_GPIO_Init) refers to stm32f4xx_hal_cortex.o(.text.HAL_NVIC_SetPriority) for HAL_NVIC_SetPriority
    gpio.o(.text.MX_GPIO_Init) refers to stm32f4xx_hal_cortex.o(.text.HAL_NVIC_EnableIRQ) for HAL_NVIC_EnableIRQ
    gpio.o(.ARM.exidx.text.MX_GPIO_Init) refers to gpio.o(.text.MX_GPIO_Init) for [Anonymous Symbol]
    can.o(.text.MX_CAN1_Init) refers to can.o(.bss.hcan1) for hcan1
    can.o(.text.MX_CAN1_Init) refers to stm32f4xx_hal_can.o(.text.HAL_CAN_Init) for HAL_CAN_Init
    can.o(.text.MX_CAN1_Init) refers to main.o(.text.Error_Handler) for Error_Handler
    can.o(.ARM.exidx.text.MX_CAN1_Init) refers to can.o(.text.MX_CAN1_Init) for [Anonymous Symbol]
    can.o(.text.HAL_CAN_MspInit) refers to stm32f4xx_hal_gpio.o(.text.HAL_GPIO_Init) for HAL_GPIO_Init
    can.o(.text.HAL_CAN_MspInit) refers to stm32f4xx_hal_cortex.o(.text.HAL_NVIC_SetPriority) for HAL_NVIC_SetPriority
    can.o(.text.HAL_CAN_MspInit) refers to stm32f4xx_hal_cortex.o(.text.HAL_NVIC_EnableIRQ) for HAL_NVIC_EnableIRQ
[...]
    !!handler_copy                           0x08000210   Section       26  __scatter_copy.o(!!handler_copy)
    !!handler_null                           0x0800022c   Section        2  __scatter.o(!!handler_null)
    !!handler_zi                             0x08000230   Section       28  __scatter_zi.o(!!handler_zi)
    .ARM.Collect$$libinit$$00000000          0x0800024c   Section        2  libinit.o(.ARM.Collect$$libinit$$00000000)
    .ARM.Collect$$libinit$$00000001          0x0800024e   Section        4  libinit2.o(.ARM.Collect$$libinit$$00000001)
    .ARM.Collect$$libinit$$00000004          0x08000252   Section        0  libinit2.o(.ARM.Collect$$libinit$$00000004)
    .ARM.Collect$$libinit$$00000006          0x08000252   Section        0  libinit2.o(.ARM.Collect$$libinit$$00000006)
    .ARM.Collect$$libinit$$0000000C          0x08000252   Section        0  libinit2.o(.ARM.Collect$$libinit$$0000000C)
    .ARM.Collect$$libinit$$0000000E          0x08000252   Section        0  libinit2.o(.ARM.Collect$$libinit$$0000000E)
    .ARM.Collect$$libinit$$00000010          0x08000252   Section        0  libinit2.o(.ARM.Collect$$libinit$$00000010)
    .ARM.Collect$$libinit$$00000013          0x08000252   Section        0  libinit2.o(.ARM.Collect$$libinit$$00000013)
    .ARM.Collect$$libinit$$00000015          0x08000252   Section        0  libinit2.o(.ARM.Collect$$libinit$$00000015)
    .ARM.Collect$$libinit$$00000017          0x08000252   Section        0  libinit2.o(.ARM.Collect$$libinit$$00000017)
    .ARM.Collect$$libinit$$00000019          0x08000252   Section        0  libinit2.o(.ARM.Collect$$libinit$$00000019)
    .ARM.Collect$$libinit$$0000001B          0x08000252   Section        0  libinit2.o(.ARM.Collect$$libinit$$0000001B)
    .ARM.Collect$$libinit$$0000001D          0x08000252   Section        0  libinit2.o(.ARM.Collect$$libinit$$0000001D)
    .ARM.Collect$$libinit$$0000001F          0x08000252   Section        0  libinit2.o(.ARM.Collect$$libinit$$0000001F)
    .ARM.Collect$$libinit$$00000021          0x08000252   Section        0  libinit2.o(.ARM.Collect$$libinit$$00000021)
    .ARM.Collect$$libinit$$00000023          0x08000252   Section        0  libinit2.o(.ARM.Collect$$libinit$$00000023)
    .ARM.Collect$$libinit$$00000025          0x08000252   Section        0  libinit2.o(.ARM.Collect$$libinit$$00000025)
    .ARM.Collect$$libinit$$00000027          0x08000252   Section        0  libinit2.o(.ARM.Collect$$libinit$$00000027)
    .ARM.Collect$$libinit$$0000002E          0x08000252   Section        0  libinit2.o(.ARM.Collect$$libinit$$0000002E)
    .ARM.Collect$$libinit$$00000030          0x08000252   Section        0  libinit2.o(.ARM.Collect$$libinit$$00000030)
    .ARM.Collect$$libinit$$00000032          0x08000252   Section        0  libinit2.o(.ARM.Collect$$libinit$$00000032)
    .ARM.Collect$$libinit$$00000034          0x08000252   Section        0  libinit2.o(.ARM.Collect$$libinit$$00000034)
    .ARM.Collect$$libinit$$00000035          0x08000252   Section        2  libinit2.o(.ARM.Collect$$libinit$$00000035)
    .ARM.Collect$$libshutdown$$00000000      0x08000254   Section        2  libshutdown.o(.ARM.Collect$$libshutdown$$00000000)
    .ARM.Collect$$libshutdown$$00000002      0x08000256   Section        0  libshutdown2.o(.ARM.Collect$$libshutdown$$00000002)
    .ARM.Collect$$libshutdown$$00000004      0x08000256   Section        0  libshutdown2.o(.ARM.Collect$$libshutdown$$00000004)
    .ARM.Collect$$libshutdown$$00000007      0x08000256   Section        0  libshutdown2.o(.ARM.Collect$$libshutdown$$00000007)
    .ARM.Collect$$libshutdown$$0000000A      0x08000256   Section        0  libshutdown2.o(.ARM.Collect$$libshutdown$$0000000A)
    .ARM.Collect$$libshutdown$$0000000C      0x08000256   Section        0  libshutdown2.o(.ARM.Collect$$libshutdown$$0000000C)
    .ARM.Collect$$libshutdown$$0000000F      0x08000256   Section        0  libshutdown2.o(.ARM.Collect$$libshutdown$$0000000F)
    .ARM.Collect$$libshutdown$$00000010      0x08000256   Section        2  libshutdown2.o(.ARM.Collect$$libshutdown$$00000010)
    .ARM.Collect$$rtentry$$00000000          0x08000258   Section        0  __rtentry.o(.ARM.Collect$$rtentry$$00000000)
    .ARM.Collect$$rtentry$$00000002          0x08000258   Section        0  __rtentry2.o(.ARM.Collect$$rtentry$$00000002)
    .ARM.Collect$$rtentry$$00000004          0x08000258   Section        6  __rtentry4.o(.ARM.Collect$$rtentry$$00000004)
    .ARM.Collect$$rtentry$$00000009          0x0800025e   Section        0  __rtentry2.o(.ARM.Collect$$rtentry$$00000009)
    .ARM.Collect$$rtentry$$0000000A          0x0800025e   Section        4  __rtentry2.o(.ARM.Collect$$rtentry$$0000000A)
    .ARM.Collect$$rtentry$$0000000C          0x08000262   Section        0  __rtentry2.o(.ARM.Collect$$rtentry$$0000000C)
    .ARM.Collect$$rtentry$$0000000D          0x08000262   Section        8  __rtentry2.o(.ARM.Collect$$rtentry$$0000000D)
    .ARM.Collect$$rtexit$$00000000           0x0800026a   Section        2  rtexit.o(.ARM.Collect$$rtexit$$00000000)
    .ARM.Collect$$rtexit$$00000002           0x0800026c   Section        0  rtexit2.o(.ARM.Collect$$rtexit$$00000002)
    .ARM.Collect$$rtexit$$00000003           0x0800026c   Section        4  rtexit2.o(.ARM.Collect$$rtexit$$00000003)
    .ARM.Collect$$rtexit$$00000004           0x08000270   Section        6  rtexit2.o(.ARM.Collect$$rtexit$$00000004)
    $v0                                      0x08000278   Number         0  startup_stm32f427xx.o(.text)
    .text                                    0x08000278   Section       64  startup_stm32f427xx.o(.text)
    .text                                    0x080002b8   Section      240  lludivv7m.o(.text)
    .text                                    0x080003a8   Section       68  rt_memclr.o(.text)
    .text                                    0x080003ec   Section       78  rt_memclr_w.o(.text)
    .text                                    0x0800043a   Section        0  heapauxi.o(.text)
    .text                                    0x08000440   Section       74  sys_stackheap_outer.o(.text)
    .text                                    0x0800048a   Section        0  exit.o(.text)
    .text                                    0x0800049c   Section        8  libspace.o(.text)
    .text                                    0x080004a4   Section        0  sys_exit.o(.text)
    .text                                    0x080004b0   Section        2  use_no_semi.o(.text)
    .text                                    0x080004b2   Section        0  indicate_semi.o(.text)
    [Anonymous Symbol]                       0x080004b4   Section        0  stm32f4xx_it.o(.text.BusFault_Handler)
    [Anonymous Symbol]                       0x080004b8   Section        0  stm32f4xx_it.o(.text.CAN1_RX0_IRQHandler)
    [Anonymous Symbol]                       0x080004c4   Section        0  bsp_can.o(.text.CAN_Filter_Init)
    [Anonymous Symbol]                       0x08000520   Section        0  stm32f4xx_it.o(.text.DebugMon_Handler)
    [Anonymous Symbol]                       0x08000524   Section        0  stm32f4xx_it.o(.text.EXTI2_IRQHandler)
    [Anonymous Symbol]                       0x0800052c   Section        0  main.o(.text.Error_Handler)
    [Anonymous Symbol]                       0x08000534   Section        0  robottask.o(.text.FreeRTOS_Start)
    [Anonymous Symbol]                       0x08000570   Section        0  stm32f4xx_hal_can.o(.text.HAL_CAN_ActivateNotification)
    [Anonymous Symbol]                       0x08000598   Section        0  stm32f4xx_hal_can.o(.text.HAL_CAN_AddTxMessage)
    [Anonymous Symbol]                       0x08000630   Section        0  stm32f4xx_hal_can.o(.text.HAL_CAN_ConfigFilter)
    [Anonymous Symbol]                       0x08000710   Section        0  stm32f4xx_hal_can.o(.text.HAL_CAN_ErrorCallback)
    [Anonymous Symbol]                       0x08000714   Section        0  stm32f4xx_hal_can.o(.text.HAL_CAN_GetRxMessage)
    [Anonymous Symbol]                       0x08000830   Section        0  stm32f4xx_hal_can.o(.text.HAL_CAN_IRQHandler)
    [Anonymous Symbol]                       0x08000a74   Section        0  stm32f4xx_hal_can.o(.text.HAL_CAN_Init)
    [Anonymous Symbol]                       0x08000b68   Section        0  can.o(.text.HAL_CAN_MspInit)
    [Anonymous Symbol]                       0x08000be0   Section        0  stm32f4xx_hal_can.o(.text.HAL_CAN_RxFifo0FullCallback)
    [Anonymous Symbol]                       0x08000be4   Section        0  gm6020.o(.text.HAL_CAN_RxFifo0MsgPendingCallback)
    [Anonymous Symbol]                       0x08000c30   Section        0  stm32f4xx_hal_can.o(.text.HAL_CAN_RxFifo1FullCallback)
    [Anonymous Symbol]                       0x08000c34   Section        0  stm32f4xx_hal_can.o(.text.HAL_CAN_RxFifo1MsgPendingCallback)
    [Anonymous Symbol]                       0x08000c38   Section        0  stm32f4xx_hal_can.o(.text.HAL_CAN_SleepCallback)
    [Anonymous Symbol]                       0x08000c3c   Section        0  stm32f4xx_hal_can.o(.text.HAL_CAN_Start)
    [Anonymous Symbol]                       0x08000c98   Section        0  stm32f4xx_hal_can.o(.text.HAL_CAN_TxMailbox0AbortCallback)
    [Anonymous Symbol]                       0x08000c9c   Section        0  stm32f4xx_hal_can.o(.text.HAL_CAN_TxMailbox0CompleteCallback)
    [Anonymous Symbol]                       0x08000ca0   Section        0  stm32f4xx_hal_can.o(.text.HAL_CAN_TxMailbox1AbortCallback)
    [Anonymous Symbol]                       0x08000ca4   Section        0  stm32f4xx_hal_can.o(.text.HAL_CAN_TxMailbox1CompleteCallback)
    [Anonymous Symbol]                       0x08000ca8   Section        0  stm32f4xx_hal_can.o(.text.HAL_CAN_TxMailbox2AbortCallback)
    [Anonymous Symbol]                       0x08000cac   Section        0  stm32f4xx_hal_can.o(.text.HAL_CAN_TxMailbox2CompleteCallback)
    [Anonymous Symbol]                       0x08000cb0   Section        0  stm32f4xx_hal_can.o(.text.HAL_CAN_WakeUpFromRxMsgCallback)
    [Anonymous Symbol]                       0x08000cb4   Section        0  key.o(.text.HAL_GPIO_EXTI_Callback)
    [Anonymous Symbol]                       0x08000d48   Section        0  stm32f4xx_hal_gpio.o(.text.HAL_GPIO_EXTI_IRQHandler)
    [Anonymous Symbol]                       0x08000d60   Section        0  stm32f4xx_hal_gpio.o(.text.HAL_GPIO_Init)
    [Anonymous Symbol]                       0x08000f00   Section        0  stm32f4xx_hal_gpio.o(.text.HAL_GPIO_WritePin)
    [Anonymous Symbol]                       0x08000f0c   Section        0  stm32f4xx_hal.o(.text.HAL_GetTick)
    [Anonymous Symbol]                       0x08000f18   Section        0  stm32f4xx_hal.o(.text.HAL_IncTick)
    [Anonymous Symbol]                       0x08000f34   Section        0  stm32f4xx_hal.o(.text.HAL_Init)
    [Anonymous Symbol]                       0x08000f6c   Section        0  stm32f4xx_hal_timebase_tim.o(.text.HAL_InitTick)
    [Anonymous Symbol]                       0x08001014   Section        0  stm32f4xx_hal_msp.o(.text.HAL_MspInit)
    [Anonymous Symbol]                       0x08001058   Section        0  stm32f4xx_hal_cortex.o(.text.HAL_NVIC_EnableIRQ)
    [Anonymous Symbol]                       0x0800107c   Section        0  stm32f4xx_hal_cortex.o(.text.HAL_NVIC_SetPriority)
    [Anonymous Symbol]                       0x080010d4   Section        0  stm32f4xx_hal_cortex.o(.text.HAL_NVIC_SetPriorityGrouping)
    [Anonymous Symbol]                       0x080010f4   Section        0  stm32f4xx_hal_pwr_ex.o(.text.HAL_PWREx_EnableOverDrive)
    [Anonymous Symbol]                       0x08001170   Section        0  stm32f4xx_hal_rcc.o(.text.HAL_RCC_ClockConfig)
    [Anonymous Symbol]                       0x080012d0   Section        0  stm32f4xx_hal_rcc.o(.text.HAL_RCC_GetClockConfig)
    [Anonymous Symbol]                       0x08001310   Section        0  stm32f4xx_hal_rcc.o(.text.HAL_RCC_GetPCLK2Freq)
    [Anonymous Symbol]                       0x08001338   Section        0  stm32f4xx_hal_rcc.o(.text.HAL_RCC_GetSysClockFreq)
    [Anonymous Symbol]                       0x080013a0   Section        0  stm32f4xx_hal_rcc.o(.text.HAL_RCC_OscConfig)
    [Anonymous Symbol]                       0x08001714   Section        0  stm32f4xx_hal_tim_ex.o(.text.HAL_TIMEx_BreakCallback)
    [Anonymous Symbol]                       0x08001718   Section        0  stm32f4xx_hal_tim_ex.o(.text.HAL_TIMEx_CommutCallback)
    [Anonymous Symbol]                       0x0800171c   Section        0  stm32f4xx_hal_tim.o(.text.HAL_TIM_Base_Init)
    [Anonymous Symbol]                       0x08001778   Section        0  stm32f4xx_hal_tim.o(.text.HAL_TIM_Base_MspInit)
    [Anonymous Symbol]                       0x0800177c   Section        0  stm32f4xx_hal_tim.o(.text.HAL_TIM_Base_Start_IT)
    [Anonymous Symbol]                       0x08001824   Section        0  stm32f4xx_hal_tim.o(.text.HAL_TIM_IC_CaptureCallback)
    [Anonymous Symbol]                       0x08001828   Section        0  stm32f4xx_hal_tim.o(.text.HAL_TIM_IRQHandler)
    [Anonymous Symbol]                       0x08001974   Section        0  stm32f4xx_hal_tim.o(.text.HAL_TIM_OC_DelayElapsedCallback)
    [Anonymous Symbol]                       0x08001978   Section        0  stm32f4xx_hal_tim.o(.text.HAL_TIM_PWM_PulseFinishedCallback)
    [Anonymous Symbol]                       0x0800197c   Section        0  main.o(.text.HAL_TIM_PeriodElapsedCallback)
    [Anonymous Symbol]                       0x08001990   Section        0  stm32f4xx_hal_tim.o(.text.HAL_TIM_TriggerCallback)
    [Anonymous Symbol]                       0x08001994   Section        0  stm32f4xx_it.o(.text.HardFault_Handler)
    [Anonymous Symbol]                       0x08001998   Section        0  can.o(.text.MX_CAN1_Init)
    [Anonymous Symbol]                       0x080019d4   Section        0  gpio.o(.text.MX_GPIO_Init)
    [Anonymous Symbol]                       0x08001aa0   Section        0  stm32f4xx_it.o(.text.MemManage_Handler)
    [Anonymous Symbol]                       0x08001aa4   Section        0  stm32f4xx_it.o(.text.NMI_Handler)
    [Anonymous Symbol]                       0x08001aa8   Section        0  pid.o(.text.PID_Calculate)
    [Anonymous Symbol]                       0x08001c10   Section        0  port.o(.text.PendSV_Handler)
    pxCurrentTCBConst                        0x08001c70   Number         0  port.o(.text.PendSV_Handler)
    [Anonymous Symbol]                       0x08001c80   Section        0  port.o(.text.SVC_Handler)
    pxCurrentTCBConst2                       0x08001ca0   Number         0  port.o(.text.SVC_Handler)
    [Anonymous Symbol]                       0x08001ca4   Section        0  stm32f4xx_it.o(.text.SysTick_Handler)
    [Anonymous Symbol]                       0x08001cb8   Section        0  main.o(.text.SystemClock_Config)
    [Anonymous Symbol]                       0x08001d70   Section        0  system_stm32f4xx.o(.text.SystemInit)
    [Anonymous Symbol]                       0x08001d84   Section        0  stm32f4xx_it.o(.text.TIM8_UP_TIM13_IRQHandler)
    [Anonymous Symbol]                       0x08001d90   Section        0  stm32f4xx_hal_tim.o(.text.TIM_Base_SetConfig)
    [Anonymous Symbol]                       0x08001ebc   Section        0  stm32f4xx_it.o(.text.UsageFault_Handler)
    gimbal_speed_task                        0x08001ec1   Thumb Code   102  robottask.o(.text.gimbal_speed_task)
    [Anonymous Symbol]                       0x08001ec0   Section        0  robottask.o(.text.gimbal_speed_task)
    [Anonymous Symbol]                       0x08001f28   Section        0  gm6020.o(.text.gm6020_set_current)
    [Anonymous Symbol]                       0x08001f80   Section        0  main.o(.text.main)
    prvIdleTask                              0x08001f9d   Thumb Code   118  tasks.o(.text.prvIdleTask)
    [Anonymous Symbol]                       0x08001f9c   Section        0  tasks.o(.text.prvIdleTask)
    prvPortStartFirstTask                    0x08002015   Thumb Code    34  port.o(.text.prvPortStartFirstTask)
    [Anonymous Symbol]                       0x08002014   Section        0  port.o(.text.prvPortStartFirstTask)
    prvTaskExitError                         0x0800203d   Thumb Code    46  port.o(.text.prvTaskExitError)
    [Anonymous Symbol]                       0x0800203c   Section        0  port.o(.text.prvTaskExitError)
    [Anonymous Symbol]                       0x0800206c   Section        0  heap_4.o(.text.pvPortMalloc)
    [Anonymous Symbol]                       0x080021e0   Section        0  port.o(.text.pxPortInitialiseStack)
    [Anonymous Symbol]                       0x08002204   Section        0  robottask.o(.text.startTask)
    [Anonymous Symbol]                       0x08002250   Section        0  list.o(.text.uxListRemove)
    [Anonymous Symbol]                       0x08002274   Section        0  list.o(.text.vListInitialise)
    [Anonymous Symbol]                       0x0800228c   Section        0  list.o(.text.vListInitialiseItem)
    [Anonymous Symbol]                       0x08002294   Section        0  list.o(.text.vListInsert)
    [Anonymous Symbol]                       0x080022f4   Section        0  list.o(.text.vListInsertEnd)
    vPortEnableVFP                           0x08002311   Thumb Code    14  port.o(.text.vPortEnableVFP)
    [Anonymous Symbol]                       0x08002310   Section        0  port.o(.text.vPortEnableVFP)
    [Anonymous Symbol]                       0x08002324   Section        0  port.o(.text.vPortEnterCritical)
    [Anonymous Symbol]                       0x08002344   Section        0  port.o(.text.vPortExitCritical)
    [Anonymous Symbol]                       0x08002360   Section        0  heap_4.o(.text.vPortFree)
    [Anonymous Symbol]                       0x08002410   Section        0  port.o(.text.vPortSetupTimerInterrupt)
    [Anonymous Symbol]                       0x08002430   Section        0  tasks.o(.text.vTaskDelay)
    [Anonymous Symbol]                       0x080024e8   Section        0  tasks.o(.text.vTaskDelete)
    [Anonymous Symbol]                       0x080025ec   Section        0  tasks.o(.text.vTaskStartScheduler)
    [Anonymous Symbol]                       0x08002668   Section        0  tasks.o(.text.vTaskSuspendAll)
    [Anonymous Symbol]                       0x08002678   Section        0  tasks.o(.text.vTaskSwitchContext)
    [Anonymous Symbol]                       0x080026e8   Section        0  port.o(.text.xPortStartScheduler)
    [Anonymous Symbol]                       0x08002758   Section        0  port.o(.text.xPortSysTickHandler)
    [Anonymous Symbol]                       0x08002788   Section        0  tasks.o(.text.xTaskCreate)
    [Anonymous Symbol]                       0x08002aec   Section        0  tasks.o(.text.xTaskGetSchedulerState)
    [Anonymous Symbol]                       0x08002b14   Section        0  tasks.o(.text.xTaskIncrementTick)
    [Anonymous Symbol]                       0x08002ca8   Section        0  tasks.o(.text.xTaskResumeAll)
    $v0                                      0x08002e14   Number         0  fpinit.o(x$fpl$fpinit)
    x$fpl$fpinit                             0x08002e14   Section       26  fpinit.o(x$fpl$fpinit)
    uxTopUsedPriority                        0x08002e48   Data           4  tasks.o(.rodata.uxTopUsedPriority)
    [Anonymous Symbol]                       0x08002e48   Section        0  tasks.o(.rodata.uxTopUsedPriority)
    uxCriticalNesting                        0x2000004c   Data           4  port.o(.data.uxCriticalNesting)
    [Anonymous Symbol]                       0x2000004c   Section        0  port.o(.data.uxCriticalNesting)
    .bss                                     0x20000050   Section       96  libspace.o(.bss)
    OS_State                                 0x200000b0   Data           1  key.o(.bss.OS_State)
    [Anonymous Symbol]                       0x200000b0   Section        0  key.o(.bss.OS_State)
    PID_Calculate.last_derivative            0x200000b4   Data           4  pid.o(.bss.PID_Calculate.last_derivative)
    [Anonymous Symbol]                       0x200000b4   Section        0  pid.o(.bss.PID_Calculate.last_derivative)
    last_speed                               0x20000140   Data           2  key.o(.bss.last_speed)
    [Anonymous Symbol]                       0x20000140   Section        0  key.o(.bss.last_speed)
    pxDelayedTaskList                        0x20000148   Data           4  tasks.o(.bss.pxDelayedTaskList)
    [Anonymous Symbol]                       0x20000148   Section        0  tasks.o(.bss.pxDelayedTaskList)
    pxEnd                                    0x2000014c   Data           4  heap_4.o(.bss.pxEnd)
    [Anonymous Symbol]                       0x2000014c   Section        0  heap_4.o(.bss.pxEnd)
    pxOverflowDelayedTaskList                0x20000150   Data           4  tasks.o(.bss.pxOverflowDelayedTaskList)
    [Anonymous Symbol]                       0x20000150   Section        0  tasks.o(.bss.pxOverflowDelayedTaskList)
    pxReadyTasksLists                        0x20000154   Data         640  tasks.o(.bss.pxReadyTasksLists)
    [Anonymous Symbol]                       0x20000154   Section        0  tasks.o(.bss.pxReadyTasksLists)
    ucHeap                                   0x200003f8   Data       17408  heap_4.o(.bss.ucHeap)
    [Anonymous Symbol]                       0x200003f8   Section        0  heap_4.o(.bss.ucHeap)
    uxCurrentNumberOfTasks                   0x200047fc   Data           4  tasks.o(.bss.uxCurrentNumberOfTasks)
    [Anonymous Symbol]                       0x200047fc   Section        0  tasks.o(.bss.uxCurrentNumberOfTasks)
    uxDeletedTasksWaitingCleanUp             0x20004800   Data           4  tasks.o(.bss.uxDeletedTasksWaitingCleanUp)
    [Anonymous Symbol]                       0x20004800   Section        0  tasks.o(.bss.uxDeletedTasksWaitingCleanUp)
    uxSchedulerSuspended                     0x20004804   Data           4  tasks.o(.bss.uxSchedulerSuspended)
    [Anonymous Symbol]                       0x20004804   Section        0  tasks.o(.bss.uxSchedulerSuspended)
    uxTaskNumber                             0x20004808   Data           4  tasks.o(.bss.uxTaskNumber)
    [Anonymous Symbol]                       0x20004808   Section        0  tasks.o(.bss.uxTaskNumber)
    uxTopReadyPriority                       0x2000480c   Data           4  tasks.o(.bss.uxTopReadyPriority)
    [Anonymous Symbol]                       0x2000480c   Section        0  tasks.o(.bss.uxTopReadyPriority)
    xDelayedTaskList1                        0x20004810   Data          20  tasks.o(.bss.xDelayedTaskList1)
    [Anonymous Symbol]                       0x20004810   Section        0  tasks.o(.bss.xDelayedTaskList1)
    xDelayedTaskList2                        0x20004824   Data          20  tasks.o(.bss.xDelayedTaskList2)
    [Anonymous Symbol]                       0x20004824   Section        0  tasks.o(.bss.xDelayedTaskList2)
    xFreeBytesRemaining                      0x20004838   Data           4  heap_4.o(.bss.xFreeBytesRemaining)
    [Anonymous Symbol]                       0x20004838   Section        0  heap_4.o(.bss.xFreeBytesRemaining)
    xIdleTaskHandles                         0x2000483c   Data           4  tasks.o(.bss.xIdleTaskHandles)
    [Anonymous Symbol]                       0x2000483c   Section        0  tasks.o(.bss.xIdleTaskHandles)
    xMinimumEverFreeBytesRemaining           0x20004840   Data           4  heap_4.o(.bss.xMinimumEverFreeBytesRemaining)
    [Anonymous Symbol]                       0x20004840   Section        0  heap_4.o(.bss.xMinimumEverFreeBytesRemaining)
    xNextTaskUnblockTime                     0x20004844   Data           4  tasks.o(.bss.xNextTaskUnblockTime)
    [Anonymous Symbol]                       0x20004844   Section        0  tasks.o(.bss.xNextTaskUnblockTime)
    xNumOfOverflows                          0x20004848   Data           4  tasks.o(.bss.xNumOfOverflows)
    [Anonymous Symbol]                       0x20004848   Section        0  tasks.o(.bss.xNumOfOverflows)
    xNumberOfSuccessfulAllocations           0x2000484c   Data           4  heap_4.o(.bss.xNumberOfSuccessfulAllocations)
    [Anonymous Symbol]                       0x2000484c   Section        0  heap_4.o(.bss.xNumberOfSuccessfulAllocations)
    xNumberOfSuccessfulFrees                 0x20004850   Data           4  heap_4.o(.bss.xNumberOfSuccessfulFrees)
    [Anonymous Symbol]                       0x20004850   Section        0  heap_4.o(.bss.xNumberOfSuccessfulFrees)
    xPendedTicks                             0x20004854   Data           4  tasks.o(.bss.xPendedTicks)
    [Anonymous Symbol]                       0x20004854   Section        0  tasks.o(.bss.xPendedTicks)
    xPendingReadyList                        0x20004858   Data          20  tasks.o(.bss.xPendingReadyList)
    [Anonymous Symbol]                       0x20004858   Section        0  tasks.o(.bss.xPendingReadyList)
    xSchedulerRunning                        0x2000486c   Data           4  tasks.o(.bss.xSchedulerRunning)
    [Anonymous Symbol]                       0x2000486c   Section        0  tasks.o(.bss.xSchedulerRunning)
    xStart                                   0x20004870   Data           8  heap_4.o(.bss.xStart)
    [Anonymous Symbol]                       0x20004870   Section        0  heap_4.o(.bss.xStart)
    xSuspendedTaskList                       0x20004878   Data          20  tasks.o(.bss.xSuspendedTaskList)
    [Anonymous Symbol]                       0x20004878   Section        0  tasks.o(.bss.xSuspendedTaskList)
    xTasksWaitingTermination                 0x2000488c   Data          20  tasks.o(.bss.xTasksWaitingTermination)
    [Anonymous Symbol]                       0x2000488c   Section        0  tasks.o(.bss.xTasksWaitingTermination)
    xTickCount                               0x200048a0   Data           4  tasks.o(.bss.xTickCount)
    [Anonymous Symbol]                       0x200048a0   Section        0  tasks.o(.bss.xTickCount)
    xYieldPendings                           0x200048a4   Data           4  tasks.o(.bss.xYieldPendings)
    [Anonymous Symbol]                       0x200048a4   Section        0  tasks.o(.bss.xYieldPendings)
    Heap_Mem                                 0x200048a8   Data         512  startup_stm32f427xx.o(HEAP)
    HEAP                                     0x200048a8   Section      512  startup_stm32f427xx.o(HEAP)
    Stack_Mem                                0x20004aa8   Data        1024  startup_stm32f427xx.o(STACK)
    STACK                                    0x20004aa8   Section     1024  startup_stm32f427xx.o(STACK)
    __initial_sp                             0x20004ea8   Data           0  startup_stm32f427xx.o(STACK)

    Global Symbols

    Symbol Name                              Value     Ov Type        Size  Object(Section)

    BuildAttributes$$THM_ISAv4$E$P$D$K$B$S$7EM$VFPi3$EXTD16$VFPS$VFMA$PE$A:L22UL41UL21$X:L11$S22US41US21$IEEE1$IW$~IW$USESV6$~STKCKD$USESV7$~SHL$OTIME$ROPI$EBA8$UX$STANDARDLIB$REQ8$PRES8$EABIv2 0x00000000   Number         0  anon$$obj.o ABSOLUTE
    __ARM_exceptions_init                     - Undefined Weak Reference
    __alloca_initialize                       - Undefined Weak Reference
    __arm_preinit_                            - Undefined Weak Reference
    __arm_relocate_pie_                       - Undefined Weak Reference
    __cpp_initialize__aeabi_                  - Undefined Weak Reference
    __cxa_finalize                            - Undefined Weak Reference
    __rt_locale                               - Undefined Weak Reference
    __sigvec_lookup                           - Undefined Weak Reference
    _atexit_init                              - Undefined Weak Reference
    _call_atexit_fns                          - Undefined Weak Reference
    _clock_init                               - Undefined Weak Reference
    _fp_trap_init                             - Undefined Weak Reference
    _fp_trap_shutdown                         - Undefined Weak Reference
    _get_lc_collate                           - Undefined Weak Reference
    _get_lc_ctype                             - Undefined Weak Reference
    _get_lc_monetary                          - Undefined Weak Reference
    _get_lc_numeric                           - Undefined Weak Reference
    _get_lc_time                              - Undefined Weak Reference
    _getenv_init                              - Undefined Weak Reference
    _handle_redirection                       - Undefined Weak Reference
    _init_alloc                               - Undefined Weak Reference
    _init_user_alloc                          - Undefined Weak Reference
    _initio                                   - Undefined Weak Reference
    _rand_init                                - Undefined Weak Reference
    _signal_finish                            - Undefined Weak Reference
    _signal_init                              - Undefined Weak Reference
    _terminate_alloc                          - Undefined Weak Reference
    _terminate_user_alloc                     - Undefined Weak Reference
    _terminateio                              - Undefined Weak Reference
    __Vectors_Size                           0x000001ac   Number         0  startup_stm32f427xx.o ABSOLUTE
    __Vectors                                0x08000000   Data           4  startup_stm32f427xx.o(RESET)
    __Vectors_End                            0x080001ac   Data           0  startup_stm32f427xx.o(RESET)
    __main                                   0x080001ad   Thumb Code     8  __main.o(!!!main)
    __scatterload                            0x080001b5   Thumb Code     0  __scatter.o(!!!scatter)
    __scatterload_rt2                        0x080001b5   Thumb Code    84  __scatter.o(!!!scatter)
    __scatterload_rt2_thumb_only             0x080001b5   Thumb Code     0  __scatter.o(!!!scatter)
    __scatterload_loop                       0x080001bf   Thumb Code     0  __scatter.o(!!!scatter)
    __scatterload_copy                       0x08000211   Thumb Code    26  __scatter_copy.o(!!handler_copy)
    __scatterload_null                       0x0800022d   Thumb Code     2  __scatter.o(!!handler_null)
    __scatterload_zeroinit                   0x08000231   Thumb Code    28  __scatter_zi.o(!!handler_zi)
    __rt_lib_init                            0x0800024d   Thumb Code     0  libinit.o(.ARM.Collect$$libinit$$00000000)
    __rt_lib_init_fp_1                       0x0800024f   Thumb Code     0  libinit2.o(.ARM.Collect$$libinit$$00000001)
    __rt_lib_init_alloca_1                   0x08000253   Thumb Code     0  libinit2.o(.ARM.Collect$$libinit$$00000030)
    __rt_lib_init_argv_1                     0x08000253   Thumb Code     0  libinit2.o(.ARM.Collect$$libinit$$0000002E)
    __rt_lib_init_atexit_1                   0x08000253   Thumb Code     0  libinit2.o(.ARM.Collect$$libinit$$0000001D)
    __rt_lib_init_clock_1                    0x08000253   Thumb Code     0  libinit2.o(.ARM.Collect$$libinit$$00000023)
    __rt_lib_init_cpp_1                      0x08000253   Thumb Code     0  libinit2.o(.ARM.Collect$$libinit$$00000034)
    __rt_lib_init_exceptions_1               0x08000253   Thumb Code     0  libinit2.o(.ARM.Collect$$libinit$$00000032)
    __rt_lib_init_fp_trap_1                  0x08000253   Thumb Code     0  libinit2.o(.ARM.Collect$$libinit$$00000021)
    __rt_lib_init_getenv_1                   0x08000253   Thumb Code     0  libinit2.o(.ARM.Collect$$libinit$$00000025)
    __rt_lib_init_heap_1                     0x08000253   Thumb Code     0  libinit2.o(.ARM.Collect$$libinit$$0000000C)
    __rt_lib_init_lc_collate_1               0x08000253   Thumb Code     0  libinit2.o(.ARM.Collect$$libinit$$00000013)
    __rt_lib_init_lc_ctype_1                 0x08000253   Thumb Code     0  libinit2.o(.ARM.Collect$$libinit$$00000015)
    __rt_lib_init_lc_monetary_1              0x08000253   Thumb Code     0  libinit2.o(.ARM.Collect$$libinit$$00000017)
    __rt_lib_init_lc_numeric_1               0x08000253   Thumb Code     0  libinit2.o(.ARM.Collect$$libinit$$00000019)
    __rt_lib_init_lc_time_1                  0x08000253   Thumb Code     0  libinit2.o(.ARM.Collect$$libinit$$0000001B)
    __rt_lib_init_preinit_1                  0x08000253   Thumb Code     0  libinit2.o(.ARM.Collect$$libinit$$00000006)
    __rt_lib_init_rand_1                     0x08000253   Thumb Code     0  libinit2.o(.ARM.Collect$$libinit$$00000010)
    __rt_lib_init_relocate_pie_1             0x08000253   Thumb Code     0  libinit2.o(.ARM.Collect$$libinit$$00000004)
    __rt_lib_init_return                     0x08000253   Thumb Code     0  libinit2.o(.ARM.Collect$$libinit$$00000035)
    __rt_lib_init_signal_1                   0x08000253   Thumb Code     0  libinit2.o(.ARM.Collect$$libinit$$0000001F)
    __rt_lib_init_stdio_1                    0x08000253   Thumb Code     0  libinit2.o(.ARM.Collect$$libinit$$00000027)
    __rt_lib_init_user_alloc_1               0x08000253   Thumb Code     0  libinit2.o(.ARM.Collect$$libinit$$0000000E)
    __rt_lib_shutdown                        0x08000255   Thumb Code     0  libshutdown.o(.ARM.Collect$$libshutdown$$00000000)
    __rt_lib_shutdown_cpp_1                  0x08000257   Thumb Code     0  libshutdown2.o(.ARM.Collect$$libshutdown$$00000002)
    __rt_lib_shutdown_fp_trap_1              0x08000257   Thumb Code     0  libshutdown2.o(.ARM.Collect$$libshutdown$$00000007)
    __rt_lib_shutdown_heap_1                 0x08000257   Thumb Code     0  libshutdown2.o(.ARM.Collect$$libshutdown$$0000000F)
    __rt_lib_shutdown_return                 0x08000257   Thumb Code     0  libshutdown2.o(.ARM.Collect$$libshutdown$$00000010)
    __rt_lib_shutdown_signal_1               0x08000257   Thumb Code     0  libshutdown2.o(.ARM.Collect$$libshutdown$$0000000A)
    __rt_lib_shutdown_stdio_1                0x08000257   Thumb Code     0  libshutdown2.o(.ARM.Collect$$libshutdown$$00000004)
    __rt_lib_shutdown_user_alloc_1           0x08000257   Thumb Code     0  libshutdown2.o(.ARM.Collect$$libshutdown$$0000000C)
    __rt_entry                               0x08000259   Thumb Code     0  __rtentry.o(.ARM.Collect$$rtentry$$00000000)
    __rt_entry_presh_1                       0x08000259   Thumb Code     0  __rtentry2.o(.ARM.Collect$$rtentry$$00000002)
    __rt_entry_sh                            0x08000259   Thumb Code     0  __rtentry4.o(.ARM.Collect$$rtentry$$00000004)
    __rt_entry_li                            0x0800025f   Thumb Code     0  __rtentry2.o(.ARM.Collect$$rtentry$$0000000A)
    __rt_entry_postsh_1                      0x0800025f   Thumb Code     0  __rtentry2.o(.ARM.Collect$$rtentry$$00000009)
    __rt_entry_main                          0x08000263   Thumb Code     0  __rtentry2.o(.ARM.Collect$$rtentry$$0000000D)
    __rt_entry_postli_1                      0x08000263   Thumb Code     0  __rtentry2.o(.ARM.Collect$$rtentry$$0000000C)
    __rt_exit                                0x0800026b   Thumb Code     0  rtexit.o(.ARM.Collect$$rtexit$$00000000)
    __rt_exit_ls                             0x0800026d   Thumb Code     0  rtexit2.o(.ARM.Collect$$rtexit$$00000003)
    __rt_exit_prels_1                        0x0800026d   Thumb Code     0  rtexit2.o(.ARM.Collect$$rtexit$$00000002)
    __rt_exit_exit                           0x08000271   Thumb Code     0  rtexit2.o(.ARM.Collect$$rtexit$$00000004)
    Reset_Handler                            0x08000279   Thumb Code     8  startup_stm32f427xx.o(.text)
    ADC_IRQHandler                           0x08000293   Thumb Code     0  startup_stm32f427xx.o(.text)
    CAN1_RX1_IRQHandler                      0x08000293   Thumb Code     0  startup_stm32f427xx.o(.text)
    CAN1_SCE_IRQHandler                      0x08000293   Thumb Code     0  startup_stm32f427xx.o(.text)
    CAN1_TX_IRQHandler                       0x08000293   Thumb Code     0  startup_stm32f427xx.o(.text)
    CAN2_RX0_IRQHandler                      0x08000293   Thumb Code     0  startup_stm32f427xx.o(.text)
    CAN2_RX1_IRQHandler                      0x08000293   Thumb Code     0  startup_stm32f427xx.o(.text)
    CAN2_SCE_IRQHandler                      0x08000293   Thumb Code     0  startup_stm32f427xx.o(.text)
    CAN2_TX_IRQHandler                       0x08000293   Thumb Code     0  startup_stm32f427xx.o(.text)
    DCMI_IRQHandler                          0x08000293   Thumb Code     0  startup_stm32f427xx.o(.text)
    DMA1_Stream0_IRQHandler                  0x08000293   Thumb Code     0  startup_stm32f427xx.o(.text)
    DMA1_Stream1_IRQHandler                  0x08000293   Thumb Code     0  startup_stm32f427xx.o(.text)
    DMA1_Stream2_IRQHandler                  0x08000293   Thumb Code     0  startup_stm32f427xx.o(.text)
    DMA1_Stream3_IRQHandler                  0x08000293   Thumb Code     0  startup_stm32f427xx.o(.text)
    DMA1_Stream4_IRQHandler                  0x08000293   Thumb Code     0  startup_stm32f427xx.o(.text)
    DMA1_Stream5_IRQHandler                  0x08000293   Thumb Code     0  startup_stm32f427xx.o(.text)
    DMA1_Stream6_IRQHandler                  0x08000293   Thumb Code     0  startup_stm32f427xx.o(.text)
    DMA1_Stream7_IRQHandler                  0x08000293   Thumb Code     0  startup_stm32f427xx.o(.text)
    DMA2D_IRQHandler                         0x08000293   Thumb Code     0  startup_stm32f427xx.o(.text)
    DMA2_Stream0_IRQHandler                  0x08000293   Thumb Code     0  startup_stm32f427xx.o(.text)
    DMA2_Stream1_IRQHandler                  0x08000293   Thumb Code     0  startup_stm32f427xx.o(.text)
    DMA2_Stream2_IRQHandler                  0x08000293   Thumb Code     0  startup_stm32f427xx.o(.text)
    DMA2_Stream3_IRQHandler                  0x08000293   Thumb Code     0  startup_stm32f427xx.o(.text)
    DMA2_Stream4_IRQHandler                  0x08000293   Thumb Code     0  startup_stm32f427xx.o(.text)
    DMA2_Stream5_IRQHandler                  0x08000293   Thumb Code     0  startup_stm32f427xx.o(.text)
    DMA2_Stream6_IRQHandler                  0x08000293   Thumb Code     0  startup_stm32f427xx.o(.text)
    DMA2_Stream7_IRQHandler                  0x08000293   Thumb Code     0  startup_stm32f427xx.o(.text)
    ETH_IRQHandler                           0x08000293   Thumb Code     0  startup_stm32f427xx.o(.text)
    ETH_WKUP_IRQHandler                      0x08000293   Thumb Code     0  startup_stm32f427xx.o(.text)
    EXTI0_IRQHandler                         0x08000293   Thumb Code     0  startup_stm32f427xx.o(.text)
    EXTI15_10_IRQHandler                     0x08000293   Thumb Code     0  startup_stm32f427xx.o(.text)
    EXTI1_IRQHandler                         0x08000293   Thumb Code     0  startup_stm32f427xx.o(.text)
    EXTI3_IRQHandler                         0x08000293   Thumb Code     0  startup_stm32f427xx.o(.text)
    EXTI4_IRQHandler                         0x08000293   Thumb Code     0  startup_stm32f427xx.o(.text)
    EXTI9_5_IRQHandler                       0x08000293   Thumb Code     0  startup_stm32f427xx.o(.text)
    FLASH_IRQHandler                         0x08000293   Thumb Code     0  startup_stm32f427xx.o(.text)
    FMC_IRQHandler                           0x08000293   Thumb Code     0  startup_stm32f427xx.o(.text)
    FPU_IRQHandler                           0x08000293   Thumb Code     0  startup_stm32f427xx.o(.text)
    HASH_RNG_IRQHandler                      0x08000293   Thumb Code     0  startup_stm32f427xx.o(.text)
    I2C1_ER_IRQHandler                       0x08000293   Thumb Code     0  startup_stm32f427xx.o(.text)
    I2C1_EV_IRQHandler                       0x08000293   Thumb Code     0  startup_stm32f427xx.o(.text)
    I2C2_ER_IRQHandler                       0x08000293   Thumb Code     0  startup_stm32f427xx.o(.text)
    I2C2_EV_IRQHandler                       0x08000293   Thumb Code     0  startup_stm32f427xx.o(.text)
    I2C3_ER_IRQHandler                       0x08000293   Thumb Code     0  startup_stm32f427xx.o(.text)
    I2C3_EV_IRQHandler                       0x08000293   Thumb Code     0  startup_stm32f427xx.o(.text)
    OTG_FS_IRQHandler                        0x08000293   Thumb Code     0  startup_stm32f427xx.o(.text)
    OTG_FS_WKUP_IRQHandler                   0x08000293   Thumb Code     0  startup_stm32f427xx.o(.text)
    OTG_HS_EP1_IN_IRQHandler                 0x08000293   Thumb Code     0  startup_stm32f427xx.o(.text)
    OTG_HS_EP1_OUT_IRQHandler                0x08000293   Thumb Code     0  startup_stm32f427xx.o(.text)
    OTG_HS_IRQHandler                        0x08000293   Thumb Code     0  startup_stm32f427xx.o(.text)
    OTG_HS_WKUP_IRQHandler                   0x08000293   Thumb Code     0  startup_stm32f427xx.o(.text)
    PVD_IRQHandler                           0x08000293   Thumb Code     0  startup_stm32f427xx.o(.text)
    RCC_IRQHandler                           0x08000293   Thumb Code     0  startup_stm32f427xx.o(.text)
    RTC_Alarm_IRQHandler                     0x08000293   Thumb Code     0  startup_stm32f427xx.o(.text)
    RTC_WKUP_IRQHandler                      0x08000293   Thumb Code     0  startup_stm32f427xx.o(.text)
    SAI1_IRQHandler                          0x08000293   Thumb Code     0  startup_stm32f427xx.o(.text)
    SDIO_IRQHandler                          0x08000293   Thumb Code     0  startup_stm32f427xx.o(.text)
    SPI1_IRQHandler                          0x08000293   Thumb Code     0  startup_stm32f427xx.o(.text)
    SPI2_IRQHandler                          0x08000293   Thumb Code     0  startup_stm32f427xx.o(.text)
    SPI3_IRQHandler                          0x08000293   Thumb Code     0  startup_stm32f427xx.o(.text)
    SPI4_IRQHandler                          0x08000293   Thumb Code     0  startup_stm32f427xx.o(.text)
    SPI5_IRQHandler                          0x08000293   Thumb Code     0  startup_stm32f427xx.o(.text)
    SPI6_IRQHandler                          0x08000293   Thumb Code     0  startup_stm32f427xx.o(.text)
    TAMP_STAMP_IRQHandler                    0x08000293   Thumb Code     0  startup_stm32f427xx.o(.text)
    TIM1_BRK_TIM9_IRQHandler                 0x08000293   Thumb Code     0  startup_stm32f427xx.o(.text)
    TIM1_CC_IRQHandler                       0x08000293   Thumb Code     0  startup_stm32f427xx.o(.text)
    TIM1_TRG_COM_TIM11_IRQHandler            0x08000293   Thumb Code     0  startup_stm32f427xx.o(.text)
    TIM1_UP_TIM10_IRQHandler                 0x08000293   Thumb Code     0  startup_stm32f427xx.o(.text)
    TIM2_IRQHandler                          0x08000293   Thumb Code     0  startup_stm32f427xx.o(.text)
    TIM3_IRQHandler                          0x08000293   Thumb Code     0  startup_stm32f427xx.o(.text)
    TIM4_IRQHandler                          0x08000293   Thumb Code     0  startup_stm32f427xx.o(.text)
    TIM5_IRQHandler                          0x08000293   Thumb Code     0  startup_stm32f427xx.o(.text)
    TIM6_DAC_IRQHandler                      0x08000293   Thumb Code     0  startup_stm32f427xx.o(.text)
    TIM7_IRQHandler                          0x08000293   Thumb Code     0  startup_stm32f427xx.o(.text)
    TIM8_BRK_TIM12_IRQHandler                0x08000293   Thumb Code     0  startup_stm32f427xx.o(.text)
    TIM8_CC_IRQHandler                       0x08000293   Thumb Code     0  startup_stm32f427xx.o(.text)
    TIM8_TRG_COM_TIM14_IRQHandler            0x08000293   Thumb Code     0  startup_stm32f427xx.o(.text)
    UART4_IRQHandler                         0x08000293   Thumb Code     0  startup_stm32f427xx.o(.text)
    UART5_IRQHandler                         0x08000293   Thumb Code     0  startup_stm32f427xx.o(.text)
    UART7_IRQHandler                         0x08000293   Thumb Code     0  startup_stm32f427xx.o(.text)
    UART8_IRQHandler                         0x08000293   Thumb Code     0  startup_stm32f427xx.o(.text)
    USART1_IRQHandler                        0x08000293   Thumb Code     0  startup_stm32f427xx.o(.text)
    USART2_IRQHandler                        0x08000293   Thumb Code     0  startup_stm32f427xx.o(.text)
    USART3_IRQHandler                        0x08000293   Thumb Code     0  startup_stm32f427xx.o(.text)
    USART6_IRQHandler                        0x08000293   Thumb Code     0  startup_stm32f427xx.o(.text)
    WWDG_IRQHandler                          0x08000293   Thumb Code     0  startup_stm32f427xx.o(.text)
    __user_initial_stackheap                 0x08000295   Thumb Code     0  startup_stm32f427xx.o(.text)
    __aeabi_uldivmod                         0x080002b9   Thumb Code     0  lludivv7m.o(.text)
    _ll_udiv                                 0x080002b9   Thumb Code   240  lludivv7m.o(.text)
    __aeabi_memclr                           0x080003a9   Thumb Code     0  rt_memclr.o(.text)
    __rt_memclr                              0x080003a9   Thumb Code     0  rt_memclr.o(.text)
    _memset                                  0x080003ad   Thumb Code    64  rt_memclr.o(.text)
    __aeabi_memclr4                          0x080003ed   Thumb Code     0  rt_memclr_w.o(.text)
    __aeabi_memclr8                          0x080003ed   Thumb Code     0  rt_memclr_w.o(.text)
    __rt_memclr_w                            0x080003ed   Thumb Code     0  rt_memclr_w.o(.text)
    _memset_w                                0x080003f1   Thumb Code    74  rt_memclr_w.o(.text)
    __use_two_region_memory                  0x0800043b   Thumb Code     2  heapauxi.o(.text)
    __rt_heap_escrow$2region                 0x0800043d   Thumb Code     2  heapauxi.o(.text)
    __rt_heap_expand$2region                 0x0800043f   Thumb Code     2  heapauxi.o(.text)
    __user_setup_stackheap                   0x08000441   Thumb Code    74  sys_stackheap_outer.o(.text)
    exit                                     0x0800048b   Thumb Code    18  exit.o(.text)
    __user_libspace                          0x0800049d   Thumb Code     8  libspace.o(.text)
    __user_perproc_libspace                  0x0800049d   Thumb Code     0  libspace.o(.text)
    __user_perthread_libspace                0x0800049d   Thumb Code     0  libspace.o(.text)
    _sys_exit                                0x080004a5   Thumb Code     8  sys_exit.o(.text)
    __I$use$semihosting                      0x080004b1   Thumb Code     0  use_no_semi.o(.text)
    __use_no_semihosting_swi                 0x080004b1   Thumb Code     2  use_no_semi.o(.text)
    __semihosting_library_function           0x080004b3   Thumb Code     0  indicate_semi.o(.text)
    BusFault_Handler                         0x080004b5   Thumb Code     2  stm32f4xx_it.o(.text.BusFault_Handler)
    CAN1_RX0_IRQHandler                      0x080004b9   Thumb Code    12  stm32f4xx_it.o(.text.CAN1_RX0_IRQHandler)
    CAN_Filter_Init                          0x080004c5   Thumb Code    90  bsp_can.o(.text.CAN_Filter_Init)
    DebugMon_Handler                         0x08000521   Thumb Code     2  stm32f4xx_it.o(.text.DebugMon_Handler)
    EXTI2_IRQHandler                         0x08000525   Thumb Code     6  stm32f4xx_it.o(.text.EXTI2_IRQHandler)
    Error_Handler                            0x0800052d   Thumb Code     6  main.o(.text.Error_Handler)
    FreeRTOS_Start                           0x08000535   Thumb Code    48  robottask.o(.text.FreeRTOS_Start)
    HAL_CAN_ActivateNotification             0x08000571   Thumb Code    38  stm32f4xx_hal_can.o(.text.HAL_CAN_ActivateNotification)
    HAL_CAN_AddTxMessage                     0x08000599   Thumb Code   150  stm32f4xx_hal_can.o(.text.HAL_CAN_AddTxMessage)
    HAL_CAN_ConfigFilter                     0x08000631   Thumb Code   222  stm32f4xx_hal_can.o(.text.HAL_CAN_ConfigFilter)
    HAL_CAN_ErrorCallback                    0x08000711   Thumb Code     2  stm32f4xx_hal_can.o(.text.HAL_CAN_ErrorCallback)
    HAL_CAN_GetRxMessage                     0x08000715   Thumb Code   282  stm32f4xx_hal_can.o(.text.HAL_CAN_GetRxMessage)
    HAL_CAN_IRQHandler                       0x08000831   Thumb Code   578  stm32f4xx_hal_can.o(.text.HAL_CAN_IRQHandler)
    HAL_CAN_Init                             0x08000a75   Thumb Code   244  stm32f4xx_hal_can.o(.text.HAL_CAN_Init)
    HAL_CAN_MspInit                          0x08000b69   Thumb Code   120  can.o(.text.HAL_CAN_MspInit)
    HAL_CAN_RxFifo0FullCallback              0x08000be1   Thumb Code     2  stm32f4xx_hal_can.o(.text.HAL_CAN_RxFifo0FullCallback)
    HAL_CAN_RxFifo0MsgPendingCallback        0x08000be5   Thumb Code    76  gm6020.o(.text.HAL_CAN_RxFifo0MsgPendingCallback)
    HAL_CAN_RxFifo1FullCallback              0x08000c31   Thumb Code     2  stm32f4xx_hal_can.o(.text.HAL_CAN_RxFifo1FullCallback)
    HAL_CAN_RxFifo1MsgPendingCallback        0x08000c35   Thumb Code     2  stm32f4xx_hal_can.o(.text.HAL_CAN_RxFifo1MsgPendingCallback)
    HAL_CAN_SleepCallback                    0x08000c39   Thumb Code     2  stm32f4xx_hal_can.o(.text.HAL_CAN_SleepCallback)
    HAL_CAN_Start                            0x08000c3d   Thumb Code    90  stm32f4xx_hal_can.o(.text.HAL_CAN_Start)
    HAL_CAN_TxMailbox0AbortCallback          0x08000c99   Thumb Code     2  stm32f4xx_hal_can.o(.text.HAL_CAN_TxMailbox0AbortCallback)
    HAL_CAN_TxMailbox0CompleteCallback       0x08000c9d   Thumb Code     2  stm32f4xx_hal_can.o(.text.HAL_CAN_TxMailbox0CompleteCallback)
    HAL_CAN_TxMailbox1AbortCallback          0x08000ca1   Thumb Code     2  stm32f4xx_hal_can.o(.text.HAL_CAN_TxMailbox1AbortCallback)
    HAL_CAN_TxMailbox1CompleteCallback       0x08000ca5   Thumb Code     2  stm32f4xx_hal_can.o(.text.HAL_CAN_TxMailbox1CompleteCallback)
    HAL_CAN_TxMailbox2AbortCallback          0x08000ca9   Thumb Code     2  stm32f4xx_hal_can.o(.text.HAL_CAN_TxMailbox2AbortCallback)
    HAL_CAN_TxMailbox2CompleteCallback       0x08000cad   Thumb Code     2  stm32f4xx_hal_can.o(.text.HAL_CAN_TxMailbox2CompleteCallback)
    HAL_CAN_WakeUpFromRxMsgCallback          0x08000cb1   Thumb Code     2  stm32f4xx_hal_can.o(.text.HAL_CAN_WakeUpFromRxMsgCallback)
    HAL_GPIO_EXTI_Callback                   0x08000cb5   Thumb Code   148  key.o(.text.HAL_GPIO_EXTI_Callback)
    HAL_GPIO_EXTI_IRQHandler                 0x08000d49   Thumb Code    22  stm32f4xx_hal_gpio.o(.text.HAL_GPIO_EXTI_IRQHandler)
    HAL_GPIO_Init                            0x08000d61   Thumb Code   414  stm32f4xx_hal_gpio.o(.text.HAL_GPIO_Init)
    HAL_GPIO_WritePin                        0x08000f01   Thumb Code    10  stm32f4xx_hal_gpio.o(.text.HAL_GPIO_WritePin)
    HAL_GetTick                              0x08000f0d   Thumb Code    12  stm32f4xx_hal.o(.text.HAL_GetTick)
    HAL_IncTick                              0x08000f19   Thumb Code    26  stm32f4xx_hal.o(.text.HAL_IncTick)
    HAL_Init                                 0x08000f35   Thumb Code    54  stm32f4xx_hal.o(.text.HAL_Init)
    HAL_InitTick                             0x08000f6d   Thumb Code   168  stm32f4xx_hal_timebase_tim.o(.text.HAL_InitTick)
    HAL_MspInit                              0x08001015   Thumb Code    66  stm32f4xx_hal_msp.o(.text.HAL_MspInit)
    HAL_NVIC_EnableIRQ                       0x08001059   Thumb Code    34  stm32f4xx_hal_cortex.o(.text.HAL_NVIC_EnableIRQ)
    HAL_NVIC_SetPriority                     0x0800107d   Thumb Code    86  stm32f4xx_hal_cortex.o(.text.HAL_NVIC_SetPriority)
    HAL_NVIC_SetPriorityGrouping             0x080010d5   Thumb Code    32  stm32f4xx_hal_cortex.o(.text.HAL_NVIC_SetPriorityGrouping)
    HAL_PWREx_EnableOverDrive                0x080010f5   Thumb Code   122  stm32f4xx_hal_pwr_ex.o(.text.HAL_PWREx_EnableOverDrive)
    HAL_RCC_ClockConfig                      0x08001171   Thumb Code   352  stm32f4xx_hal_rcc.o(.text.HAL_RCC_ClockConfig)
    HAL_RCC_GetClockConfig                   0x080012d1   Thumb Code    62  stm32f4xx_hal_rcc.o(.text.HAL_RCC_GetClockConfig)
    HAL_RCC_GetPCLK2Freq                     0x08001311   Thumb Code    38  stm32f4xx_hal_rcc.o(.text.HAL_RCC_GetPCLK2Freq)
    HAL_RCC_GetSysClockFreq                  0x08001339   Thumb Code   104  stm32f4xx_hal_rcc.o(.text.HAL_RCC_GetSysClockFreq)
    HAL_RCC_OscConfig                        0x080013a1   Thumb Code   884  stm32f4xx_hal_rcc.o(.text.HAL_RCC_OscConfig)
    HAL_TIMEx_BreakCallback                  0x08001715   Thumb Code     2  stm32f4xx_hal_tim_ex.o(.text.HAL_TIMEx_BreakCallback)
    HAL_TIMEx_CommutCallback                 0x08001719   Thumb Code     2  stm32f4xx_hal_tim_ex.o(.text.HAL_TIMEx_CommutCallback)
    HAL_TIM_Base_Init                        0x0800171d   Thumb Code    90  stm32f4xx_hal_tim.o(.text.HAL_TIM_Base_Init)
    HAL_TIM_Base_MspInit                     0x08001779   Thumb Code     2  stm32f4xx_hal_tim.o(.text.HAL_TIM_Base_MspInit)
    HAL_TIM_Base_Start_IT                    0x0800177d   Thumb Code   168  stm32f4xx_hal_tim.o(.text.HAL_TIM_Base_Start_IT)
    HAL_TIM_IC_CaptureCallback               0x08001825   Thumb Code     2  stm32f4xx_hal_tim.o(.text.HAL_TIM_IC_CaptureCallback)
    HAL_TIM_IRQHandler                       0x08001829   Thumb Code   330  stm32f4xx_hal_tim.o(.text.HAL_TIM_IRQHandler)
    HAL_TIM_OC_DelayElapsedCallback          0x08001975   Thumb Code     2  stm32f4xx_hal_tim.o(.text.HAL_TIM_OC_DelayElapsedCallback)
    HAL_TIM_PWM_PulseFinishedCallback        0x08001979   Thumb Code     2  stm32f4xx_hal_tim.o(.text.HAL_TIM_PWM_PulseFinishedCallback)
    HAL_TIM_PeriodElapsedCallback            0x0800197d   Thumb Code    20  main.o(.text.HAL_TIM_PeriodElapsedCallback)
    HAL_TIM_TriggerCallback                  0x08001991   Thumb Code     2  stm32f4xx_hal_tim.o(.text.HAL_TIM_TriggerCallback)
    HardFault_Handler                        0x08001995   Thumb Code     2  stm32f4xx_it.o(.text.HardFault_Handler)
    MX_CAN1_Init                             0x08001999   Thumb Code    58  can.o(.text.MX_CAN1_Init)
    MX_GPIO_Init                             0x080019d5   Thumb Code   204  gpio.o(.text.MX_GPIO_Init)
    MemManage_Handler                        0x08001aa1   Thumb Code     2  stm32f4xx_it.o(.text.MemManage_Handler)
    NMI_Handler                              0x08001aa5   Thumb Code     2  stm32f4xx_it.o(.text.NMI_Handler)
    PID_Calculate                            0x08001aa9   Thumb Code   352  pid.o(.text.PID_Calculate)
    PendSV_Handler                           0x08001c11   Thumb Code   100  port.o(.text.PendSV_Handler)
    SVC_Handler                              0x08001c81   Thumb Code    36  port.o(.text.SVC_Handler)
    SysTick_Handler                          0x08001ca5   Thumb Code    20  stm32f4xx_it.o(.text.SysTick_Handler)
    SystemClock_Config                       0x08001cb9   Thumb Code   182  main.o(.text.SystemClock_Config)
    SystemInit                               0x08001d71   Thumb Code    18  system_stm32f4xx.o(.text.SystemInit)
    TIM8_UP_TIM13_IRQHandler                 0x08001d85   Thumb Code    12  stm32f4xx_it.o(.text.TIM8_UP_TIM13_IRQHandler)
    TIM_Base_SetConfig                       0x08001d91   Thumb Code   300  stm32f4xx_hal_tim.o(.text.TIM_Base_SetConfig)
    UsageFault_Handler                       0x08001ebd   Thumb Code     2  stm32f4xx_it.o(.text.UsageFault_Handler)
    gm6020_set_current                       0x08001f29   Thumb Code    88  gm6020.o(.text.gm6020_set_current)
    main                                     0x08001f81   Thumb Code    26  main.o(.text.main)
    pvPortMalloc                             0x0800206d   Thumb Code   370  heap_4.o(.text.pvPortMalloc)
    pxPortInitialiseStack                    0x080021e1   Thumb Code    36  port.o(.text.pxPortInitialiseStack)
    startTask                                0x08002205   Thumb Code    60  robottask.o(.text.startTask)
    uxListRemove                             0x08002251   Thumb Code    34  list.o(.text.uxListRemove)
    vListInitialise                          0x08002275   Thumb Code    22  list.o(.text.vListInitialise)
    vListInitialiseItem                      0x0800228d   Thumb Code     6  list.o(.text.vListInitialiseItem)
    vListInsert                              0x08002295   Thumb Code    96  list.o(.text.vListInsert)
    vListInsertEnd                           0x080022f5   Thumb Code    26  list.o(.text.vListInsertEnd)
    vPortEnterCritical                       0x08002325   Thumb Code    32  port.o(.text.vPortEnterCritical)
    vPortExitCritical                        0x08002345   Thumb Code    26  port.o(.text.vPortExitCritical)
    vPortFree                                0x08002361   Thumb Code   176  heap_4.o(.text.vPortFree)
    vPortSetupTimerInterrupt                 0x08002411   Thumb Code    30  port.o(.text.vPortSetupTimerInterrupt)
    vTaskDelay                               0x08002431   Thumb Code   182  tasks.o(.text.vTaskDelay)
    vTaskDelete                              0x080024e9   Thumb Code   260  tasks.o(.text.vTaskDelete)
    vTaskStartScheduler                      0x080025ed   Thumb Code   124  tasks.o(.text.vTaskStartScheduler)
    vTaskSuspendAll                          0x08002669   Thumb Code    16  tasks.o(.text.vTaskSuspendAll)
    vTaskSwitchContext                       0x08002679   Thumb Code   110  tasks.o(.text.vTaskSwitchContext)
    xPortStartScheduler                      0x080026e9   Thumb Code   112  port.o(.text.xPortStartScheduler)
    xPortSysTickHandler                      0x08002759   Thumb Code    46  port.o(.text.xPortSysTickHandler)
    xTaskCreate                              0x08002789   Thumb Code   868  tasks.o(.text.xTaskCreate)
    xTaskGetSchedulerState                   0x08002aed   Thumb Code    38  tasks.o(.text.xTaskGetSchedulerState)
    xTaskIncrementTick                       0x08002b15   Thumb Code   402  tasks.o(.text.xTaskIncrementTick)
    xTaskResumeAll                           0x08002ca9   Thumb Code   364  tasks.o(.text.xTaskResumeAll)
    _fp_init                                 0x08002e15   Thumb Code    26  fpinit.o(x$fpl$fpinit)
    __fplib_config_fpu_vfp                   0x08002e2d   Thumb Code     0  fpinit.o(x$fpl$fpinit)
    __fplib_config_pureend_doubles           0x08002e2d   Thumb Code     0  fpinit.o(x$fpl$fpinit)
    AHBPrescTable                            0x08002e2e   Data          16  system_stm32f4xx.o(.rodata.AHBPrescTable)
    APBPrescTable                            0x08002e3e   Data           8  system_stm32f4xx.o(.rodata.APBPrescTable)
    Region$$Table$$Base                      0x08002e4c   Number         0  anon$$obj.o(Region$$Table)
    Region$$Table$$Limit                     0x08002e6c   Number         0  anon$$obj.o(Region$$Table)
    SystemCoreClock                          0x20000000   Data           4  system_stm32f4xx.o(.data.SystemCoreClock)
    gm6020_speed_pid                         0x20000004   Data          64  gm6020.o(.data.gm6020_speed_pid)
    uwTickFreq                               0x20000044   Data           1  stm32f4xx_hal.o(.data.uwTickFreq)
    uwTickPrio                               0x20000048   Data           4  stm32f4xx_hal.o(.data.uwTickPrio)
    __libspace_start                         0x20000050   Data          96  libspace.o(.bss)
    __temporary_stack_top$libspace           0x200000b0   Data           0  libspace.o(.bss)
    current_set                              0x200000b8   Data           4  robottask.o(.bss.current_set)
    gimbalTaskHandle                         0x200000bc   Data           4  robottask.o(.bss.gimbalTaskHandle)
    gm6020_behavior                          0x200000c0   Data           8  gm6020.o(.bss.gm6020_behavior)
    gm6020_data                              0x200000c8   Data           8  gm6020.o(.bss.gm6020_data)
    hcan1                                    0x200000d0   Data          40  can.o(.bss.hcan1)
    htim8                                    0x200000f8   Data          72  stm32f4xx_hal_timebase_tim.o(.bss.htim8)
    pxCurrentTCB                             0x20000144   Data           4  tasks.o(.bss.pxCurrentTCB)
    startTaskHandle                          0x200003d4   Data           4  robottask.o(.bss.startTaskHandle)
    tx_data                                  0x200003d8   Data           8  gm6020.o(.bss.tx_data)
    tx_header                                0x200003e0   Data          24  gm6020.o(.bss.tx_header)
    uwTick                                   0x200047f8   Data           4  stm32f4xx_hal.o(.bss.uwTick)



==============================================================================

Memory Map of the image

  Image Entry point : 0x080001ad

  Load Region LR_IROM1 (Base: 0x08000000, Size: 0x00002ec0, Max: 0x00200000, ABSOLUTE)

    Execution Region ER_IROM1 (Exec base: 0x08000000, Load base: 0x08000000, Size: 0x00002e6c, Max: 0x00200000, ABSOLUTE)

    Exec Addr    Load Addr    Size         Type   Attr      Idx    E Section Name        Object

    0x08000000   0x08000000   0x000001ac   Data   RO            3    RESET               startup_stm32f427xx.o
    0x080001ac   0x080001ac   0x00000008   Code   RO         1333  * !!!main             c_w.l(__main.o)
    0x080001b4   0x080001b4   0x0000005c   Code   RO         1510    !!!scatter          c_w.l(__scatter.o)
    0x08000210   0x08000210   0x0000001a   Code   RO         1514    !!handler_copy      c_w.l(__scatter_copy.o)
    0x0800022a   0x0800022a   0x00000002   PAD
    0x0800022c   0x0800022c   0x00000002   Code   RO         1511    !!handler_null      c_w.l(__scatter.o)
    0x0800022e   0x0800022e   0x00000002   PAD
    0x08000230   0x08000230   0x0000001c   Code   RO         1516    !!handler_zi        c_w.l(__scatter_zi.o)
    0x0800024c   0x0800024c   0x00000002   Code   RO         1372    .ARM.Collect$$libinit$$00000000  c_w.l(libinit.o)
    0x0800024e   0x0800024e   0x00000004   Code   RO         1384    .ARM.Collect$$libinit$$00000001  c_w.l(libinit2.o)
    0x08000252   0x08000252   0x00000000   Code   RO         1387    .ARM.Collect$$libinit$$00000004  c_w.l(libinit2.o)
    0x08000252   0x08000252   0x00000000   Code   RO         1389    .ARM.Collect$$libinit$$00000006  c_w.l(libinit2.o)
    0x08000252   0x08000252   0x00000000   Code   RO         1392    .ARM.Collect$$libinit$$0000000C  c_w.l(libinit2.o)
    0x08000252   0x08000252   0x00000000   Code   RO         1394    .ARM.Collect$$libinit$$0000000E  c_w.l(libinit2.o)
    0x08000252   0x08000252   0x00000000   Code   RO         1396    .ARM.Collect$$libinit$$00000010  c_w.l(libinit2.o)
    0x08000252   0x08000252   0x00000000   Code   RO         1399    .ARM.Collect$$libinit$$00000013  c_w.l(libinit2.o)
    0x08000252   0x08000252   0x00000000   Code   RO         1401    .ARM.Collect$$libinit$$00000015  c_w.l(libinit2.o)
    0x08000252   0x08000252   0x00000000   Code   RO         1403    .ARM.Collect$$libinit$$00000017  c_w.l(libinit2.o)
    0x08000252   0x08000252   0x00000000   Code   RO         1405    .ARM.Collect$$libinit$$00000019  c_w.l(libinit2.o)
    0x08000252   0x08000252   0x00000000   Code   RO         1407    .ARM.Collect$$libinit$$0000001B  c_w.l(libinit2.o)
    0x08000252   0x08000252   0x00000000   Code   RO         1409    .ARM.Collect$$libinit$$0000001D  c_w.l(libinit2.o)
    0x08000252   0x08000252   0x00000000   Code   RO         1411    .ARM.Collect$$libinit$$0000001F  c_w.l(libinit2.o)
    0x08000252   0x08000252   0x00000000   Code   RO         1413    .ARM.Collect$$libinit$$00000021  c_w.l(libinit2.o)
    0x08000252   0x08000252   0x00000000   Code   RO         1415    .ARM.Collect$$libinit$$00000023  c_w.l(libinit2.o)
    0x08000252   0x08000252   0x00000000   Code   RO         1417    .ARM.Collect$$libinit$$00000025  c_w.l(libinit2.o)
    0x08000252   0x08000252   0x00000000   Code   RO         1419    .ARM.Collect$$libinit$$00000027  c_w.l(libinit2.o)
    0x08000252   0x08000252   0x00000000   Code   RO         1423    .ARM.Collect$$libinit$$0000002E  c_w.l(libinit2.o)
    0x08000252   0x08000252   0x00000000   Code   RO         1425    .ARM.Collect$$libinit$$00000030  c_w.l(libinit2.o)
    0x08000252   0x08000252   0x00000000   Code   RO         1427    .ARM.Collect$$libinit$$00000032  c_w.l(libinit2.o)
    0x08000252   0x08000252   0x00000000   Code   RO         1429    .ARM.Collect$$libinit$$00000034  c_w.l(libinit2.o)
    0x08000252   0x08000252   0x00000002   Code   RO         1430    .ARM.Collect$$libinit$$00000035  c_w.l(libinit2.o)
    0x08000254   0x08000254   0x00000002   Code   RO         1465    .ARM.Collect$$libshutdown$$00000000  c_w.l(libshutdown.o)
    0x08000256   0x08000256   0x00000000   Code   RO         1493    .ARM.Collect$$libshutdown$$00000002  c_w.l(libshutdown2.o)
    0x08000256   0x08000256   0x00000000   Code   RO         1495    .ARM.Collect$$libshutdown$$00000004  c_w.l(libshutdown2.o)
    0x08000256   0x08000256   0x00000000   Code   RO         1498    .ARM.Collect$$libshutdown$$00000007  c_w.l(libshutdown2.o)
    0x08000256   0x08000256   0x00000000   Code   RO         1501    .ARM.Collect$$libshutdown$$0000000A  c_w.l(libshutdown2.o)
    0x08000256   0x08000256   0x00000000   Code   RO         1503    .ARM.Collect$$libshutdown$$0000000C  c_w.l(libshutdown2.o)
    0x08000256   0x08000256   0x00000000   Code   RO         1506    .ARM.Collect$$libshutdown$$0000000F  c_w.l(libshutdown2.o)
    0x08000256   0x08000256   0x00000002   Code   RO         1507    .ARM.Collect$$libshutdown$$00000010  c_w.l(libshutdown2.o)
    0x08000258   0x08000258   0x00000000   Code   RO         1335    .ARM.Collect$$rtentry$$00000000  c_w.l(__rtentry.o)
    0x08000258   0x08000258   0x00000000   Code   RO         1343    .ARM.Collect$$rtentry$$00000002  c_w.l(__rtentry2.o)
    0x08000258   0x08000258   0x00000006   Code   RO         1355    .ARM.Collect$$rtentry$$00000004  c_w.l(__rtentry4.o)
    0x0800025e   0x0800025e   0x00000000   Code   RO         1345    .ARM.Collect$$rtentry$$00000009  c_w.l(__rtentry2.o)
    0x0800025e   0x0800025e   0x00000004   Code   RO         1346    .ARM.Collect$$rtentry$$0000000A  c_w.l(__rtentry2.o)
    0x08000262   0x08000262   0x00000000   Code   RO         1348    .ARM.Collect$$rtentry$$0000000C  c_w.l(__rtentry2.o)
    0x08000262   0x08000262   0x00000008   Code   RO         1349    .ARM.Collect$$rtentry$$0000000D  c_w.l(__rtentry2.o)
    0x0800026a   0x0800026a   0x00000002   Code   RO         1376    .ARM.Collect$$rtexit$$00000000  c_w.l(rtexit.o)
    0x0800026c   0x0800026c   0x00000000   Code   RO         1436    .ARM.Collect$$rtexit$$00000002  c_w.l(rtexit2.o)
    0x0800026c   0x0800026c   0x00000004   Code   RO         1437    .ARM.Collect$$rtexit$$00000003  c_w.l(rtexit2.o)
    0x08000270   0x08000270   0x00000006   Code   RO         1438    .ARM.Collect$$rtexit$$00000004  c_w.l(rtexit2.o)
    0x08000276   0x08000276   0x00000002   PAD
    0x08000278   0x08000278   0x00000040   Code   RO            4    .text               startup_stm32f427xx.o
    0x080002b8   0x080002b8   0x000000f0   Code   RO         1323    .text               c_w.l(lludivv7m.o)
    0x080003a8   0x080003a8   0x00000044   Code   RO         1327    .text               c_w.l(rt_memclr.o)
    0x080003ec   0x080003ec   0x0000004e   Code   RO         1329    .text               c_w.l(rt_memclr_w.o)
    0x0800043a   0x0800043a   0x00000006   Code   RO         1331    .text               c_w.l(heapauxi.o)
    0x08000440   0x08000440   0x0000004a   Code   RO         1359    .text               c_w.l(sys_stackheap_outer.o)
    0x0800048a   0x0800048a   0x00000012   Code   RO         1361    .text               c_w.l(exit.o)
    0x0800049c   0x0800049c   0x00000008   Code   RO         1373    .text               c_w.l(libspace.o)
    0x080004a4   0x080004a4   0x0000000c   Code   RO         1431    .text               c_w.l(sys_exit.o)
    0x080004b0   0x080004b0   0x00000002   Code   RO         1454    .text               c_w.l(use_no_semi.o)
    0x080004b2   0x080004b2   0x00000000   Code   RO         1456    .text               c_w.l(indicate_semi.o)
    0x080004b2   0x080004b2   0x00000002   PAD
    0x080004b4   0x080004b4   0x00000002   Code   RO           59    .text.BusFault_Handler  stm32f4xx_it.o
    0x080004b6   0x080004b6   0x00000002   PAD
    0x080004b8   0x080004b8   0x0000000c   Code   RO           69    .text.CAN1_RX0_IRQHandler  stm32f4xx_it.o
    0x080004c4   0x080004c4   0x0000005a   Code   RO          948    .text.CAN_Filter_Init  bsp_can.o
    0x0800051e   0x0800051e   0x00000002   PAD
    0x08000520   0x08000520   0x00000002   Code   RO           63    .text.DebugMon_Handler  stm32f4xx_it.o
    0x08000522   0x08000522   0x00000002   PAD
    0x08000524   0x08000524   0x00000006   Code   RO           67    .text.EXTI2_IRQHandler  stm32f4xx_it.o
    0x0800052a   0x0800052a   0x00000002   PAD
    0x0800052c   0x0800052c   0x00000006   Code   RO           15    .text.Error_Handler  main.o
    0x08000532   0x08000532   0x00000002   PAD
    0x08000534   0x08000534   0x0000003c   Code   RO         1293    .text.FreeRTOS_Start  robottask.o
    0x08000570   0x08000570   0x00000026   Code   RO          457    .text.HAL_CAN_ActivateNotification  stm32f4xx_hal_can.o
    0x08000596   0x08000596   0x00000002   PAD
    0x08000598   0x08000598   0x00000096   Code   RO          443    .text.HAL_CAN_AddTxMessage  stm32f4xx_hal_can.o
    0x0800062e   0x0800062e   0x00000002   PAD
    0x08000630   0x08000630   0x000000de   Code   RO          433    .text.HAL_CAN_ConfigFilter  stm32f4xx_hal_can.o
    0x0800070e   0x0800070e   0x00000002   PAD
    0x08000710   0x08000710   0x00000002   Code   RO          487    .text.HAL_CAN_ErrorCallback  stm32f4xx_hal_can.o
    0x08000712   0x08000712   0x00000002   PAD
    0x08000714   0x08000714   0x0000011a   Code   RO          453    .text.HAL_CAN_GetRxMessage  stm32f4xx_hal_can.o
    0x0800082e   0x0800082e   0x00000002   PAD
    0x08000830   0x08000830   0x00000242   Code   RO          461    .text.HAL_CAN_IRQHandler  stm32f4xx_hal_can.o
    0x08000a72   0x08000a72   0x00000002   PAD
    0x08000a74   0x08000a74   0x000000f4   Code   RO          423    .text.HAL_CAN_Init  stm32f4xx_hal_can.o
    0x08000b68   0x08000b68   0x00000078   Code   RO           40    .text.HAL_CAN_MspInit  can.o
    0x08000be0   0x08000be0   0x00000002   Code   RO          475    .text.HAL_CAN_RxFifo0FullCallback  stm32f4xx_hal_can.o
    0x08000be2   0x08000be2   0x00000002   PAD
    0x08000be4   0x08000be4   0x0000004c   Code   RO          932    .text.HAL_CAN_RxFifo0MsgPendingCallback  gm6020.o
    0x08000c30   0x08000c30   0x00000002   Code   RO          479    .text.HAL_CAN_RxFifo1FullCallback  stm32f4xx_hal_can.o
    0x08000c32   0x08000c32   0x00000002   PAD
    0x08000c34   0x08000c34   0x00000002   Code   RO          481    .text.HAL_CAN_RxFifo1MsgPendingCallback  stm32f4xx_hal_can.o
    0x08000c36   0x08000c36   0x00000002   PAD
    0x08000c38   0x08000c38   0x00000002   Code   RO          483    .text.HAL_CAN_SleepCallback  stm32f4xx_hal_can.o
    0x08000c3a   0x08000c3a   0x00000002   PAD
    0x08000c3c   0x08000c3c   0x0000005a   Code   RO          435    .text.HAL_CAN_Start  stm32f4xx_hal_can.o
    0x08000c96   0x08000c96   0x00000002   PAD
    0x08000c98   0x08000c98   0x00000002   Code   RO          465    .text.HAL_CAN_TxMailbox0AbortCallback  stm32f4xx_hal_can.o
    0x08000c9a   0x08000c9a   0x00000002   PAD
    0x08000c9c   0x08000c9c   0x00000002   Code   RO          463    .text.HAL_CAN_TxMailbox0CompleteCallback  stm32f4xx_hal_can.o
    0x08000c9e   0x08000c9e   0x00000002   PAD
    0x08000ca0   0x08000ca0   0x00000002   Code   RO          469    .text.HAL_CAN_TxMailbox1AbortCallback  stm32f4xx_hal_can.o
    0x08000ca2   0x08000ca2   0x00000002   PAD
    0x08000ca4   0x08000ca4   0x00000002   Code   RO          467    .text.HAL_CAN_TxMailbox1CompleteCallback  stm32f4xx_hal_can.o
    0x08000ca6   0x08000ca6   0x00000002   PAD
    0x08000ca8   0x08000ca8   0x00000002   Code   RO          473    .text.HAL_CAN_TxMailbox2AbortCallback  stm32f4xx_hal_can.o
    0x08000caa   0x08000caa   0x00000002   PAD
    0x08000cac   0x08000cac   0x00000002   Code   RO          471    .text.HAL_CAN_TxMailbox2CompleteCallback  stm32f4xx_hal_can.o
    0x08000cae   0x08000cae   0x00000002   PAD
    0x08000cb0   0x08000cb0   0x00000002   Code   RO          485    .text.HAL_CAN_WakeUpFromRxMsgCallback  stm32f4xx_hal_can.o
    0x08000cb2   0x08000cb2   0x00000002   PAD
    0x08000cb4   0x08000cb4   0x00000094   Code   RO         1311    .text.HAL_GPIO_EXTI_Callback  key.o
    0x08000d48   0x08000d48   0x00000016   Code   RO          639    .text.HAL_GPIO_EXTI_IRQHandler  stm32f4xx_hal_gpio.o
    0x08000d5e   0x08000d5e   0x00000002   PAD
    0x08000d60   0x08000d60   0x0000019e   Code   RO          627    .text.HAL_GPIO_Init  stm32f4xx_hal_gpio.o
    0x08000efe   0x08000efe   0x00000002   PAD
    0x08000f00   0x08000f00   0x0000000a   Code   RO          633    .text.HAL_GPIO_WritePin  stm32f4xx_hal_gpio.o
    0x08000f0a   0x08000f0a   0x00000002   PAD
    0x08000f0c   0x08000f0c   0x0000000c   Code   RO          830    .text.HAL_GetTick   stm32f4xx_hal.o
    0x08000f18   0x08000f18   0x0000001a   Code   RO          828    .text.HAL_IncTick   stm32f4xx_hal.o
    0x08000f32   0x08000f32   0x00000002   PAD
    0x08000f34   0x08000f34   0x00000036   Code   RO          818    .text.HAL_Init      stm32f4xx_hal.o
    0x08000f6a   0x08000f6a   0x00000002   PAD
    0x08000f6c   0x08000f6c   0x000000a8   Code   RO           89    .text.HAL_InitTick  stm32f4xx_hal_timebase_tim.o
    0x08001014   0x08001014   0x00000042   Code   RO           80    .text.HAL_MspInit   stm32f4xx_hal_msp.o
    0x08001056   0x08001056   0x00000002   PAD
    0x08001058   0x08001058   0x00000022   Code   RO          770    .text.HAL_NVIC_EnableIRQ  stm32f4xx_hal_cortex.o
    0x0800107a   0x0800107a   0x00000002   PAD
    0x0800107c   0x0800107c   0x00000056   Code   RO          768    .text.HAL_NVIC_SetPriority  stm32f4xx_hal_cortex.o
    0x080010d2   0x080010d2   0x00000002   PAD
    0x080010d4   0x080010d4   0x00000020   Code   RO          766    .text.HAL_NVIC_SetPriorityGrouping  stm32f4xx_hal_cortex.o
    0x080010f4   0x080010f4   0x0000007a   Code   RO          752    .text.HAL_PWREx_EnableOverDrive  stm32f4xx_hal_pwr_ex.o
    0x0800116e   0x0800116e   0x00000002   PAD
    0x08001170   0x08001170   0x00000160   Code   RO          507    .text.HAL_RCC_ClockConfig  stm32f4xx_hal_rcc.o
    0x080012d0   0x080012d0   0x0000003e   Code   RO          525    .text.HAL_RCC_GetClockConfig  stm32f4xx_hal_rcc.o
    0x0800130e   0x0800130e   0x00000002   PAD
    0x08001310   0x08001310   0x00000026   Code   RO          521    .text.HAL_RCC_GetPCLK2Freq  stm32f4xx_hal_rcc.o
    0x08001336   0x08001336   0x00000002   PAD
    0x08001338   0x08001338   0x00000068   Code   RO          509    .text.HAL_RCC_GetSysClockFreq  stm32f4xx_hal_rcc.o
    0x080013a0   0x080013a0   0x00000374   Code   RO          505    .text.HAL_RCC_OscConfig  stm32f4xx_hal_rcc.o
    0x08001714   0x08001714   0x00000002   Code   RO          409    .text.HAL_TIMEx_BreakCallback  stm32f4xx_hal_tim_ex.o
    0x08001716   0x08001716   0x00000002   PAD
    0x08001718   0x08001718   0x00000002   Code   RO          405    .text.HAL_TIMEx_CommutCallback  stm32f4xx_hal_tim_ex.o
    0x0800171a   0x0800171a   0x00000002   PAD
    0x0800171c   0x0800171c   0x0000005a   Code   RO          104    .text.HAL_TIM_Base_Init  stm32f4xx_hal_tim.o
    0x08001776   0x08001776   0x00000002   PAD
    0x08001778   0x08001778   0x00000002   Code   RO          106    .text.HAL_TIM_Base_MspInit  stm32f4xx_hal_tim.o
    0x0800177a   0x0800177a   0x00000002   PAD
    0x0800177c   0x0800177c   0x000000a8   Code   RO          118    .text.HAL_TIM_Base_Start_IT  stm32f4xx_hal_tim.o
    0x08001824   0x08001824   0x00000002   Code   RO          240    .text.HAL_TIM_IC_CaptureCallback  stm32f4xx_hal_tim.o
    0x08001826   0x08001826   0x00000002   PAD
    0x08001828   0x08001828   0x0000014a   Code   RO          238    .text.HAL_TIM_IRQHandler  stm32f4xx_hal_tim.o
    0x08001972   0x08001972   0x00000002   PAD
    0x08001974   0x08001974   0x00000002   Code   RO          242    .text.HAL_TIM_OC_DelayElapsedCallback  stm32f4xx_hal_tim.o
    0x08001976   0x08001976   0x00000002   PAD
    0x08001978   0x08001978   0x00000002   Code   RO          244    .text.HAL_TIM_PWM_PulseFinishedCallback  stm32f4xx_hal_tim.o
    0x0800197a   0x0800197a   0x00000002   PAD
    0x0800197c   0x0800197c   0x00000014   Code   RO           17    .text.HAL_TIM_PeriodElapsedCallback  main.o
    0x08001990   0x08001990   0x00000002   Code   RO          248    .text.HAL_TIM_TriggerCallback  stm32f4xx_hal_tim.o
    0x08001992   0x08001992   0x00000002   PAD
    0x08001994   0x08001994   0x00000002   Code   RO           55    .text.HardFault_Handler  stm32f4xx_it.o
    0x08001996   0x08001996   0x00000002   PAD
    0x08001998   0x08001998   0x0000003a   Code   RO           38    .text.MX_CAN1_Init  can.o
    0x080019d2   0x080019d2   0x00000002   PAD
    0x080019d4   0x080019d4   0x000000cc   Code   RO           28    .text.MX_GPIO_Init  gpio.o
    0x08001aa0   0x08001aa0   0x00000002   Code   RO           57    .text.MemManage_Handler  stm32f4xx_it.o
    0x08001aa2   0x08001aa2   0x00000002   PAD
    0x08001aa4   0x08001aa4   0x00000002   Code   RO           53    .text.NMI_Handler   stm32f4xx_it.o
    0x08001aa6   0x08001aa6   0x00000002   PAD
    0x08001aa8   0x08001aa8   0x00000168   Code   RO          959    .text.PID_Calculate  pid.o
    0x08001c10   0x08001c10   0x00000064   Code   RO         1280    .text.PendSV_Handler  port.o
    0x08001c74   0x08001c74   0x0000000c   PAD
    0x08001c80   0x08001c80   0x00000024   Code   RO         1264    .text.SVC_Handler   port.o
    0x08001ca4   0x08001ca4   0x00000014   Code   RO           65    .text.SysTick_Handler  stm32f4xx_it.o
    0x08001cb8   0x08001cb8   0x000000b6   Code   RO           13    .text.SystemClock_Config  main.o
    0x08001d6e   0x08001d6e   0x00000002   PAD
    0x08001d70   0x08001d70   0x00000012   Code   RO          913    .text.SystemInit    system_stm32f4xx.o
    0x08001d82   0x08001d82   0x00000002   PAD
    0x08001d84   0x08001d84   0x0000000c   Code   RO           71    .text.TIM8_UP_TIM13_IRQHandler  stm32f4xx_it.o
    0x08001d90   0x08001d90   0x0000012c   Code   RO          108    .text.TIM_Base_SetConfig  stm32f4xx_hal_tim.o
    0x08001ebc   0x08001ebc   0x00000002   Code   RO           61    .text.UsageFault_Handler  stm32f4xx_it.o
    0x08001ebe   0x08001ebe   0x00000002   PAD
    0x08001ec0   0x08001ec0   0x00000066   Code   RO         1297    .text.gimbal_speed_task  robottask.o
    0x08001f26   0x08001f26   0x00000002   PAD
    0x08001f28   0x08001f28   0x00000058   Code   RO          930    .text.gm6020_set_current  gm6020.o
    0x08001f80   0x08001f80   0x0000001a   Code   RO           11    .text.main          main.o
    0x08001f9a   0x08001f9a   0x00000002   PAD
    0x08001f9c   0x08001f9c   0x00000076   Code   RO         1195    .text.prvIdleTask   tasks.o
    0x08002012   0x08002012   0x00000002   PAD
    0x08002014   0x08002014   0x00000028   Code   RO         1272    .text.prvPortStartFirstTask  port.o
    0x0800203c   0x0800203c   0x0000002e   Code   RO         1262    .text.prvTaskExitError  port.o
    0x0800206a   0x0800206a   0x00000002   PAD
    0x0800206c   0x0800206c   0x00000172   Code   RO         1229    .text.pvPortMalloc  heap_4.o
    0x080021de   0x080021de   0x00000002   PAD
    0x080021e0   0x080021e0   0x00000024   Code   RO         1260    .text.pxPortInitialiseStack  port.o
    0x08002204   0x08002204   0x0000004c   Code   RO         1295    .text.startTask     robottask.o
    0x08002250   0x08002250   0x00000022   Code   RO         1011    .text.uxListRemove  list.o
    0x08002272   0x08002272   0x00000002   PAD
    0x08002274   0x08002274   0x00000016   Code   RO         1003    .text.vListInitialise  list.o
    0x0800228a   0x0800228a   0x00000002   PAD
    0x0800228c   0x0800228c   0x00000006   Code   RO         1005    .text.vListInitialiseItem  list.o
    0x08002292   0x08002292   0x00000002   PAD
    0x08002294   0x08002294   0x00000060   Code   RO         1009    .text.vListInsert   list.o
    0x080022f4   0x080022f4   0x0000001a   Code   RO         1007    .text.vListInsertEnd  list.o
    0x0800230e   0x0800230e   0x00000002   PAD
    0x08002310   0x08002310   0x00000014   Code   RO         1270    .text.vPortEnableVFP  port.o
    0x08002324   0x08002324   0x00000020   Code   RO         1276    .text.vPortEnterCritical  port.o
    0x08002344   0x08002344   0x0000001a   Code   RO         1278    .text.vPortExitCritical  port.o
    0x0800235e   0x0800235e   0x00000002   PAD
    0x08002360   0x08002360   0x000000b0   Code   RO         1231    .text.vPortFree     heap_4.o
    0x08002410   0x08002410   0x0000001e   Code   RO         1268    .text.vPortSetupTimerInterrupt  port.o
    0x0800242e   0x0800242e   0x00000002   PAD
    0x08002430   0x08002430   0x000000b6   Code   RO         1123    .text.vTaskDelay    tasks.o
    0x080024e6   0x080024e6   0x00000002   PAD
    0x080024e8   0x080024e8   0x00000104   Code   RO         1113    .text.vTaskDelete   tasks.o
    0x080025ec   0x080025ec   0x0000007c   Code   RO         1139    .text.vTaskStartScheduler  tasks.o
    0x08002668   0x08002668   0x00000010   Code   RO         1117    .text.vTaskSuspendAll  tasks.o
    0x08002678   0x08002678   0x0000006e   Code   RO         1133    .text.vTaskSwitchContext  tasks.o
    0x080026e6   0x080026e6   0x00000002   PAD
    0x080026e8   0x080026e8   0x00000070   Code   RO         1266    .text.xPortStartScheduler  port.o
    0x08002758   0x08002758   0x0000002e   Code   RO         1282    .text.xPortSysTickHandler  port.o
    0x08002786   0x08002786   0x00000002   PAD
    0x08002788   0x08002788   0x00000364   Code   RO         1111    .text.xTaskCreate   tasks.o
    0x08002aec   0x08002aec   0x00000026   Code   RO         1175    .text.xTaskGetSchedulerState  tasks.o
    0x08002b12   0x08002b12   0x00000002   PAD
    0x08002b14   0x08002b14   0x00000192   Code   RO         1143    .text.xTaskIncrementTick  tasks.o
    0x08002ca6   0x08002ca6   0x00000002   PAD
    0x08002ca8   0x08002ca8   0x0000016c   Code   RO         1121    .text.xTaskResumeAll  tasks.o
    0x08002e14   0x08002e14   0x0000001a   Code   RO         1448    x$fpl$fpinit        fz_wm.l(fpinit.o)
    0x08002e2e   0x08002e2e   0x00000010   Data   RO          918    .rodata.AHBPrescTable  system_stm32f4xx.o
    0x08002e3e   0x08002e3e   0x00000008   Data   RO          919    .rodata.APBPrescTable  system_stm32f4xx.o
    0x08002e46   0x08002e46   0x00000002   PAD
    0x08002e48   0x08002e48   0x00000004   Data   RO         1212    .rodata.uxTopUsedPriority  tasks.o
    0x08002e4c   0x08002e4c   0x00000020   Data   RO         1509    Region$$Table       anon$$obj.o


    Execution Region RW_IRAM2 (Exec base: 0x10000000, Load base: 0x08002ec0, Size: 0x00000000, Max: 0x00010000, ABSOLUTE)

    **** No section assigned to this execution region ****


    Execution Region RW_IRAM1 (Exec base: 0x20000000, Load base: 0x08002e70, Size: 0x00004ea8, Max: 0x00030000, ABSOLUTE)

    Exec Addr    Load Addr    Size         Type   Attr      Idx    E Section Name        Object

    0x20000000   0x08002e70   0x00000004   Data   RW          917    .data.SystemCoreClock  system_stm32f4xx.o
    0x20000004   0x08002e74   0x00000040   Data   RW          935    .data.gm6020_speed_pid  gm6020.o
    0x20000044   0x08002eb4   0x00000001   Data   RW          877    .data.uwTickFreq    stm32f4xx_hal.o
    0x20000045   0x08002eb5   0x00000003   PAD
    0x20000048   0x08002eb8   0x00000004   Data   RW          876    .data.uwTickPrio    stm32f4xx_hal.o
    0x2000004c   0x08002ebc   0x00000004   Data   RW         1284    .data.uxCriticalNesting  port.o
    0x20000050        -       0x00000060   Zero   RW         1374    .bss                c_w.l(libspace.o)
    0x200000b0        -       0x00000001   Zero   RW         1313    .bss.OS_State       key.o
    0x200000b1   0x08002ec0   0x00000003   PAD
    0x200000b4        -       0x00000004   Zero   RW          967    .bss.PID_Calculate.last_derivative  pid.o
    0x200000b8        -       0x00000004   Zero   RW         1300    .bss.current_set    robottask.o
    0x200000bc        -       0x00000004   Zero   RW         1302    .bss.gimbalTaskHandle  robottask.o
    0x200000c0        -       0x00000008   Zero   RW          939    .bss.gm6020_behavior  gm6020.o
    0x200000c8        -       0x00000008   Zero   RW          938    .bss.gm6020_data    gm6020.o
    0x200000d0        -       0x00000028   Zero   RW           44    .bss.hcan1          can.o
    0x200000f8        -       0x00000048   Zero   RW           95    .bss.htim8          stm32f4xx_hal_timebase_tim.o
    0x20000140        -       0x00000002   Zero   RW         1314    .bss.last_speed     key.o
    0x20000142   0x08002ec0   0x00000002   PAD
    0x20000144        -       0x00000004   Zero   RW         1197    .bss.pxCurrentTCB   tasks.o
    0x20000148        -       0x00000004   Zero   RW         1214    .bss.pxDelayedTaskList  tasks.o
    0x2000014c        -       0x00000004   Zero   RW         1245    .bss.pxEnd          heap_4.o
    0x20000150        -       0x00000004   Zero   RW         1215    .bss.pxOverflowDelayedTaskList  tasks.o
    0x20000154        -       0x00000280   Zero   RW         1198    .bss.pxReadyTasksLists  tasks.o
    0x200003d4        -       0x00000004   Zero   RW         1301    .bss.startTaskHandle  robottask.o
    0x200003d8        -       0x00000008   Zero   RW          937    .bss.tx_data        gm6020.o
    0x200003e0        -       0x00000018   Zero   RW          936    .bss.tx_header      gm6020.o
    0x200003f8        -       0x00004400   Zero   RW         1251    .bss.ucHeap         heap_4.o
    0x200047f8        -       0x00000004   Zero   RW          878    .bss.uwTick         stm32f4xx_hal.o
    0x200047fc        -       0x00000004   Zero   RW         1204    .bss.uxCurrentNumberOfTasks  tasks.o
    0x20004800        -       0x00000004   Zero   RW         1203    .bss.uxDeletedTasksWaitingCleanUp  tasks.o
    0x20004804        -       0x00000004   Zero   RW         1207    .bss.uxSchedulerSuspended  tasks.o
    0x20004808        -       0x00000004   Zero   RW         1200    .bss.uxTaskNumber   tasks.o
    0x2000480c        -       0x00000004   Zero   RW         1199    .bss.uxTopReadyPriority  tasks.o
    0x20004810        -       0x00000014   Zero   RW         1217    .bss.xDelayedTaskList1  tasks.o
    0x20004824        -       0x00000014   Zero   RW         1218    .bss.xDelayedTaskList2  tasks.o
    0x20004838        -       0x00000004   Zero   RW         1246    .bss.xFreeBytesRemaining  heap_4.o
    0x2000483c        -       0x00000004   Zero   RW         1211    .bss.xIdleTaskHandles  tasks.o
    0x20004840        -       0x00000004   Zero   RW         1248    .bss.xMinimumEverFreeBytesRemaining  heap_4.o
    0x20004844        -       0x00000004   Zero   RW         1210    .bss.xNextTaskUnblockTime  tasks.o
    0x20004848        -       0x00000004   Zero   RW         1216    .bss.xNumOfOverflows  tasks.o
    0x2000484c        -       0x00000004   Zero   RW         1249    .bss.xNumberOfSuccessfulAllocations  heap_4.o
    0x20004850        -       0x00000004   Zero   RW         1250    .bss.xNumberOfSuccessfulFrees  heap_4.o
    0x20004854        -       0x00000004   Zero   RW         1213    .bss.xPendedTicks   tasks.o
    0x20004858        -       0x00000014   Zero   RW         1209    .bss.xPendingReadyList  tasks.o
    0x2000486c        -       0x00000004   Zero   RW         1201    .bss.xSchedulerRunning  tasks.o
    0x20004870        -       0x00000008   Zero   RW         1247    .bss.xStart         heap_4.o
    0x20004878        -       0x00000014   Zero   RW         1206    .bss.xSuspendedTaskList  tasks.o
    0x2000488c        -       0x00000014   Zero   RW         1202    .bss.xTasksWaitingTermination  tasks.o
    0x200048a0        -       0x00000004   Zero   RW         1205    .bss.xTickCount     tasks.o
    0x200048a4        -       0x00000004   Zero   RW         1208    .bss.xYieldPendings  tasks.o
    0x200048a8        -       0x00000200   Zero   RW            2    HEAP                startup_stm32f427xx.o
    0x20004aa8        -       0x00000400   Zero   RW            1    STACK               startup_stm32f427xx.o


==============================================================================

Image component sizes


      Code (inc. data)   RO Data    RW Data    ZI Data      Debug   Object Name

        90          0          0          0          0       1501   bsp_can.o
       178          0          0          0         40       6534   can.o
       164          0          0         64         48       4634   gm6020.o
       204          0          0          0          0       4399   gpio.o
       546          0          0          0      17436       5313   heap_4.o
       148          0          0          0          3       1429   key.o
       184          0          0          0          0       2197   list.o
       234          0          0          0          0       6357   main.o
       360          8          0          0          4       2213   pid.o
       524         16          0          4          0       2844   port.o
       238         28          0          0         12       1782   robottask.o
        64         26        428          0       1536        832   startup_stm32f427xx.o
        92          0          0          5          4       7645   stm32f4xx_hal.o
      1628          6          0          0          0      13630   stm32f4xx_hal_can.o
       152          0          0          0          0      10863   stm32f4xx_hal_cortex.o
       446          0          0          0          0       5356   stm32f4xx_hal_gpio.o
        66          0          0          0          0       3685   stm32f4xx_hal_msp.o
       122          0          0          0          0       4577   stm32f4xx_hal_pwr_ex.o
      1440          0          0          0          0       7399   stm32f4xx_hal_rcc.o
       898          0          0          0          0      55189   stm32f4xx_hal_tim.o
         4          0          0          0          0      20859   stm32f4xx_hal_tim_ex.o
       168          0          0          0         72       7305   stm32f4xx_hal_timebase_tim.o
        62          0          0          0          0       6298   stm32f4xx_it.o
        18          0         24          4          0       2612   system_stm32f4xx.o
      2482          0          4          0        800      26872   tasks.o

    ----------------------------------------------------------------------
     10656         96        490         80      19960     212325   Object Totals
         0          0         32          0          0          0   (incl. Generated)
       144         12          2          3          5          0   (incl. Padding)

    ----------------------------------------------------------------------

      Code (inc. data)   RO Data    RW Data    ZI Data      Debug   Library Member Name

         8          0          0          0          0         68   __main.o
         0          0          0          0          0          0   __rtentry.o
        12          0          0          0          0          0   __rtentry2.o
         6          0          0          0          0          0   __rtentry4.o
        94          8          0          0          0          0   __scatter.o
        26          0          0          0          0          0   __scatter_copy.o
        28          0          0          0          0          0   __scatter_zi.o
        18          0          0          0          0         80   exit.o
         6          0          0          0          0        152   heapauxi.o
         0          0          0          0          0          0   indicate_semi.o
         2          0          0          0          0          0   libinit.o
         6          0          0          0          0          0   libinit2.o
         2          0          0          0          0          0   libshutdown.o
         2          0          0          0          0          0   libshutdown2.o
         8          4          0          0         96         68   libspace.o
       240          0          0          0          0        100   lludivv7m.o
        68          0          0          0          0         68   rt_memclr.o
        78          0          0          0          0         80   rt_memclr_w.o
         2          0          0          0          0          0   rtexit.o
        10          0          0          0          0          0   rtexit2.o
        12          4          0          0          0         68   sys_exit.o
        74          0          0          0          0         80   sys_stackheap_outer.o
         2          0          0          0          0         68   use_no_semi.o
        26          0          0          0          0        116   fpinit.o

    ----------------------------------------------------------------------
       738         16          0          0         96        948   Library Totals
         8          0          0          0          0          0   (incl. Padding)

    ----------------------------------------------------------------------

      Code (inc. data)   RO Data    RW Data    ZI Data      Debug   Library Name

       704         16          0          0         96        832   c_w.l
        26          0          0          0          0        116   fz_wm.l

    ----------------------------------------------------------------------
       738         16          0          0         96        948   Library Totals

    ----------------------------------------------------------------------

==============================================================================


      Code (inc. data)   RO Data    RW Data    ZI Data      Debug   

     11394        112        490         80      20056     212569   Grand Totals
     11394        112        490         80      20056     212569   ELF Image Totals
     11394        112        490         80          0          0   ROM Totals

==============================================================================

    Total RO  Size (Code + RO Data)                11884 (  11.61kB)
    Total RW  Size (RW Data + ZI Data)             20136 (  19.66kB)
    Total ROM Size (Code + RO Data + RW Data)      11964 (  11.68kB)

==============================================================================

